../Core/Src/app.c:247:20:App_StateName	0	static
../Core/Src/app.c:371:16:emoji_bucket	16	static
../Core/Src/app.c:1392:13:ESP_ResetPulse	16	static
../Core/Src/app.c:1376:13:EPD_PowerOff	8	static
../Core/Src/app.c:264:24:sod_now	8	static
../Core/Src/app.c:1334:13:VOC_LPTIM_Stop	8	static
../Core/Src/app.c:265:24:sod_diff	0	static
../Core/Src/app.c:108:13:LOG_Hex.constprop	8	static
../Core/Src/app.c:1361:13:EPD_PowerOn	8	static
../Core/Src/app.c:172:6:AppConfig_SetDefaults	12	static
../Core/Src/app.c:193:6:App_Config_SaveToEeprom	16	static
../Core/Src/app.c:436:6:App_WakeUpIRQ	0	static
../Core/Src/app.c:440:6:App_UserButtonIRQ_15s	0	static
../Core/Src/app.c:441:6:App_UserButtonIRQ_5s	0	static
../Core/Src/app.c:442:6:App_VOC_TickIRQ	0	static
../Core/Src/app.c:444:6:EPD_OnFatalError	16	static
../Core/Src/app.c:466:6:App_Init	56	static
../Core/Src/app.c:607:6:App_Run	80	static
../Core/Src/app.c:1492:6:HAL_LPTIM_AutoReloadMatchCallback	24	static
../Core/Src/app.c:1518:6:HAL_UART_RxCpltCallback	8	static
../Core/Src/app.c:1527:6:HAL_RTCEx_WakeUpTimerEventCallback	0	static
../Core/Src/app.c:1535:6:HAL_GPIO_EXTI_Rising_Callback	8	static
../Core/Src/app.c:1552:6:HAL_GPIO_EXTI_Falling_Callback	8	static
