../Core/Src/conf_console.c:58:20:touch	8	static
../Core/Src/conf_console.c:62:12:keyeq	8	static
../Core/Src/conf_console.c:53:13:tx	16	static
../Core/Src/conf_console.c:72:12:parse_u32	24	static
../Core/Src/conf_console.c:80:12:parse_u8	16	static
../Core/Src/conf_console.c:77:12:parse_u16	16	static
../Core/Src/conf_console.c:44:6:HAL_UART_ErrorCallback	8	static
../Core/Src/conf_console.c:113:6:ConfConsole_Init	0	static
../Core/Src/conf_console.c:120:6:ConfConsole_Start	8	static
../Core/Src/conf_console.c:125:6:ConfConsole_Stop	0	static
../Core/Src/conf_console.c:126:10:ConfConsole_IsActive	0	static
../Core/Src/conf_console.c:127:10:ConfConsole_LastActivityS	0	static
../Core/Src/conf_console.c:129:6:ConfConsole_PrintBanner	8	static
../Core/Src/conf_console.c:133:6:ConfConsole_PrintCfg	888	static
../Core/Src/conf_console.c:642:6:ConfConsole_Poll	584	static,ignoring_inline_asm
../Core/Src/conf_console.c:655:6:ConfConsole_OnRxCplt	32	static
../Core/Src/conf_console.c:678:9:ConfConsole_ShouldExit	8	static
