../Core/Src/conf_console.c:86:20:touch	8	static
../Core/Src/conf_console.c:93:12:keyeq	8	static
../Core/Src/conf_console.c:76:13:tx	16	static
../Core/Src/conf_console.c:107:12:parse_u32	24	static
../Core/Src/conf_console.c:125:12:parse_u8	16	static
../Core/Src/conf_console.c:117:12:parse_u16	16	static
../Core/Src/conf_console.c:64:6:HAL_UART_ErrorCallback	8	static
../Core/Src/conf_console.c:182:6:ConfConsole_Init	0	static
../Core/Src/conf_console.c:195:6:ConfConsole_Start	8	static
../Core/Src/conf_console.c:205:6:ConfConsole_Stop	0	static
../Core/Src/conf_console.c:210:10:ConfConsole_IsActive	0	static
../Core/Src/conf_console.c:215:10:ConfConsole_LastActivityS	0	static
../Core/Src/conf_console.c:220:6:ConfConsole_PrintBanner	8	static
../Core/Src/conf_console.c:232:6:ConfConsole_PrintCfg	888	static
../Core/Src/conf_console.c:764:6:ConfConsole_Poll	584	static,ignoring_inline_asm
../Core/Src/conf_console.c:783:6:ConfConsole_OnRxCplt	32	static
../Core/Src/conf_console.c:811:9:ConfConsole_ShouldExit	8	static
