../Core/Src/esp32c6.c:43:6:ESP_Init	56	static
../Core/Src/esp32c6.c:78:9:EspC6_SendCommand	248	static
../Core/Src/esp32c6.c:196:9:EspC6_Ping	8	static
../Core/Src/esp32c6.c:201:9:EspC6_Status	16	static
../Core/Src/esp32c6.c:213:9:EspC6_Version	8	static
../Core/Src/esp32c6.c:219:9:EspC6_QR	24	static
../Core/Src/esp32c6.c:244:9:EspC6_Fabrics	8	static
../Core/Src/esp32c6.c:250:9:EspC6_CommStart	8	static
../Core/Src/esp32c6.c:255:9:EspC6_CommStop	8	static
../Core/Src/esp32c6.c:260:9:EspC6_FactoryReset	8	static
../Core/Src/esp32c6.c:267:9:EspC6_DataHex	72	static
../Core/Src/esp32c6.c:284:9:EspC6_DataKV	80	static
../Core/Src/esp32c6.c:292:9:EspC6_DataBat	120	static
