../Core/Src/esp32c6.c:68:6:ESP_Init	56	static
../Core/Src/esp32c6.c:118:9:EspC6_SendCommand	248	static
../Core/Src/esp32c6.c:240:9:EspC6_Ping	8	static
../Core/Src/esp32c6.c:252:9:EspC6_Status	16	static
../Core/Src/esp32c6.c:268:9:EspC6_Version	8	static
../Core/Src/esp32c6.c:282:9:EspC6_QR	24	static
../Core/Src/esp32c6.c:309:9:EspC6_Fabrics	8	static
../Core/Src/esp32c6.c:319:9:EspC6_CommStart	8	static
../Core/Src/esp32c6.c:327:9:EspC6_CommStop	8	static
../Core/Src/esp32c6.c:335:9:EspC6_FactoryReset	8	static
../Core/Src/esp32c6.c:351:9:EspC6_DataHex	72	static
../Core/Src/esp32c6.c:379:9:EspC6_DataKV	80	static
../Core/Src/esp32c6.c:399:9:EspC6_DataBat	120	static
