../Core/Src/GUI.c:31:20:EnsurePartialBase	8	static
../Core/Src/GUI.c:66:13:DrawTrendArrow.constprop	40	static
../Core/Src/GUI.c:44:21:TextWidth.isra	8	static
../Core/Src/GUI.c:50:13:DrawRightAligned.constprop	32	static
../Core/Src/GUI.c:600:6:GUI_ConfShowStatus.part.0	32	static
../Core/Src/GUI.c:41:6:GUI_OnEPDResumed	0	static
../Core/Src/GUI.c:94:6:GUI_Init	24	static
../Core/Src/GUI.c:127:6:GUI_Display	168	static
../Core/Src/GUI.c:401:6:GUI_UpdateState	32	static
../Core/Src/GUI.c:438:6:GUI_UpdateVOCIndex	96	static
../Core/Src/GUI.c:500:6:GUI_DrawCalibrationProgressFromStruct	88	static
../Core/Src/GUI.c:535:6:EPDClear	8	static
../Core/Src/GUI.c:544:6:GUI_DrawLoraIcon	16	static
../Core/Src/GUI.c:558:6:GUI_DrawConfIcon	24	static
../Core/Src/GUI.c:588:6:GUI_ConfClearStatus	16	static
../Core/Src/GUI.c:600:6:GUI_ConfShowStatus	8	static
../Core/Src/GUI.c:625:6:GUI_ConfShowSetResult	96	static
../Core/Src/GUI.c:687:9:GUI_DrawQR_TextFull	7912	static
