../Core/Src/GUI.c:49:20:EnsurePartialBase	8	static
../Core/Src/GUI.c:86:13:DrawTrendArrow.constprop	40	static
../Core/Src/GUI.c:62:21:TextWidth.isra	8	static
../Core/Src/GUI.c:68:13:DrawRightAligned.constprop	32	static
../Core/Src/GUI.c:41:9:GUI_IsCanvasReady	0	static
../Core/Src/GUI.c:59:6:GUI_OnEPDResumed	0	static
../Core/Src/GUI.c:117:6:GUI_Init	24	static
../Core/Src/GUI.c:156:6:GUI_Display	168	static
../Core/Src/GUI.c:445:6:GUI_UpdateState	32	static
../Core/Src/GUI.c:491:6:GUI_UpdateVOCIndex	96	static
../Core/Src/GUI.c:561:6:GUI_DrawCalibrationProgressFromStruct	88	static
../Core/Src/GUI.c:601:6:EPDClear	8	static
../Core/Src/GUI.c:611:6:GUI_DrawConfIcon	24	static
../Core/Src/GUI.c:644:6:GUI_ConfClearStatus	16	static
../Core/Src/GUI.c:663:6:GUI_ConfShowStatus	32	static
../Core/Src/GUI.c:692:6:GUI_ConfShowSetResult	96	static
../Core/Src/GUI.c:761:9:GUI_DrawQR_TextFull	72	static
