../Core/Src/GUI_Paint.c:92:6:Paint_NewImage	20	static
../Core/Src/GUI_Paint.c:124:6:Paint_SelectImage	0	static
../Core/Src/GUI_Paint.c:134:6:Paint_SetRotate	8	static
../Core/Src/GUI_Paint.c:144:6:Paint_SetScale	8	static
../Core/Src/GUI_Paint.c:165:6:Paint_SetMirroring	8	static
../Core/Src/GUI_Paint.c:184:6:Paint_SetPixel	56	static
../Core/Src/GUI_Paint.c:273:6:Paint_Clear	12	static
../Core/Src/GUI_Paint.c:308:6:Paint_ClearWindows	32	static
../Core/Src/GUI_Paint.c:327:6:Paint_DrawPoint	48	static
../Core/Src/GUI_Paint.c:367:6:Paint_DrawLine	80	static
../Core/Src/GUI_Paint.c:425:6:Paint_DrawRectangle	56	static
../Core/Src/GUI_Paint.c:458:6:Paint_DrawCircle	80	static
../Core/Src/GUI_Paint.c:527:6:Paint_DrawChar	48	static
../Core/Src/GUI_Paint.c:576:6:Paint_DrawString_EN	48	static
../Core/Src/GUI_Paint.c:626:6:Paint_DrawString_CN	48	static
../Core/Src/GUI_Paint.c:722:6:Paint_DrawNum	560	static
../Core/Src/GUI_Paint.c:765:6:Paint_DrawNumDecimals	576	static
../Core/Src/GUI_Paint.c:824:6:Paint_DrawTime	72	static
../Core/Src/GUI_Paint.c:850:6:Paint_DrawBitMap	16	static
../Core/Src/GUI_Paint.c:875:6:Paint_DrawBitMap_Paste	56	static
../Core/Src/GUI_Paint.c:975:6:Paint_DrawBitMap_Block	20	static
