../Core/Src/GUI_Paint.c:92:6:Paint_NewImage	20	static
../Core/Src/GUI_Paint.c:124:6:Paint_SelectImage	0	static
../Core/Src/GUI_Paint.c:134:6:Paint_SetRotate	8	static
../Core/Src/GUI_Paint.c:144:6:Paint_SetScale	8	static
../Core/Src/GUI_Paint.c:165:6:Paint_SetMirroring	8	static
../Core/Src/GUI_Paint.c:184:6:Paint_SetPixel	16	static
../Core/Src/GUI_Paint.c:263:6:Paint_Clear	12	static
../Core/Src/GUI_Paint.c:298:6:Paint_ClearWindows	32	static
../Core/Src/GUI_Paint.c:317:6:Paint_DrawPoint	48	static
../Core/Src/GUI_Paint.c:357:6:Paint_DrawLine	80	static
../Core/Src/GUI_Paint.c:415:6:Paint_DrawRectangle	56	static
../Core/Src/GUI_Paint.c:448:6:Paint_DrawCircle	80	static
../Core/Src/GUI_Paint.c:517:6:Paint_DrawChar	48	static
../Core/Src/GUI_Paint.c:566:6:Paint_DrawString_EN	48	static
../Core/Src/GUI_Paint.c:611:6:Paint_DrawString_CN	48	static
../Core/Src/GUI_Paint.c:707:6:Paint_DrawNum	560	static
../Core/Src/GUI_Paint.c:750:6:Paint_DrawNumDecimals	576	static
../Core/Src/GUI_Paint.c:809:6:Paint_DrawTime	72	static
../Core/Src/GUI_Paint.c:835:6:Paint_DrawBitMap	16	static
../Core/Src/GUI_Paint.c:860:6:Paint_DrawBitMap_Paste	48	static
../Core/Src/GUI_Paint.c:954:6:Paint_DrawBitMap_Block	20	static
