../Core/Src/main.c:143:6:SystemClock_Config	4
../Core/Src/main.c:195:6:MX_ADC1_Init	3
../Core/Src/main.c:254:6:MX_I2C1_Init	4
../Core/Src/main.c:302:6:MX_LPTIM2_Init	2
../Core/Src/main.c:337:6:MX_RTC_Init	3
../Core/Src/main.c:382:6:MX_SPI1_Init	2
../Core/Src/main.c:422:6:MX_SPI2_Init	2
../Core/Src/main.c:462:6:MX_USART1_UART_Init	5
../Core/Src/main.c:510:6:MX_USART4_UART_Init	5
../Core/Src/main.c:558:6:MX_GPIO_Init	1
../Core/Src/main.c:89:5:main	1
../Core/Src/main.c:688:5:_write	1
../Core/Src/main.c:701:6:Error_Handler	1
