../Core/Src/qrcodegen.c:405:18:reedSolomonMultiply	16	static
../Core/Src/qrcodegen.c:553:14:getAlignmentPatternPositions	24	static
../Core/Src/qrcodegen.c:851:14:calcSegmentBitLength	8	static
../Core/Src/qrcodegen.c:1013:12:numCharCountBits	8	static
../Core/Src/qrcodegen.c:188:15:appendBitsToBuffer	24	static
../Core/Src/qrcodegen.c:342:14:getNumRawDataModules	16	static
../Core/Src/qrcodegen.c:781:15:setModuleBounded	16	static
../Core/Src/qrcodegen.c:566:13:fillRectangle	32	static
../Core/Src/qrcodegen.c:718:12:finderPenaltyCountPatterns	16	static
../Core/Src/qrcodegen.c:421:15:initializeFunctionModules	48	static
../Core/Src/qrcodegen.c:742:13:finderPenaltyAddHistory	16	static
../Core/Src/qrcodegen.c:330:14:getNumDataCodewords	16	static
../Core/Src/qrcodegen.c:772:15:getModuleBounded	8	static
../Core/Src/qrcodegen.c:795:15:setModuleUnbounded.constprop	8	static
../Core/Src/qrcodegen.c:754:5:qrcodegen_getSize	8	static
../Core/Src/qrcodegen.c:610:13:applyMask	48	static
../Core/Src/qrcodegen.c:519:13:drawFormatBits	24	static
../Core/Src/qrcodegen.c:207:6:qrcodegen_encodeSegmentsAdvanced	112	static
../Core/Src/qrcodegen.c:170:6:qrcodegen_encodeBinary	80	static
../Core/Src/qrcodegen.c:199:6:qrcodegen_encodeSegments	32	static
../Core/Src/qrcodegen.c:764:6:qrcodegen_getModule	8	static
../Core/Src/qrcodegen.c:812:6:qrcodegen_isNumeric	8	static
../Core/Src/qrcodegen.c:823:6:qrcodegen_isAlphanumeric	16	static
../Core/Src/qrcodegen.c:834:8:qrcodegen_calcSegmentBufferSize	8	static
../Core/Src/qrcodegen.c:878:26:qrcodegen_makeBytes	32	static
../Core/Src/qrcodegen.c:893:26:qrcodegen_makeNumeric	48	static
../Core/Src/qrcodegen.c:927:26:qrcodegen_makeAlphanumeric	56	static
../Core/Src/qrcodegen.c:132:6:qrcodegen_encodeText	80	static
../Core/Src/qrcodegen.c:961:26:qrcodegen_makeEci	40	static
