../Core/Src/SDC41.c:34:6:SCD41_SendCommand	24	static
../Core/Src/SDC41.c:44:6:SCD41_ReadData	16	static
../Core/Src/SDC41.c:227:6:SCD41_WakeUp	8	static
../Core/Src/SDC41.c:232:6:SCD41_PowerDown	8	static
../Core/Src/SDC41.c:238:9:sensirion_common_generate_crc	20	static
../Core/Src/SDC41.c:52:9:DataReadyStatus	16	static
../Core/Src/SDC41.c:66:6:SCD41_ASC	32	static
../Core/Src/SDC41.c:80:6:SCD41_SingleMeasurement	48	static
../Core/Src/SDC41.c:150:6:SCD41_SingleMeasurement_Averaged	64	static
../Core/Src/SDC41.c:257:9:verify_crc	0	static
../Core/Src/SDC41.c:262:6:SCD41_ReadSerial	24	static
../Core/Src/SDC41.c:276:6:SCD41_StartPeriodicMeasurement	8	static
../Core/Src/SDC41.c:281:6:SCD41_StopPeriodicMeasurement	8	static
../Core/Src/SDC41.c:18:6:SCD41_Init	8	static
../Core/Src/SDC41.c:285:6:SCD41_PerformFactoryReset	8	static
../Core/Src/SDC41.c:294:6:SCD41_ForceRecalibration	56	static
../Core/Src/SDC41.c:370:6:SCD41_PersistSettings	8	static
../Core/Src/SDC41.c:376:6:SCD41_PersistASCDisable	8	static
