../Core/Src/SDC41.c:51:6:SCD41_SendCommand	24	static
../Core/Src/SDC41.c:66:6:SCD41_ReadData	16	static
../Core/Src/SDC41.c:268:6:SCD41_WakeUp	8	static
../Core/Src/SDC41.c:276:6:SCD41_PowerDown	8	static
../Core/Src/SDC41.c:286:9:sensirion_common_generate_crc	20	static
../Core/Src/SDC41.c:78:9:DataReadyStatus	16	static
../Core/Src/SDC41.c:95:6:SCD41_ASC	32	static
../Core/Src/SDC41.c:113:6:SCD41_SingleMeasurement	48	static
../Core/Src/SDC41.c:188:6:SCD41_SingleMeasurement_Averaged	64	static
../Core/Src/SDC41.c:310:9:verify_crc	0	static
../Core/Src/SDC41.c:318:6:SCD41_ReadSerial	24	static
../Core/Src/SDC41.c:335:6:SCD41_StartPeriodicMeasurement	8	static
../Core/Src/SDC41.c:343:6:SCD41_StopPeriodicMeasurement	8	static
../Core/Src/SDC41.c:34:6:SCD41_Init	8	static
../Core/Src/SDC41.c:350:6:SCD41_PerformFactoryReset	8	static
../Core/Src/SDC41.c:365:6:SCD41_ForceRecalibration	56	static
../Core/Src/SDC41.c:444:6:SCD41_PersistSettings	8	static
../Core/Src/SDC41.c:456:6:SCD41_PersistASCDisable	8	static
