../Core/Src/SGP40.c:56:13:convRHTtoTicks	24	static
../Core/Src/SGP40.c:39:16:sensirion_crc8.constprop	8	static
../Core/Src/SGP40.c:96:19:SGP40_ReadRawComp	72	static
../Core/Src/SGP40.c:146:19:SGP40_ReadRawComp_HeaterOn	64	static
../Core/Src/SGP40.c:251:6:SGP40_VOC_Init	8	static
../Core/Src/SGP40.c:268:19:SGP40_VOC_ContStart	8	static
../Core/Src/SGP40.c:286:6:SGP40_VOC_ContStop	0	static
../Core/Src/SGP40.c:298:19:SGP40_VOC_ContStep	64	static
../Core/Src/SGP40.c:315:19:SGP40_MeasureOnce	64	static
