../Core/Src/WioE5.c:54:16:days_from_civil	24	static
../Core/Src/WioE5.c:123:5:Wio_IsHexLen.part.0	16	static
../Core/Src/WioE5.c:123:5:Wio_IsHexLen	8	static
../Core/Src/WioE5.c:141:6:Wio_SetOtaaDefaults	16	static
../Core/Src/WioE5.c:172:9:Wio_SendCommand	176	static
../Core/Src/WioE5.c:237:9:Wio_Init_OTAA	120	static
../Core/Src/WioE5.c:301:17:Wio_SendData	176	static
../Core/Src/WioE5.c:330:23:Wio_SendData_Unconfirmed	176	static
../Core/Src/WioE5.c:380:9:Wio_ParseTimeDownlink	48	static
../Core/Src/WioE5.c:360:9:WioTimeReq	8	static
../Core/Src/WioE5.c:416:9:Wio_EnsureReady	16	static
../Core/Src/WioE5.c:281:9:Wio_JoinNow	8	static
../Core/Src/WioE5.c:432:6:Wio_SleepEnter	8	static
../Core/Src/WioE5.c:445:9:Wio_Wake	8	static
