Archive member included to satisfy reference by file (symbol)

C:/ST/STM32CubeIDE_1.10.1/STM32CubeIDE/plugins/com.st.stm32cube.ide.mcu.externaltools.gnu-tools-for-stm32.13.3.rel1.win32_1.0.0.202411081344/tools/bin/../lib/gcc/arm-none-eabi/13.3.1/../../../../arm-none-eabi/lib/thumb/v6-m/nofp\libc_nano.a(libc_a-assert.o)
                              ./Core/Src/qrcodegen.o (__assert_func)
C:/ST/STM32CubeIDE_1.10.1/STM32CubeIDE/plugins/com.st.stm32cube.ide.mcu.externaltools.gnu-tools-for-stm32.13.3.rel1.win32_1.0.0.202411081344/tools/bin/../lib/gcc/arm-none-eabi/13.3.1/../../../../arm-none-eabi/lib/thumb/v6-m/nofp\libc_nano.a(libc_a-exit.o)
                              C:/ST/STM32CubeIDE_1.10.1/STM32CubeIDE/plugins/com.st.stm32cube.ide.mcu.externaltools.gnu-tools-for-stm32.13.3.rel1.win32_1.0.0.202411081344/tools/bin/../lib/gcc/arm-none-eabi/13.3.1/../../../../arm-none-eabi/lib/thumb/v6-m/nofp/crt0.o (exit)
C:/ST/STM32CubeIDE_1.10.1/STM32CubeIDE/plugins/com.st.stm32cube.ide.mcu.externaltools.gnu-tools-for-stm32.13.3.rel1.win32_1.0.0.202411081344/tools/bin/../lib/gcc/arm-none-eabi/13.3.1/../../../../arm-none-eabi/lib/thumb/v6-m/nofp\libc_nano.a(libc_a-malloc.o)
                              ./Core/Src/EPD_2in13_V4_test.o (malloc)
C:/ST/STM32CubeIDE_1.10.1/STM32CubeIDE/plugins/com.st.stm32cube.ide.mcu.externaltools.gnu-tools-for-stm32.13.3.rel1.win32_1.0.0.202411081344/tools/bin/../lib/gcc/arm-none-eabi/13.3.1/../../../../arm-none-eabi/lib/thumb/v6-m/nofp\libc_nano.a(libc_a-mallocr.o)
                              C:/ST/STM32CubeIDE_1.10.1/STM32CubeIDE/plugins/com.st.stm32cube.ide.mcu.externaltools.gnu-tools-for-stm32.13.3.rel1.win32_1.0.0.202411081344/tools/bin/../lib/gcc/arm-none-eabi/13.3.1/../../../../arm-none-eabi/lib/thumb/v6-m/nofp\libc_nano.a(libc_a-malloc.o) (_malloc_r)
C:/ST/STM32CubeIDE_1.10.1/STM32CubeIDE/plugins/com.st.stm32cube.ide.mcu.externaltools.gnu-tools-for-stm32.13.3.rel1.win32_1.0.0.202411081344/tools/bin/../lib/gcc/arm-none-eabi/13.3.1/../../../../arm-none-eabi/lib/thumb/v6-m/nofp\libc_nano.a(libc_a-mlock.o)
                              C:/ST/STM32CubeIDE_1.10.1/STM32CubeIDE/plugins/com.st.stm32cube.ide.mcu.externaltools.gnu-tools-for-stm32.13.3.rel1.win32_1.0.0.202411081344/tools/bin/../lib/gcc/arm-none-eabi/13.3.1/../../../../arm-none-eabi/lib/thumb/v6-m/nofp\libc_nano.a(libc_a-mallocr.o) (__malloc_lock)
C:/ST/STM32CubeIDE_1.10.1/STM32CubeIDE/plugins/com.st.stm32cube.ide.mcu.externaltools.gnu-tools-for-stm32.13.3.rel1.win32_1.0.0.202411081344/tools/bin/../lib/gcc/arm-none-eabi/13.3.1/../../../../arm-none-eabi/lib/thumb/v6-m/nofp\libc_nano.a(libc_a-strtoul.o)
                              ./Core/Src/WioE5.o (strtoul)
C:/ST/STM32CubeIDE_1.10.1/STM32CubeIDE/plugins/com.st.stm32cube.ide.mcu.externaltools.gnu-tools-for-stm32.13.3.rel1.win32_1.0.0.202411081344/tools/bin/../lib/gcc/arm-none-eabi/13.3.1/../../../../arm-none-eabi/lib/thumb/v6-m/nofp\libc_nano.a(libc_a-ctype_.o)
                              ./Core/Src/WioE5.o (_ctype_)
C:/ST/STM32CubeIDE_1.10.1/STM32CubeIDE/plugins/com.st.stm32cube.ide.mcu.externaltools.gnu-tools-for-stm32.13.3.rel1.win32_1.0.0.202411081344/tools/bin/../lib/gcc/arm-none-eabi/13.3.1/../../../../arm-none-eabi/lib/thumb/v6-m/nofp\libc_nano.a(libc_a-findfp.o)
                              C:/ST/STM32CubeIDE_1.10.1/STM32CubeIDE/plugins/com.st.stm32cube.ide.mcu.externaltools.gnu-tools-for-stm32.13.3.rel1.win32_1.0.0.202411081344/tools/bin/../lib/gcc/arm-none-eabi/13.3.1/../../../../arm-none-eabi/lib/thumb/v6-m/nofp\libc_nano.a(libc_a-exit.o) (__stdio_exit_handler)
C:/ST/STM32CubeIDE_1.10.1/STM32CubeIDE/plugins/com.st.stm32cube.ide.mcu.externaltools.gnu-tools-for-stm32.13.3.rel1.win32_1.0.0.202411081344/tools/bin/../lib/gcc/arm-none-eabi/13.3.1/../../../../arm-none-eabi/lib/thumb/v6-m/nofp\libc_nano.a(libc_a-fprintf.o)
                              C:/ST/STM32CubeIDE_1.10.1/STM32CubeIDE/plugins/com.st.stm32cube.ide.mcu.externaltools.gnu-tools-for-stm32.13.3.rel1.win32_1.0.0.202411081344/tools/bin/../lib/gcc/arm-none-eabi/13.3.1/../../../../arm-none-eabi/lib/thumb/v6-m/nofp\libc_nano.a(libc_a-assert.o) (fiprintf)
C:/ST/STM32CubeIDE_1.10.1/STM32CubeIDE/plugins/com.st.stm32cube.ide.mcu.externaltools.gnu-tools-for-stm32.13.3.rel1.win32_1.0.0.202411081344/tools/bin/../lib/gcc/arm-none-eabi/13.3.1/../../../../arm-none-eabi/lib/thumb/v6-m/nofp\libc_nano.a(libc_a-fwalk.o)
                              C:/ST/STM32CubeIDE_1.10.1/STM32CubeIDE/plugins/com.st.stm32cube.ide.mcu.externaltools.gnu-tools-for-stm32.13.3.rel1.win32_1.0.0.202411081344/tools/bin/../lib/gcc/arm-none-eabi/13.3.1/../../../../arm-none-eabi/lib/thumb/v6-m/nofp\libc_nano.a(libc_a-findfp.o) (_fwalk_sglue)
C:/ST/STM32CubeIDE_1.10.1/STM32CubeIDE/plugins/com.st.stm32cube.ide.mcu.externaltools.gnu-tools-for-stm32.13.3.rel1.win32_1.0.0.202411081344/tools/bin/../lib/gcc/arm-none-eabi/13.3.1/../../../../arm-none-eabi/lib/thumb/v6-m/nofp\libc_nano.a(libc_a-printf.o)
[...]
Memory Configuration

Name             Origin             Length             Attributes
RAM              0x20000000         0x0000a000         xrw
FLASH            0x08000000         0x00040000         xr
*default*        0x00000000         0xffffffff

Linker script and memory map

LOAD C:/ST/STM32CubeIDE_1.10.1/STM32CubeIDE/plugins/com.st.stm32cube.ide.mcu.externaltools.gnu-tools-for-stm32.13.3.rel1.win32_1.0.0.202411081344/tools/bin/../lib/gcc/arm-none-eabi/13.3.1/thumb/v6-m/nofp/crti.o
LOAD C:/ST/STM32CubeIDE_1.10.1/STM32CubeIDE/plugins/com.st.stm32cube.ide.mcu.externaltools.gnu-tools-for-stm32.13.3.rel1.win32_1.0.0.202411081344/tools/bin/../lib/gcc/arm-none-eabi/13.3.1/thumb/v6-m/nofp/crtbegin.o
LOAD C:/ST/STM32CubeIDE_1.10.1/STM32CubeIDE/plugins/com.st.stm32cube.ide.mcu.externaltools.gnu-tools-for-stm32.13.3.rel1.win32_1.0.0.202411081344/tools/bin/../lib/gcc/arm-none-eabi/13.3.1/../../../../arm-none-eabi/lib/thumb/v6-m/nofp/crt0.o
LOAD ./Core/Src/BQ25185.o
LOAD ./Core/Src/DEV_Config.o
LOAD ./Core/Src/EPD_2in13_V4.o
LOAD ./Core/Src/EPD_2in13_V4_test.o
LOAD ./Core/Src/GUI.o
LOAD ./Core/Src/GUI_Paint.o
LOAD ./Core/Src/ImageData.o
LOAD ./Core/Src/ImageData2.o
LOAD ./Core/Src/RTC.o
LOAD ./Core/Src/SDC41.o
LOAD ./Core/Src/SGP40.o
LOAD ./Core/Src/SHT41.o
LOAD ./Core/Src/WioE5.o
LOAD ./Core/Src/app.o
LOAD ./Core/Src/button_handler.o
LOAD ./Core/Src/conf_console.o
LOAD ./Core/Src/ee_config.o
LOAD ./Core/Src/esp32c6.o
LOAD ./Core/Src/gpio_sleep.o
LOAD ./Core/Src/images.o
LOAD ./Core/Src/m24c02.o
LOAD ./Core/Src/main.o
LOAD ./Core/Src/qrcodegen.o
LOAD ./Core/Src/sensirion_gas_index_algorithm.o
LOAD ./Core/Src/stm32u0xx_hal_msp.o
LOAD ./Core/Src/stm32u0xx_it.o
LOAD ./Core/Src/syscalls.o
LOAD ./Core/Src/sysmem.o
LOAD ./Core/Src/system_stm32u0xx.o
LOAD ./Core/Src/Fonts/font12.o
LOAD ./Core/Src/Fonts/font12CN.o
LOAD ./Core/Src/Fonts/font16.o
LOAD ./Core/Src/Fonts/font20.o
LOAD ./Core/Src/Fonts/font24.o
LOAD ./Core/Src/Fonts/font24CN.o
LOAD ./Core/Src/Fonts/font8.o
LOAD ./Core/Startup/startup_stm32u073rctx.o
LOAD ./Drivers/STM32U0xx_HAL_Driver/Src/stm32u0xx_hal.o
LOAD ./Drivers/STM32U0xx_HAL_Driver/Src/stm32u0xx_hal_adc.o
LOAD ./Drivers/STM32U0xx_HAL_Driver/Src/stm32u0xx_hal_adc_ex.o
LOAD ./Drivers/STM32U0xx_HAL_Driver/Src/stm32u0xx_hal_cortex.o
LOAD ./Drivers/STM32U0xx_HAL_Driver/Src/stm32u0xx_hal_dma.o
LOAD ./Drivers/STM32U0xx_HAL_Driver/Src/stm32u0xx_hal_dma_ex.o
LOAD ./Drivers/STM32U0xx_HAL_Driver/Src/stm32u0xx_hal_exti.o
LOAD ./Drivers/STM32U0xx_HAL_Driver/Src/stm32u0xx_hal_flash.o
LOAD ./Drivers/STM32U0xx_HAL_Driver/Src/stm32u0xx_hal_flash_ex.o
LOAD ./Drivers/STM32U0xx_HAL_Driver/Src/stm32u0xx_hal_gpio.o
LOAD ./Drivers/STM32U0xx_HAL_Driver/Src/stm32u0xx_hal_i2c.o
LOAD ./Drivers/STM32U0xx_HAL_Driver/Src/stm32u0xx_hal_i2c_ex.o
LOAD ./Drivers/STM32U0xx_HAL_Driver/Src/stm32u0xx_hal_lptim.o
LOAD ./Drivers/STM32U0xx_HAL_Driver/Src/stm32u0xx_hal_pwr.o
LOAD ./Drivers/STM32U0xx_HAL_Driver/Src/stm32u0xx_hal_pwr_ex.o
LOAD ./Drivers/STM32U0xx_HAL_Driver/Src/stm32u0xx_hal_rcc.o
LOAD ./Drivers/STM32U0xx_HAL_Driver/Src/stm32u0xx_hal_rcc_ex.o
LOAD ./Drivers/STM32U0xx_HAL_Driver/Src/stm32u0xx_hal_rtc.o
LOAD ./Drivers/STM32U0xx_HAL_Driver/Src/stm32u0xx_hal_rtc_ex.o
LOAD ./Drivers/STM32U0xx_HAL_Driver/Src/stm32u0xx_hal_spi.o
LOAD ./Drivers/STM32U0xx_HAL_Driver/Src/stm32u0xx_hal_spi_ex.o
LOAD ./Drivers/STM32U0xx_HAL_Driver/Src/stm32u0xx_hal_uart.o
LOAD ./Drivers/STM32U0xx_HAL_Driver/Src/stm32u0xx_hal_uart_ex.o
LOAD ./Drivers/STM32U0xx_HAL_Driver/Src/stm32u0xx_ll_adc.o
LOAD ./Drivers/STM32U0xx_HAL_Driver/Src/stm32u0xx_ll_i2c.o
START GROUP
LOAD C:/ST/STM32CubeIDE_1.10.1/STM32CubeIDE/plugins/com.st.stm32cube.ide.mcu.externaltools.gnu-tools-for-stm32.13.3.rel1.win32_1.0.0.202411081344/tools/bin/../lib/gcc/arm-none-eabi/13.3.1/../../../../arm-none-eabi/lib/thumb/v6-m/nofp\libc_nano.a
LOAD C:/ST/STM32CubeIDE_1.10.1/STM32CubeIDE/plugins/com.st.stm32cube.ide.mcu.externaltools.gnu-tools-for-stm32.13.3.rel1.win32_1.0.0.202411081344/tools/bin/../lib/gcc/arm-none-eabi/13.3.1/../../../../arm-none-eabi/lib/thumb/v6-m/nofp\libm.a
END GROUP
START GROUP
LOAD C:/ST/STM32CubeIDE_1.10.1/STM32CubeIDE/plugins/com.st.stm32cube.ide.mcu.externaltools.gnu-tools-for-stm32.13.3.rel1.win32_1.0.0.202411081344/tools/bin/../lib/gcc/arm-none-eabi/13.3.1/thumb/v6-m/nofp\libgcc.a
LOAD C:/ST/STM32CubeIDE_1.10.1/STM32CubeIDE/plugins/com.st.stm32cube.ide.mcu.externaltools.gnu-tools-for-stm32.13.3.rel1.win32_1.0.0.202411081344/tools/bin/../lib/gcc/arm-none-eabi/13.3.1/../../../../arm-none-eabi/lib/thumb/v6-m/nofp\libc_nano.a
END GROUP
START GROUP
LOAD C:/ST/STM32CubeIDE_1.10.1/STM32CubeIDE/plugins/com.st.stm32cube.ide.mcu.externaltools.gnu-tools-for-stm32.13.3.rel1.win32_1.0.0.202411081344/tools/bin/../lib/gcc/arm-none-eabi/13.3.1/thumb/v6-m/nofp\libgcc.a
LOAD C:/ST/STM32CubeIDE_1.10.1/STM32CubeIDE/plugins/com.st.stm32cube.ide.mcu.externaltools.gnu-tools-for-stm32.13.3.rel1.win32_1.0.0.202411081344/tools/bin/../lib/gcc/arm-none-eabi/13.3.1/../../../../arm-none-eabi/lib/thumb/v6-m/nofp\libc_nano.a
LOAD C:/ST/STM32CubeIDE_1.10.1/STM32CubeIDE/plugins/com.st.stm32cube.ide.mcu.externaltools.gnu-tools-for-stm32.13.3.rel1.win32_1.0.0.202411081344/tools/bin/../lib/gcc/arm-none-eabi/13.3.1/../../../../arm-none-eabi/lib/thumb/v6-m/nofp\libnosys.a
END GROUP
START GROUP
LOAD C:/ST/STM32CubeIDE_1.10.1/STM32CubeIDE/plugins/com.st.stm32cube.ide.mcu.externaltools.gnu-tools-for-stm32.13.3.rel1.win32_1.0.0.202411081344/tools/bin/../lib/gcc/arm-none-eabi/13.3.1/thumb/v6-m/nofp\libgcc.a
LOAD C:/ST/STM32CubeIDE_1.10.1/STM32CubeIDE/plugins/com.st.stm32cube.ide.mcu.externaltools.gnu-tools-for-stm32.13.3.rel1.win32_1.0.0.202411081344/tools/bin/../lib/gcc/arm-none-eabi/13.3.1/../../../../arm-none-eabi/lib/thumb/v6-m/nofp\libc_nano.a
LOAD C:/ST/STM32CubeIDE_1.10.1/STM32CubeIDE/plugins/com.st.stm32cube.ide.mcu.externaltools.gnu-tools-for-stm32.13.3.rel1.win32_1.0.0.202411081344/tools/bin/../lib/gcc/arm-none-eabi/13.3.1/../../../../arm-none-eabi/lib/thumb/v6-m/nofp\libnosys.a
END GROUP
LOAD C:/ST/STM32CubeIDE_1.10.1/STM32CubeIDE/plugins/com.st.stm32cube.ide.mcu.externaltools.gnu-tools-for-stm32.13.3.rel1.win32_1.0.0.202411081344/tools/bin/../lib/gcc/arm-none-eabi/13.3.1/thumb/v6-m/nofp/crtend.o
LOAD C:/ST/STM32CubeIDE_1.10.1/STM32CubeIDE/plugins/com.st.stm32cube.ide.mcu.externaltools.gnu-tools-for-stm32.13.3.rel1.win32_1.0.0.202411081344/tools/bin/../lib/gcc/arm-none-eabi/13.3.1/thumb/v6-m/nofp/crtn.o
                0x2000a000                        _estack = (ORIGIN (RAM) + LENGTH (RAM))
                0x00000200                        _Min_Heap_Size = 0x200
                0x00000400                        _Min_Stack_Size = 0x400

.isr_vector     0x08000000       0xc0
                0x08000000                        . = ALIGN (0x4)
 *(.isr_vector)
 .isr_vector    0x08000000       0xc0 ./Core/Startup/startup_stm32u073rctx.o
                0x08000000                g_pfnVectors
                0x080000c0                        . = ALIGN (0x4)

.text           0x080000c0    0x134e8
                0x080000c0                        . = ALIGN (0x4)
 *(.text)
 .text          0x080000c0       0x48 C:/ST/STM32CubeIDE_1.10.1/STM32CubeIDE/plugins/com.st.stm32cube.ide.mcu.externaltools.gnu-tools-for-stm32.13.3.rel1.win32_1.0.0.202411081344/tools/bin/../lib/gcc/arm-none-eabi/13.3.1/thumb/v6-m/nofp/crtbegin.o
 .text          0x08000108       0x14 C:/ST/STM32CubeIDE_1.10.1/STM32CubeIDE/plugins/com.st.stm32cube.ide.mcu.externaltools.gnu-tools-for-stm32.13.3.rel1.win32_1.0.0.202411081344/tools/bin/../lib/gcc/arm-none-eabi/13.3.1/../../../../arm-none-eabi/lib/thumb/v6-m/nofp\libc_nano.a(libc_a-strcmp.o)
                0x08000108                strcmp
 .text          0x0800011c        0xe C:/ST/STM32CubeIDE_1.10.1/STM32CubeIDE/plugins/com.st.stm32cube.ide.mcu.externaltools.gnu-tools-for-stm32.13.3.rel1.win32_1.0.0.202411081344/tools/bin/../lib/gcc/arm-none-eabi/13.3.1/../../../../arm-none-eabi/lib/thumb/v6-m/nofp\libc_nano.a(libc_a-strlen.o)
                0x0800011c                strlen
 *fill*         0x0800012a        0x2 
 .text          0x0800012c       0x14 C:/ST/STM32CubeIDE_1.10.1/STM32CubeIDE/plugins/com.st.stm32cube.ide.mcu.externaltools.gnu-tools-for-stm32.13.3.rel1.win32_1.0.0.202411081344/tools/bin/../lib/gcc/arm-none-eabi/13.3.1/thumb/v6-m/nofp\libgcc.a(_thumb1_case_uqi.o)
                0x0800012c                __gnu_thumb1_case_uqi
 .text          0x08000140       0x14 C:/ST/STM32CubeIDE_1.10.1/STM32CubeIDE/plugins/com.st.stm32cube.ide.mcu.externaltools.gnu-tools-for-stm32.13.3.rel1.win32_1.0.0.202411081344/tools/bin/../lib/gcc/arm-none-eabi/13.3.1/thumb/v6-m/nofp\libgcc.a(_thumb1_case_shi.o)
                0x08000140                __gnu_thumb1_case_shi
 .text          0x08000154       0x14 C:/ST/STM32CubeIDE_1.10.1/STM32CubeIDE/plugins/com.st.stm32cube.ide.mcu.externaltools.gnu-tools-for-stm32.13.3.rel1.win32_1.0.0.202411081344/tools/bin/../lib/gcc/arm-none-eabi/13.3.1/thumb/v6-m/nofp\libgcc.a(_thumb1_case_uhi.o)
                0x08000154                __gnu_thumb1_case_uhi
 .text          0x08000168      0x114 C:/ST/STM32CubeIDE_1.10.1/STM32CubeIDE/plugins/com.st.stm32cube.ide.mcu.externaltools.gnu-tools-for-stm32.13.3.rel1.win32_1.0.0.202411081344/tools/bin/../lib/gcc/arm-none-eabi/13.3.1/thumb/v6-m/nofp\libgcc.a(_udivsi3.o)
                0x08000168                __aeabi_uidiv
                0x08000168                __udivsi3
                0x08000274                __aeabi_uidivmod
 .text          0x0800027c      0x1d4 C:/ST/STM32CubeIDE_1.10.1/STM32CubeIDE/plugins/com.st.stm32cube.ide.mcu.externaltools.gnu-tools-for-stm32.13.3.rel1.win32_1.0.0.202411081344/tools/bin/../lib/gcc/arm-none-eabi/13.3.1/thumb/v6-m/nofp\libgcc.a(_divsi3.o)
                0x0800027c                __divsi3
                0x0800027c                __aeabi_idiv
                0x08000448                __aeabi_idivmod
 .text          0x08000450        0x4 C:/ST/STM32CubeIDE_1.10.1/STM32CubeIDE/plugins/com.st.stm32cube.ide.mcu.externaltools.gnu-tools-for-stm32.13.3.rel1.win32_1.0.0.202411081344/tools/bin/../lib/gcc/arm-none-eabi/13.3.1/thumb/v6-m/nofp\libgcc.a(_dvmd_tls.o)
                0x08000450                __aeabi_idiv0
                0x08000450                __aeabi_ldiv0
 .text          0x08000454       0x74 C:/ST/STM32CubeIDE_1.10.1/STM32CubeIDE/plugins/com.st.stm32cube.ide.mcu.externaltools.gnu-tools-for-stm32.13.3.rel1.win32_1.0.0.202411081344/tools/bin/../lib/gcc/arm-none-eabi/13.3.1/thumb/v6-m/nofp\libgcc.a(_arm_cmpsf2.o)
                0x08000454                __aeabi_cfrcmple
                0x0800045c                __aeabi_cfcmpeq
                0x0800045c                __aeabi_cfcmple
                0x0800046c                __aeabi_fcmpeq
                0x08000478                __aeabi_fcmplt
                0x0800048c                __aeabi_fcmple
                0x080004a0                __aeabi_fcmpgt
                0x080004b4                __aeabi_fcmpge
 .text          0x080004c8       0x3c C:/ST/STM32CubeIDE_1.10.1/STM32CubeIDE/plugins/com.st.stm32cube.ide.mcu.externaltools.gnu-tools-for-stm32.13.3.rel1.win32_1.0.0.202411081344/tools/bin/../lib/gcc/arm-none-eabi/13.3.1/thumb/v6-m/nofp\libgcc.a(_clzsi2.o)
                0x080004c8                __clzsi2
 .text          0x08000504       0x48 C:/ST/STM32CubeIDE_1.10.1/STM32CubeIDE/plugins/com.st.stm32cube.ide.mcu.externaltools.gnu-tools-for-stm32.13.3.rel1.win32_1.0.0.202411081344/tools/bin/../lib/gcc/arm-none-eabi/13.3.1/thumb/v6-m/nofp\libgcc.a(_aeabi_ldivmod.o)
                0x08000504                __aeabi_ldivmod
 .text          0x0800054c       0x40 C:/ST/STM32CubeIDE_1.10.1/STM32CubeIDE/plugins/com.st.stm32cube.ide.mcu.externaltools.gnu-tools-for-stm32.13.3.rel1.win32_1.0.0.202411081344/tools/bin/../lib/gcc/arm-none-eabi/13.3.1/thumb/v6-m/nofp\libgcc.a(_aeabi_uldivmod.o)
                0x0800054c                __aeabi_uldivmod
 .text          0x0800058c       0x5c C:/ST/STM32CubeIDE_1.10.1/STM32CubeIDE/plugins/com.st.stm32cube.ide.mcu.externaltools.gnu-tools-for-stm32.13.3.rel1.win32_1.0.0.202411081344/tools/bin/../lib/gcc/arm-none-eabi/13.3.1/thumb/v6-m/nofp\libgcc.a(_muldi3.o)
                0x0800058c                __muldi3
                0x0800058c                __aeabi_lmul
 .text          0x080005e8       0x30 C:/ST/STM32CubeIDE_1.10.1/STM32CubeIDE/plugins/com.st.stm32cube.ide.mcu.externaltools.gnu-tools-for-stm32.13.3.rel1.win32_1.0.0.202411081344/tools/bin/../lib/gcc/arm-none-eabi/13.3.1/thumb/v6-m/nofp\libgcc.a(_fixunssfsi.o)
                0x080005e8                __fixunssfsi
                0x080005e8                __aeabi_f2uiz
 .text          0x08000618      0x198 C:/ST/STM32CubeIDE_1.10.1/STM32CubeIDE/plugins/com.st.stm32cube.ide.mcu.externaltools.gnu-tools-for-stm32.13.3.rel1.win32_1.0.0.202411081344/tools/bin/../lib/gcc/arm-none-eabi/13.3.1/thumb/v6-m/nofp\libgcc.a(_udivmoddi4.o)
                0x08000618                __udivmoddi4
 .text          0x080007b0       0x3c C:/ST/STM32CubeIDE_1.10.1/STM32CubeIDE/plugins/com.st.stm32cube.ide.mcu.externaltools.gnu-tools-for-stm32.13.3.rel1.win32_1.0.0.202411081344/tools/bin/../lib/gcc/arm-none-eabi/13.3.1/thumb/v6-m/nofp\libgcc.a(bpabi.o)
                0x080007b0                __gnu_ldivmod_helper
 .text          0x080007ec      0x3e4 C:/ST/STM32CubeIDE_1.10.1/STM32CubeIDE/plugins/com.st.stm32cube.ide.mcu.externaltools.gnu-tools-for-stm32.13.3.rel1.win32_1.0.0.202411081344/tools/bin/../lib/gcc/arm-none-eabi/13.3.1/thumb/v6-m/nofp\libgcc.a(addsf3.o)
                0x080007ec                __aeabi_fadd
 .text          0x08000bd0      0x22c C:/ST/STM32CubeIDE_1.10.1/STM32CubeIDE/plugins/com.st.stm32cube.ide.mcu.externaltools.gnu-tools-for-stm32.13.3.rel1.win32_1.0.0.202411081344/tools/bin/../lib/gcc/arm-none-eabi/13.3.1/thumb/v6-m/nofp\libgcc.a(divsf3.o)
                0x08000bd0                __aeabi_fdiv
 .text          0x08000dfc       0x50 C:/ST/STM32CubeIDE_1.10.1/STM32CubeIDE/plugins/com.st.stm32cube.ide.mcu.externaltools.gnu-tools-for-stm32.13.3.rel1.win32_1.0.0.202411081344/tools/bin/../lib/gcc/arm-none-eabi/13.3.1/thumb/v6-m/nofp\libgcc.a(eqsf2.o)
                0x08000dfc                __eqsf2
                0x08000dfc                __nesf2
 .text          0x08000e4c       0x90 C:/ST/STM32CubeIDE_1.10.1/STM32CubeIDE/plugins/com.st.stm32cube.ide.mcu.externaltools.gnu-tools-for-stm32.13.3.rel1.win32_1.0.0.202411081344/tools/bin/../lib/gcc/arm-none-eabi/13.3.1/thumb/v6-m/nofp\libgcc.a(gesf2.o)
                0x08000e4c                __gesf2
                0x08000e4c                __gtsf2
 .text          0x08000edc       0x90 C:/ST/STM32CubeIDE_1.10.1/STM32CubeIDE/plugins/com.st.stm32cube.ide.mcu.externaltools.gnu-tools-for-stm32.13.3.rel1.win32_1.0.0.202411081344/tools/bin/../lib/gcc/arm-none-eabi/13.3.1/thumb/v6-m/nofp\libgcc.a(lesf2.o)
                0x08000edc                __ltsf2
                0x08000edc                __lesf2
 .text          0x08000f6c      0x2b4 C:/ST/STM32CubeIDE_1.10.1/STM32CubeIDE/plugins/com.st.stm32cube.ide.mcu.externaltools.gnu-tools-for-stm32.13.3.rel1.win32_1.0.0.202411081344/tools/bin/../lib/gcc/arm-none-eabi/13.3.1/thumb/v6-m/nofp\libgcc.a(mulsf3.o)
                0x08000f6c                __aeabi_fmul
 .text          0x08001220      0x4c8 C:/ST/STM32CubeIDE_1.10.1/STM32CubeIDE/plugins/com.st.stm32cube.ide.mcu.externaltools.gnu-tools-for-stm32.13.3.rel1.win32_1.0.0.202411081344/tools/bin/../lib/gcc/arm-none-eabi/13.3.1/thumb/v6-m/nofp\libgcc.a(subsf3.o)
                0x08001220                __aeabi_fsub
 .text          0x080016e8       0x2c C:/ST/STM32CubeIDE_1.10.1/STM32CubeIDE/plugins/com.st.stm32cube.ide.mcu.externaltools.gnu-tools-for-stm32.13.3.rel1.win32_1.0.0.202411081344/tools/bin/../lib/gcc/arm-none-eabi/13.3.1/thumb/v6-m/nofp\libgcc.a(unordsf2.o)
                0x080016e8                __aeabi_fcmpun
 .text          0x08001714       0x40 C:/ST/STM32CubeIDE_1.10.1/STM32CubeIDE/plugins/com.st.stm32cube.ide.mcu.externaltools.gnu-tools-for-stm32.13.3.rel1.win32_1.0.0.202411081344/tools/bin/../lib/gcc/arm-none-eabi/13.3.1/thumb/v6-m/nofp\libgcc.a(fixsfsi.o)
                0x08001714                __aeabi_f2iz
 .text          0x08001754       0xa0 C:/ST/STM32CubeIDE_1.10.1/STM32CubeIDE/plugins/com.st.stm32cube.ide.mcu.externaltools.gnu-tools-for-stm32.13.3.rel1.win32_1.0.0.202411081344/tools/bin/../lib/gcc/arm-none-eabi/13.3.1/thumb/v6-m/nofp\libgcc.a(floatsisf.o)
                0x08001754                __aeabi_i2f
 .text          0x080017f4       0x8c C:/ST/STM32CubeIDE_1.10.1/STM32CubeIDE/plugins/com.st.stm32cube.ide.mcu.externaltools.gnu-tools-for-stm32.13.3.rel1.win32_1.0.0.202411081344/tools/bin/../lib/gcc/arm-none-eabi/13.3.1/thumb/v6-m/nofp\libgcc.a(floatunsisf.o)
                0x080017f4                __aeabi_ui2f
 .text          0x08001880      0x630 C:/ST/STM32CubeIDE_1.10.1/STM32CubeIDE/plugins/com.st.stm32cube.ide.mcu.externaltools.gnu-tools-for-stm32.13.3.rel1.win32_1.0.0.202411081344/tools/bin/../lib/gcc/arm-none-eabi/13.3.1/thumb/v6-m/nofp\libgcc.a(divdf3.o)
                0x08001880                __aeabi_ddiv
 .text          0x08001eb0      0x5cc C:/ST/STM32CubeIDE_1.10.1/STM32CubeIDE/plugins/com.st.stm32cube.ide.mcu.externaltools.gnu-tools-for-stm32.13.3.rel1.win32_1.0.0.202411081344/tools/bin/../lib/gcc/arm-none-eabi/13.3.1/thumb/v6-m/nofp\libgcc.a(muldf3.o)
                0x08001eb0                __aeabi_dmul
 .text          0x0800247c      0x814 C:/ST/STM32CubeIDE_1.10.1/STM32CubeIDE/plugins/com.st.stm32cube.ide.mcu.externaltools.gnu-tools-for-stm32.13.3.rel1.win32_1.0.0.202411081344/tools/bin/../lib/gcc/arm-none-eabi/13.3.1/thumb/v6-m/nofp\libgcc.a(subdf3.o)
                0x0800247c                __aeabi_dsub
 .text          0x08002c90       0x90 C:/ST/STM32CubeIDE_1.10.1/STM32CubeIDE/plugins/com.st.stm32cube.ide.mcu.externaltools.gnu-tools-for-stm32.13.3.rel1.win32_1.0.0.202411081344/tools/bin/../lib/gcc/arm-none-eabi/13.3.1/thumb/v6-m/nofp\libgcc.a(extendsfdf2.o)
                0x08002c90                __aeabi_f2d
 .text          0x08002d20      0x104 C:/ST/STM32CubeIDE_1.10.1/STM32CubeIDE/plugins/com.st.stm32cube.ide.mcu.externaltools.gnu-tools-for-stm32.13.3.rel1.win32_1.0.0.202411081344/tools/bin/../lib/gcc/arm-none-eabi/13.3.1/thumb/v6-m/nofp\libgcc.a(truncdfsf2.o)
                0x08002d20                __aeabi_d2f
 .text          0x08002e24       0x18 C:/ST/STM32CubeIDE_1.10.1/STM32CubeIDE/plugins/com.st.stm32cube.ide.mcu.externaltools.gnu-tools-for-stm32.13.3.rel1.win32_1.0.0.202411081344/tools/bin/../lib/gcc/arm-none-eabi/13.3.1/thumb/v6-m/nofp\libgcc.a(_clzdi2.o)
                0x08002e24                __clzdi2
 .text          0x08002e3c      0x1d8 C:/ST/STM32CubeIDE_1.10.1/STM32CubeIDE/plugins/com.st.stm32cube.ide.mcu.externaltools.gnu-tools-for-stm32.13.3.rel1.win32_1.0.0.202411081344/tools/bin/../lib/gcc/arm-none-eabi/13.3.1/thumb/v6-m/nofp\libgcc.a(_divdi3.o)
                0x08002e3c                __divdi3
 *(.text*)
 .text.BQ25185_GetStatus
                0x08003014       0x80 ./Core/Src/BQ25185.o
                0x08003014                BQ25185_GetStatus
 .text.BQ25185_StatusToString
                0x08003094       0x18 ./Core/Src/BQ25185.o
                0x08003094                BQ25185_StatusToString
 .text.BQ25185_PrintStatus
                0x080030ac       0x20 ./Core/Src/BQ25185.o
                0x080030ac                BQ25185_PrintStatus
 .text.BQ25185_GPIO_Config
                0x080030cc       0x40 ./Core/Src/BQ25185.o
                0x080030cc                BQ25185_GPIO_Config
 .text.DEV_SPI_WriteByte
                0x0800310c       0x1c ./Core/Src/DEV_Config.o
                0x0800310c                DEV_SPI_WriteByte
 .text.DEV_Module_Init
                0x08003128       0x3c ./Core/Src/DEV_Config.o
                0x08003128                DEV_Module_Init
 .text.EPD_Pins_HiZ
                0x08003164       0x6c ./Core/Src/DEV_Config.o
                0x08003164                EPD_Pins_HiZ
 .text.EPD_Pins_Init
                0x080031d0       0x5c ./Core/Src/DEV_Config.o
                0x080031d0                EPD_Pins_Init
 .text.EPD_2in13_V4_Reset
                0x0800322c       0x3c ./Core/Src/EPD_2in13_V4.o
 .text.EPD_2in13_V4_SendCommand
                0x08003268       0x34 ./Core/Src/EPD_2in13_V4.o
 .text.EPD_2in13_V4_SendData
                0x0800329c       0x34 ./Core/Src/EPD_2in13_V4.o
 .text.EPD_2in13_V4_SetCursor.constprop.0
                0x080032d0       0x22 ./Core/Src/EPD_2in13_V4.o
 .text.EPD_2in13_V4_SetWindows.constprop.0
                0x080032f2       0x34 ./Core/Src/EPD_2in13_V4.o
 .text.EPD_2in13_V4_LoadBase_RAMOnly
                0x08003326       0x4a ./Core/Src/EPD_2in13_V4.o
                0x08003326                EPD_2in13_V4_LoadBase_RAMOnly
 .text.EPD_2in13_V4_Sleep
                0x08003370       0x16 ./Core/Src/EPD_2in13_V4.o
                0x08003370                EPD_2in13_V4_Sleep
 *fill*         0x08003386        0x2 
 .text.EPD_ReadBusyTimeout
                0x08003388       0x3c ./Core/Src/EPD_2in13_V4.o
                0x08003388                EPD_ReadBusyTimeout
 .text.EPD_2in13_V4_ReadBusy
                0x080033c4       0x18 ./Core/Src/EPD_2in13_V4.o
                0x080033c4                EPD_2in13_V4_ReadBusy
 .text.EPD_2in13_V4_Init
                0x080033dc       0x70 ./Core/Src/EPD_2in13_V4.o
                0x080033dc                EPD_2in13_V4_Init
 .text.EPD_2in13_V4_TurnOnDisplay
                0x0800344c       0x1a ./Core/Src/EPD_2in13_V4.o
 .text.EPD_2in13_V4_Clear
                0x08003466       0x2a ./Core/Src/EPD_2in13_V4.o
                0x08003466                EPD_2in13_V4_Clear
 .text.EPD_2in13_V4_Display
                0x08003490       0x2c ./Core/Src/EPD_2in13_V4.o
                0x08003490                EPD_2in13_V4_Display
 .text.EPD_2in13_V4_Display_Partial
                0x080034bc       0x94 ./Core/Src/EPD_2in13_V4.o
                0x080034bc                EPD_2in13_V4_Display_Partial
 .text.EPD_2in13_V4_BootDetect
                0x08003550       0x44 ./Core/Src/EPD_2in13_V4.o
                0x08003550                EPD_2in13_V4_BootDetect
 .text.EnsurePartialBase
                0x08003594       0x20 ./Core/Src/GUI.o
 .text.DrawTrendArrow.constprop.0
                0x080035b4       0xd6 ./Core/Src/GUI.o
 .text.TextWidth.isra.0
                0x0800368a       0x10 ./Core/Src/GUI.o
 .text.DrawRightAligned.constprop.0
                0x0800369a       0x32 ./Core/Src/GUI.o
 .text.GUI_IsCanvasReady
                0x080036cc       0x24 ./Core/Src/GUI.o
                0x080036cc                GUI_IsCanvasReady
 .text.GUI_OnEPDResumed
                0x080036f0        0xc ./Core/Src/GUI.o
                0x080036f0                GUI_OnEPDResumed
 .text.GUI_Init
                0x080036fc       0x68 ./Core/Src/GUI.o
                0x080036fc                GUI_Init
 .text.GUI_Display
                0x08003764      0x7c8 ./Core/Src/GUI.o
                0x08003764                GUI_Display
 .text.GUI_UpdateState
                0x08003f2c       0x80 ./Core/Src/GUI.o
                0x08003f2c                GUI_UpdateState
 .text.GUI_UpdateVOCIndex
                0x08003fac      0x12c ./Core/Src/GUI.o
                0x08003fac                GUI_UpdateVOCIndex
 .text.GUI_DrawCalibrationProgressFromStruct
                0x080040d8      0x10c ./Core/Src/GUI.o
                0x080040d8                GUI_DrawCalibrationProgressFromStruct
 .text.EPDClear
                0x080041e4       0x18 ./Core/Src/GUI.o
                0x080041e4                EPDClear
 .text.GUI_DrawConfIcon
                0x080041fc       0x70 ./Core/Src/GUI.o
                0x080041fc                GUI_DrawConfIcon
 .text.GUI_DrawQR_TextFull
                0x0800426c      0x19c ./Core/Src/GUI.o
                0x0800426c                GUI_DrawQR_TextFull
 .text.Paint_NewImage
                0x08004408       0x44 ./Core/Src/GUI_Paint.o
                0x08004408                Paint_NewImage
 .text.Paint_SelectImage
                0x0800444c        0xc ./Core/Src/GUI_Paint.o
                0x0800444c                Paint_SelectImage
 .text.Paint_SetPixel
                0x08004458      0x184 ./Core/Src/GUI_Paint.o
                0x08004458                Paint_SetPixel
 .text.Paint_Clear
                0x080045dc       0xa0 ./Core/Src/GUI_Paint.o
                0x080045dc                Paint_Clear
 .text.Paint_ClearWindows
                0x0800467c       0x34 ./Core/Src/GUI_Paint.o
                0x0800467c                Paint_ClearWindows
 .text.Paint_DrawPoint
                0x080046b0       0xd0 ./Core/Src/GUI_Paint.o
                0x080046b0                Paint_DrawPoint
 .text.Paint_DrawLine
                0x08004780      0x104 ./Core/Src/GUI_Paint.o
                0x08004780                Paint_DrawLine
 .text.Paint_DrawRectangle
                0x08004884       0xbc ./Core/Src/GUI_Paint.o
                0x08004884                Paint_DrawRectangle
 .text.Paint_DrawCircle
                0x08004940      0x25c ./Core/Src/GUI_Paint.o
                0x08004940                Paint_DrawCircle
 .text.Paint_DrawChar
                0x08004b9c       0xc0 ./Core/Src/GUI_Paint.o
                0x08004b9c                Paint_DrawChar
 .text.Paint_DrawString_EN
                0x08004c5c       0xa8 ./Core/Src/GUI_Paint.o
                0x08004c5c                Paint_DrawString_EN
 .text.Paint_DrawBitMap_Paste
                0x08004d04       0x98 ./Core/Src/GUI_Paint.o
                0x08004d04                Paint_DrawBitMap_Paste
 .text.Set_RTC_From_Epoch
                0x08004d9c       0x68 ./Core/Src/RTC.o
                0x08004d9c                Set_RTC_From_Epoch
 .text.RTC_Get_Unix_Time
                0x08004e04       0x60 ./Core/Src/RTC.o
                0x08004e04                RTC_Get_Unix_Time
 .text.RTC_Print_DateTime
                0x08004e64       0x70 ./Core/Src/RTC.o
                0x08004e64                RTC_Print_DateTime
 .text.RTC_GetSecondsOfDay
                0x08004ed4       0x38 ./Core/Src/RTC.o
                0x08004ed4                RTC_GetSecondsOfDay
 .text.RTC_UpdateTimeData
                0x08004f0c       0x60 ./Core/Src/RTC.o
                0x08004f0c                RTC_UpdateTimeData
 .text.SCD41_SendCommand
                0x08004f6c       0x1a ./Core/Src/SDC41.o
                0x08004f6c                SCD41_SendCommand
 .text.SCD41_ReadData
                0x08004f86       0x14 ./Core/Src/SDC41.o
                0x08004f86                SCD41_ReadData
 *fill*         0x08004f9a        0x2 
 .text.SCD41_WakeUp
                0x08004f9c       0x10 ./Core/Src/SDC41.o
                0x08004f9c                SCD41_WakeUp
 .text.SCD41_PowerDown
                0x08004fac       0x10 ./Core/Src/SDC41.o
                0x08004fac                SCD41_PowerDown
 .text.sensirion_common_generate_crc
                0x08004fbc       0x36 ./Core/Src/SDC41.o
                0x08004fbc                sensirion_common_generate_crc
 *fill*         0x08004ff2        0x2 
 .text.DataReadyStatus
                0x08004ff4       0x44 ./Core/Src/SDC41.o
                0x08004ff4                DataReadyStatus
 .text.SCD41_SingleMeasurement_Averaged
                0x08005038      0x174 ./Core/Src/SDC41.o
                0x08005038                SCD41_SingleMeasurement_Averaged
 .text.SCD41_ForceRecalibration
                0x080051ac      0x180 ./Core/Src/SDC41.o
                0x080051ac                SCD41_ForceRecalibration
 .text.convRHTtoTicks
                0x0800532c       0xb8 ./Core/Src/SGP40.o
 .text.sensirion_crc8.constprop.0
                0x080053e4       0x44 ./Core/Src/SGP40.o
 .text.SGP40_ReadRawComp_HeaterOn
                0x08005428      0x128 ./Core/Src/SGP40.o
                0x08005428                SGP40_ReadRawComp_HeaterOn
 .text.SHT41_CheckCRC
                0x08005550       0x4e ./Core/Src/SHT41.o
                0x08005550                SHT41_CheckCRC
 *fill*         0x0800559e        0x2 
 .text.SHTMeasure
                0x080055a0       0xd4 ./Core/Src/SHT41.o
                0x080055a0                SHTMeasure
 .text.days_from_civil
                0x08005674       0x84 ./Core/Src/WioE5.o
 .text.Wio_IsHexLen.part.0
                0x080056f8       0x2c ./Core/Src/WioE5.o
 .text.Wio_IsHexLen
                0x08005724        0xc ./Core/Src/WioE5.o
                0x08005724                Wio_IsHexLen
 .text.Wio_SendCommand
                0x08005730      0x104 ./Core/Src/WioE5.o
                0x08005730                Wio_SendCommand
 .text.Wio_Init_OTAA
                0x08005834      0x134 ./Core/Src/WioE5.o
                0x08005834                Wio_Init_OTAA
 .text.Wio_SendData
                0x08005968       0x74 ./Core/Src/WioE5.o
                0x08005968                Wio_SendData
 .text.Wio_SendData_Unconfirmed
                0x080059dc       0x60 ./Core/Src/WioE5.o
                0x080059dc                Wio_SendData_Unconfirmed
 .text.Wio_ParseTimeDownlink
                0x08005a3c      0x198 ./Core/Src/WioE5.o
                0x08005a3c                Wio_ParseTimeDownlink
 .text.WioTimeReq
                0x08005bd4       0x28 ./Core/Src/WioE5.o
                0x08005bd4                WioTimeReq
 .text.Wio_EnsureReady
                0x08005bfc       0x40 ./Core/Src/WioE5.o
                0x08005bfc                Wio_EnsureReady
 .text.Wio_JoinNow
                0x08005c3c       0x34 ./Core/Src/WioE5.o
                0x08005c3c                Wio_JoinNow
 .text.Wio_SleepEnter
                0x08005c70       0x18 ./Core/Src/WioE5.o
                0x08005c70                Wio_SleepEnter
 .text.Wio_Wake
                0x08005c88        0x8 ./Core/Src/WioE5.o
                0x08005c88                Wio_Wake
 .text.App_StateName
                0x08005c90       0x18 ./Core/Src/app.o
 .text.emoji_bucket
                0x08005ca8       0x54 ./Core/Src/app.o
 .text.ESP_ResetPulse
                0x08005cfc       0x58 ./Core/Src/app.o
 .text.EPD_PowerOff
                0x08005d54       0x44 ./Core/Src/app.o
 .text.sod_now  0x08005d98        0x8 ./Core/Src/app.o
 .text.VOC_LPTIM_Stop
                0x08005da0       0x70 ./Core/Src/app.o
 .text.sod_diff
                0x08005e10       0x1c ./Core/Src/app.o
 .text.LOG_Hex.constprop.0
                0x08005e2c       0x54 ./Core/Src/app.o
 .text.EPD_PowerOn
                0x08005e80       0x2c ./Core/Src/app.o
 .text.AppConfig_SetDefaults
                0x08005eac       0x1c ./Core/Src/app.o
                0x08005eac                AppConfig_SetDefaults
 .text.App_Config_SaveToEeprom
                0x08005ec8       0xb0 ./Core/Src/app.o
                0x08005ec8                App_Config_SaveToEeprom
 .text.App_UserButtonIRQ_15s
                0x08005f78        0xc ./Core/Src/app.o
                0x08005f78                App_UserButtonIRQ_15s
 .text.App_UserButtonIRQ_5s
                0x08005f84       0x10 ./Core/Src/app.o
                0x08005f84                App_UserButtonIRQ_5s
 .text.EPD_OnFatalError
                0x08005f94       0x34 ./Core/Src/app.o
                0x08005f94                EPD_OnFatalError
 .text.App_Init
                0x08005fc8      0x448 ./Core/Src/app.o
                0x08005fc8                App_Init
 .text.App_Run  0x08006410     0x112c ./Core/Src/app.o
                0x08006410                App_Run
 .text.HAL_LPTIM_AutoReloadMatchCallback
                0x0800753c       0x90 ./Core/Src/app.o
                0x0800753c                HAL_LPTIM_AutoReloadMatchCallback
 .text.HAL_UART_RxCpltCallback
                0x080075cc        0x8 ./Core/Src/app.o
                0x080075cc                HAL_UART_RxCpltCallback
 .text.HAL_RTCEx_WakeUpTimerEventCallback
                0x080075d4        0xc ./Core/Src/app.o
                0x080075d4                HAL_RTCEx_WakeUpTimerEventCallback
 .text.HAL_GPIO_EXTI_Rising_Callback
                0x080075e0       0x28 ./Core/Src/app.o
                0x080075e0                HAL_GPIO_EXTI_Rising_Callback
 .text.HAL_GPIO_EXTI_Falling_Callback
                0x08007608       0x1c ./Core/Src/app.o
                0x08007608                HAL_GPIO_EXTI_Falling_Callback
 .text.ButtonHandler_Init
                0x08007624       0x50 ./Core/Src/button_handler.o
                0x08007624                ButtonHandler_Init
 .text.IsButtonReleased
                0x08007674       0x1c ./Core/Src/button_handler.o
                0x08007674                IsButtonReleased
 .text.ButtonHandler_EXTI_Callback
                0x08007690       0x84 ./Core/Src/button_handler.o
                0x08007690                ButtonHandler_EXTI_Callback
 .text.touch    0x08007714       0x1c ./Core/Src/conf_console.o
 .text.keyeq    0x08007730       0x3e ./Core/Src/conf_console.o
 *fill*         0x0800776e        0x2 
 .text.tx       0x08007770       0x24 ./Core/Src/conf_console.o
 .text.parse_u32
                0x08007794       0x28 ./Core/Src/conf_console.o
 .text.parse_u8
                0x080077bc       0x1c ./Core/Src/conf_console.o
 .text.parse_u16
                0x080077d8       0x20 ./Core/Src/conf_console.o
 .text.HAL_UART_ErrorCallback
                0x080077f8       0x24 ./Core/Src/conf_console.o
                0x080077f8                HAL_UART_ErrorCallback
 .text.ConfConsole_Init
                0x0800781c       0x34 ./Core/Src/conf_console.o
                0x0800781c                ConfConsole_Init
 .text.ConfConsole_Start
                0x08007850       0x3c ./Core/Src/conf_console.o
                0x08007850                ConfConsole_Start
 .text.ConfConsole_Stop
                0x0800788c        0xc ./Core/Src/conf_console.o
                0x0800788c                ConfConsole_Stop
 .text.ConfConsole_PrintBanner
                0x08007898       0x10 ./Core/Src/conf_console.o
                0x08007898                ConfConsole_PrintBanner
 .text.ConfConsole_PrintCfg
                0x080078a8      0x10c ./Core/Src/conf_console.o
                0x080078a8                ConfConsole_PrintCfg
 .text.ConfConsole_Poll
                0x080079b4      0xb20 ./Core/Src/conf_console.o
                0x080079b4                ConfConsole_Poll
 .text.ConfConsole_OnRxCplt
                0x080084d4       0xa8 ./Core/Src/conf_console.o
                0x080084d4                ConfConsole_OnRxCplt
 .text.ConfConsole_ShouldExit
                0x0800857c       0x5c ./Core/Src/conf_console.o
                0x0800857c                ConfConsole_ShouldExit
 .text.EE_Config_Load
                0x080085d8       0xf8 ./Core/Src/ee_config.o
                0x080085d8                EE_Config_Load
 .text.EE_Config_Save
                0x080086d0       0xac ./Core/Src/ee_config.o
                0x080086d0                EE_Config_Save
 .text.ESP_Init
                0x0800877c       0x68 ./Core/Src/esp32c6.o
                0x0800877c                ESP_Init
 .text.EspC6_SendCommand
                0x080087e4      0x244 ./Core/Src/esp32c6.o
                0x080087e4                EspC6_SendCommand
 .text.EspC6_Ping
                0x08008a28       0x1c ./Core/Src/esp32c6.o
                0x08008a28                EspC6_Ping
 .text.EspC6_Status
                0x08008a44       0x54 ./Core/Src/esp32c6.o
                0x08008a44                EspC6_Status
 .text.EspC6_Version
                0x08008a98       0x1c ./Core/Src/esp32c6.o
                0x08008a98                EspC6_Version
 .text.EspC6_QR
                0x08008ab4       0xb4 ./Core/Src/esp32c6.o
                0x08008ab4                EspC6_QR
 .text.EspC6_Fabrics
                0x08008b68       0x1c ./Core/Src/esp32c6.o
                0x08008b68                EspC6_Fabrics
 .text.EspC6_CommStart
                0x08008b84       0x1c ./Core/Src/esp32c6.o
                0x08008b84                EspC6_CommStart
 .text.EspC6_CommStop
                0x08008ba0       0x1c ./Core/Src/esp32c6.o
                0x08008ba0                EspC6_CommStop
 .text.EspC6_FactoryReset
                0x08008bbc       0x18 ./Core/Src/esp32c6.o
                0x08008bbc                EspC6_FactoryReset
 .text.EspC6_DataHex
                0x08008bd4       0x4c ./Core/Src/esp32c6.o
                0x08008bd4                EspC6_DataHex
 .text.EspC6_DataKV
                0x08008c20       0x2c ./Core/Src/esp32c6.o
                0x08008c20                EspC6_DataKV
 .text.EspC6_DataBat
                0x08008c4c       0x2c ./Core/Src/esp32c6.o
                0x08008c4c                EspC6_DataBat
 .text.GPIO_Sleep_SetKeepPins
                0x08008c78       0x14 ./Core/Src/gpio_sleep.o
                0x08008c78                GPIO_Sleep_SetKeepPins
 .text.GPIO_EnableAllClocks
                0x08008c8c       0x6c ./Core/Src/gpio_sleep.o
                0x08008c8c                GPIO_EnableAllClocks
 .text.build_keep_mask
                0x08008cf8       0x50 ./Core/Src/gpio_sleep.o
                0x08008cf8                build_keep_mask
 .text.port_to_analog_except
                0x08008d48       0x34 ./Core/Src/gpio_sleep.o
                0x08008d48                port_to_analog_except
 .text.GPIO_PrepareForSleep_Simple
                0x08008d7c       0xac ./Core/Src/gpio_sleep.o
                0x08008d7c                GPIO_PrepareForSleep_Simple
 .text.GPIO_IsKeep
                0x08008e28       0x22 ./Core/Src/gpio_sleep.o
                0x08008e28                GPIO_IsKeep
 .text.GPIO_InitIfNotKeep.constprop.0
                0x08008e4a       0x28 ./Core/Src/gpio_sleep.o
 .text.GPIO_WriteIfNotKeep.constprop.0
                0x08008e72       0x18 ./Core/Src/gpio_sleep.o
 *fill*         0x08008e8a        0x2 
 .text.MX_GPIO_ReInit_Except
                0x08008e8c      0x3c8 ./Core/Src/gpio_sleep.o
                0x08008e8c                MX_GPIO_ReInit_Except
 .text.M24C02_Init
                0x08009254       0x10 ./Core/Src/m24c02.o
                0x08009254                M24C02_Init
 .text.M24C02_Read
                0x08009264       0x36 ./Core/Src/m24c02.o
                0x08009264                M24C02_Read
 .text.M24C02_Write
                0x0800929a       0x7c ./Core/Src/m24c02.o
                0x0800929a                M24C02_Write
 *fill*         0x08009316        0x2 
 .text.SystemClock_Config
                0x08009318       0x80 ./Core/Src/main.o
                0x08009318                SystemClock_Config
 .text.MX_ADC1_Init
                0x08009398       0x7c ./Core/Src/main.o
                0x08009398                MX_ADC1_Init
 .text.MX_I2C1_Init
                0x08009414       0x58 ./Core/Src/main.o
                0x08009414                MX_I2C1_Init
 .text.MX_LPTIM2_Init
                0x0800946c       0x40 ./Core/Src/main.o
                0x0800946c                MX_LPTIM2_Init
 .text.MX_RTC_Init
                0x080094ac       0x50 ./Core/Src/main.o
                0x080094ac                MX_RTC_Init
 .text.MX_SPI1_Init
                0x080094fc       0x50 ./Core/Src/main.o
                0x080094fc                MX_SPI1_Init
 .text.MX_SPI2_Init
                0x0800954c       0x4c ./Core/Src/main.o
                0x0800954c                MX_SPI2_Init
 .text.MX_USART1_UART_Init
                0x08009598       0x68 ./Core/Src/main.o
                0x08009598                MX_USART1_UART_Init
 .text.MX_USART4_UART_Init
                0x08009600       0x68 ./Core/Src/main.o
                0x08009600                MX_USART4_UART_Init
 .text.MX_GPIO_Init
                0x08009668      0x1c8 ./Core/Src/main.o
                0x08009668                MX_GPIO_Init
 .text.startup.main
                0x08009830       0x44 ./Core/Src/main.o
                0x08009830                main
 .text._write   0x08009874       0x18 ./Core/Src/main.o
                0x08009874                _write
 .text.Error_Handler
                0x0800988c        0x4 ./Core/Src/main.o
                0x0800988c                Error_Handler
 .text.reedSolomonMultiply
                0x08009890       0x28 ./Core/Src/qrcodegen.o
 .text.getAlignmentPatternPositions
                0x080098b8       0x42 ./Core/Src/qrcodegen.o
 *fill*         0x080098fa        0x2 
 .text.calcSegmentBitLength
                0x080098fc       0x6c ./Core/Src/qrcodegen.o
 .text.numCharCountBits
                0x08009968       0x7c ./Core/Src/qrcodegen.o
 .text.appendBitsToBuffer
                0x080099e4       0x54 ./Core/Src/qrcodegen.o
 .text.getNumRawDataModules
                0x08009a38       0x6c ./Core/Src/qrcodegen.o
 .text.setModuleBounded
                0x08009aa4       0x58 ./Core/Src/qrcodegen.o
 .text.fillRectangle
                0x08009afc       0x30 ./Core/Src/qrcodegen.o
 .text.finderPenaltyCountPatterns
                0x08009b2c       0x6c ./Core/Src/qrcodegen.o
 .text.initializeFunctionModules
                0x08009b98       0xec ./Core/Src/qrcodegen.o
 .text.finderPenaltyAddHistory
                0x08009c84       0x1c ./Core/Src/qrcodegen.o
 .text.getNumDataCodewords
                0x08009ca0       0x50 ./Core/Src/qrcodegen.o
 .text.getModuleBounded
                0x08009cf0       0x48 ./Core/Src/qrcodegen.o
 .text.setModuleUnbounded.constprop.0
                0x08009d38       0x14 ./Core/Src/qrcodegen.o
 .text.qrcodegen_getSize
                0x08009d4c       0x40 ./Core/Src/qrcodegen.o
                0x08009d4c                qrcodegen_getSize
 .text.applyMask
                0x08009d8c      0x100 ./Core/Src/qrcodegen.o
 .text.drawFormatBits
                0x08009e8c      0x124 ./Core/Src/qrcodegen.o
 .text.qrcodegen_encodeSegmentsAdvanced
                0x08009fb0      0x904 ./Core/Src/qrcodegen.o
                0x08009fb0                qrcodegen_encodeSegmentsAdvanced
 .text.qrcodegen_getModule
                0x0800a8b4       0x3c ./Core/Src/qrcodegen.o
                0x0800a8b4                qrcodegen_getModule
 .text.qrcodegen_isNumeric
                0x0800a8f0       0x38 ./Core/Src/qrcodegen.o
                0x0800a8f0                qrcodegen_isNumeric
 .text.qrcodegen_isAlphanumeric
                0x0800a928       0x3c ./Core/Src/qrcodegen.o
                0x0800a928                qrcodegen_isAlphanumeric
 .text.qrcodegen_calcSegmentBufferSize
                0x0800a964       0x38 ./Core/Src/qrcodegen.o
                0x0800a964                qrcodegen_calcSegmentBufferSize
 .text.qrcodegen_makeNumeric
                0x0800a99c       0xe8 ./Core/Src/qrcodegen.o
                0x0800a99c                qrcodegen_makeNumeric
 .text.qrcodegen_makeAlphanumeric
                0x0800aa84       0xf8 ./Core/Src/qrcodegen.o
                0x0800aa84                qrcodegen_makeAlphanumeric
 .text.qrcodegen_encodeText
                0x0800ab7c       0xde ./Core/Src/qrcodegen.o
                0x0800ab7c                qrcodegen_encodeText
 *fill*         0x0800ac5a        0x2 
 .text.GasIndexAlgorithm__init_instances
                0x0800ac5c      0x13c ./Core/Src/sensirion_gas_index_algorithm.o
 .text.GasIndexAlgorithm__mean_variance_estimator___sigmoid__process
                0x0800ad98       0x58 ./Core/Src/sensirion_gas_index_algorithm.o
 .text.GasIndexAlgorithm_reset
                0x0800adf0       0x10 ./Core/Src/sensirion_gas_index_algorithm.o
                0x0800adf0                GasIndexAlgorithm_reset
 .text.GasIndexAlgorithm_init_with_sampling_interval
                0x0800ae00       0x84 ./Core/Src/sensirion_gas_index_algorithm.o
                0x0800ae00                GasIndexAlgorithm_init_with_sampling_interval
 .text.GasIndexAlgorithm_process
                0x0800ae84      0x560 ./Core/Src/sensirion_gas_index_algorithm.o
                0x0800ae84                GasIndexAlgorithm_process
 .text.HAL_MspInit
                0x0800b3e4       0x30 ./Core/Src/stm32u0xx_hal_msp.o
                0x0800b3e4                HAL_MspInit
 .text.HAL_ADC_MspInit
                0x0800b414       0x7c ./Core/Src/stm32u0xx_hal_msp.o
                0x0800b414                HAL_ADC_MspInit
 .text.HAL_ADC_MspDeInit
                0x0800b490       0x30 ./Core/Src/stm32u0xx_hal_msp.o
                0x0800b490                HAL_ADC_MspDeInit
 .text.HAL_I2C_MspInit
                0x0800b4c0       0x84 ./Core/Src/stm32u0xx_hal_msp.o
                0x0800b4c0                HAL_I2C_MspInit
 .text.HAL_I2C_MspDeInit
                0x0800b544       0x38 ./Core/Src/stm32u0xx_hal_msp.o
                0x0800b544                HAL_I2C_MspDeInit
 .text.HAL_LPTIM_MspInit
                0x0800b57c       0x64 ./Core/Src/stm32u0xx_hal_msp.o
                0x0800b57c                HAL_LPTIM_MspInit
 .text.HAL_LPTIM_MspDeInit
                0x0800b5e0       0x28 ./Core/Src/stm32u0xx_hal_msp.o
                0x0800b5e0                HAL_LPTIM_MspDeInit
 .text.HAL_RTC_MspInit
                0x0800b608       0x70 ./Core/Src/stm32u0xx_hal_msp.o
                0x0800b608                HAL_RTC_MspInit
 .text.HAL_SPI_MspInit
                0x0800b678       0xa4 ./Core/Src/stm32u0xx_hal_msp.o
                0x0800b678                HAL_SPI_MspInit
 .text.HAL_SPI_MspDeInit
                0x0800b71c       0x50 ./Core/Src/stm32u0xx_hal_msp.o
                0x0800b71c                HAL_SPI_MspDeInit
 .text.HAL_UART_MspInit
                0x0800b76c       0xf4 ./Core/Src/stm32u0xx_hal_msp.o
                0x0800b76c                HAL_UART_MspInit
 .text.HAL_UART_MspDeInit
                0x0800b860       0x58 ./Core/Src/stm32u0xx_hal_msp.o
                0x0800b860                HAL_UART_MspDeInit
 .text.NMI_Handler
                0x0800b8b8        0x2 ./Core/Src/stm32u0xx_it.o
                0x0800b8b8                NMI_Handler
 .text.HardFault_Handler
                0x0800b8ba        0x2 ./Core/Src/stm32u0xx_it.o
                0x0800b8ba                HardFault_Handler
 .text.SVC_Handler
                0x0800b8bc        0x2 ./Core/Src/stm32u0xx_it.o
                0x0800b8bc                SVC_Handler
 .text.PendSV_Handler
                0x0800b8be        0x2 ./Core/Src/stm32u0xx_it.o
                0x0800b8be                PendSV_Handler
 .text.SysTick_Handler
                0x0800b8c0        0x8 ./Core/Src/stm32u0xx_it.o
                0x0800b8c0                SysTick_Handler
 .text.RTC_TAMP_IRQHandler
                0x0800b8c8       0x10 ./Core/Src/stm32u0xx_it.o
                0x0800b8c8                RTC_TAMP_IRQHandler
 .text.EXTI2_3_IRQHandler
                0x0800b8d8       0x14 ./Core/Src/stm32u0xx_it.o
                0x0800b8d8                EXTI2_3_IRQHandler
 .text.EXTI4_15_IRQHandler
                0x0800b8ec       0x1c ./Core/Src/stm32u0xx_it.o
                0x0800b8ec                EXTI4_15_IRQHandler
 .text.TIM7_LPTIM2_IRQHandler
                0x0800b908       0x10 ./Core/Src/stm32u0xx_it.o
                0x0800b908                TIM7_LPTIM2_IRQHandler
 .text.USART4_LPUART3_IRQHandler
                0x0800b918       0x10 ./Core/Src/stm32u0xx_it.o
                0x0800b918                USART4_LPUART3_IRQHandler
 .text._getpid  0x0800b928        0x4 ./Core/Src/syscalls.o
                0x0800b928                _getpid
 .text._kill    0x0800b92c       0x10 ./Core/Src/syscalls.o
                0x0800b92c                _kill
 .text._exit    0x0800b93c        0xc ./Core/Src/syscalls.o
                0x0800b93c                _exit
 .text._read    0x0800b948       0x1a ./Core/Src/syscalls.o
                0x0800b948                _read
 .text._close   0x0800b962        0x6 ./Core/Src/syscalls.o
                0x0800b962                _close
 .text._fstat   0x0800b968        0xa ./Core/Src/syscalls.o
                0x0800b968                _fstat
 .text._isatty  0x0800b972        0x4 ./Core/Src/syscalls.o
                0x0800b972                _isatty
 .text._lseek   0x0800b976        0x4 ./Core/Src/syscalls.o
                0x0800b976                _lseek
 *fill*         0x0800b97a        0x2 
 .text._sbrk    0x0800b97c       0x40 ./Core/Src/sysmem.o
                0x0800b97c                _sbrk
 .text.SystemInit
                0x0800b9bc       0x38 ./Core/Src/system_stm32u0xx.o
                0x0800b9bc                SystemInit
 .text.Reset_Handler
                0x0800b9f4       0x50 ./Core/Startup/startup_stm32u073rctx.o
                0x0800b9f4                Reset_Handler
 .text.Default_Handler
                0x0800ba44        0x2 ./Core/Startup/startup_stm32u073rctx.o
                0x0800ba44                WWDG_IWDG_IRQHandler
                0x0800ba44                DMA1_Ch4_7_DMA2_Ch1_5_DMAMUX_OVR_IRQHandler
                0x0800ba44                TIM1_CC_IRQHandler
                0x0800ba44                TSC_IRQHandler
                0x0800ba44                USB_DRD_FS_IRQHandler
                0x0800ba44                I2C1_IRQHandler
                0x0800ba44                RCC_CRS_IRQHandler
                0x0800ba44                I2C2_3_4_IRQHandler
                0x0800ba44                SPI1_IRQHandler
                0x0800ba44                USART2_LPUART2_IRQHandler
                0x0800ba44                LCD_IRQHandler
                0x0800ba44                TIM16_IRQHandler
                0x0800ba44                TIM3_IRQHandler
                0x0800ba44                DMA1_Channel1_IRQHandler
                0x0800ba44                Default_Handler
                0x0800ba44                TIM15_LPTIM3_IRQHandler
                0x0800ba44                EXTI0_1_IRQHandler
                0x0800ba44                SPI2_3_IRQHandler
                0x0800ba44                ADC_COMP1_2_IRQHandler
                0x0800ba44                PVD_PVM_IRQHandler
                0x0800ba44                TIM6_DAC_LPTIM1_IRQHandler
                0x0800ba44                TIM2_IRQHandler
                0x0800ba44                DMA1_Channel2_3_IRQHandler
                0x0800ba44                FLASH_ECC_IRQHandler
                0x0800ba44                USART3_LPUART1_IRQHandler
                0x0800ba44                USART1_IRQHandler
                0x0800ba44                TIM1_BRK_UP_TRG_COM_IRQHandler
                0x0800ba44                RNG_CRYP_IRQHandler
 *fill*         0x0800ba46        0x2 
 .text.HAL_InitTick
                0x0800ba48       0x50 ./Drivers/STM32U0xx_HAL_Driver/Src/stm32u0xx_hal.o
                0x0800ba48                HAL_InitTick
 .text.HAL_Init
                0x0800ba98       0x18 ./Drivers/STM32U0xx_HAL_Driver/Src/stm32u0xx_hal.o
                0x0800ba98                HAL_Init
 .text.HAL_IncTick
                0x0800bab0       0x18 ./Drivers/STM32U0xx_HAL_Driver/Src/stm32u0xx_hal.o
                0x0800bab0                HAL_IncTick
 .text.HAL_GetTick
                0x0800bac8        0xc ./Drivers/STM32U0xx_HAL_Driver/Src/stm32u0xx_hal.o
                0x0800bac8                HAL_GetTick
 .text.HAL_Delay
                0x0800bad4       0x24 ./Drivers/STM32U0xx_HAL_Driver/Src/stm32u0xx_hal.o
                0x0800bad4                HAL_Delay
 .text.HAL_SuspendTick
                0x0800baf8       0x10 ./Drivers/STM32U0xx_HAL_Driver/Src/stm32u0xx_hal.o
                0x0800baf8                HAL_SuspendTick
 .text.HAL_ResumeTick
                0x0800bb08       0x10 ./Drivers/STM32U0xx_HAL_Driver/Src/stm32u0xx_hal.o
                0x0800bb08                HAL_ResumeTick
 .text.LL_ADC_REG_IsConversionOngoing
                0x0800bb18        0x8 ./Drivers/STM32U0xx_HAL_Driver/Src/stm32u0xx_hal_adc.o
 .text.HAL_ADC_Init
                0x0800bb20      0x220 ./Drivers/STM32U0xx_HAL_Driver/Src/stm32u0xx_hal_adc.o
                0x0800bb20                HAL_ADC_Init
 .text.HAL_ADC_PollForConversion
                0x0800bd40       0xc8 ./Drivers/STM32U0xx_HAL_Driver/Src/stm32u0xx_hal_adc.o
                0x0800bd40                HAL_ADC_PollForConversion
 .text.HAL_ADC_GetValue
                0x0800be08        0x6 ./Drivers/STM32U0xx_HAL_Driver/Src/stm32u0xx_hal_adc.o
                0x0800be08                HAL_ADC_GetValue
 *fill*         0x0800be0e        0x2 
 .text.HAL_ADC_ConfigChannel
                0x0800be10      0x1c8 ./Drivers/STM32U0xx_HAL_Driver/Src/stm32u0xx_hal_adc.o
                0x0800be10                HAL_ADC_ConfigChannel
 .text.ADC_ConversionStop
                0x0800bfd8       0x60 ./Drivers/STM32U0xx_HAL_Driver/Src/stm32u0xx_hal_adc.o
                0x0800bfd8                ADC_ConversionStop
 .text.ADC_Enable
                0x0800c038       0xb8 ./Drivers/STM32U0xx_HAL_Driver/Src/stm32u0xx_hal_adc.o
                0x0800c038                ADC_Enable
 .text.HAL_ADC_Start
                0x0800c0f0       0x5c ./Drivers/STM32U0xx_HAL_Driver/Src/stm32u0xx_hal_adc.o
                0x0800c0f0                HAL_ADC_Start
 .text.ADC_Disable
                0x0800c14c       0x78 ./Drivers/STM32U0xx_HAL_Driver/Src/stm32u0xx_hal_adc.o
                0x0800c14c                ADC_Disable
 .text.HAL_ADC_DeInit
                0x0800c1c4       0xac ./Drivers/STM32U0xx_HAL_Driver/Src/stm32u0xx_hal_adc.o
                0x0800c1c4                HAL_ADC_DeInit
 .text.HAL_ADC_Stop
                0x0800c270       0x3c ./Drivers/STM32U0xx_HAL_Driver/Src/stm32u0xx_hal_adc.o
                0x0800c270                HAL_ADC_Stop
 .text.HAL_ADCEx_Calibration_Start
                0x0800c2ac      0x164 ./Drivers/STM32U0xx_HAL_Driver/Src/stm32u0xx_hal_adc_ex.o
                0x0800c2ac                HAL_ADCEx_Calibration_Start
 .text.HAL_NVIC_SetPriority
                0x0800c410       0x54 ./Drivers/STM32U0xx_HAL_Driver/Src/stm32u0xx_hal_cortex.o
                0x0800c410                HAL_NVIC_SetPriority
 .text.HAL_NVIC_EnableIRQ
                0x0800c464       0x18 ./Drivers/STM32U0xx_HAL_Driver/Src/stm32u0xx_hal_cortex.o
                0x0800c464                HAL_NVIC_EnableIRQ
 .text.HAL_NVIC_DisableIRQ
                0x0800c47c       0x20 ./Drivers/STM32U0xx_HAL_Driver/Src/stm32u0xx_hal_cortex.o
                0x0800c47c                HAL_NVIC_DisableIRQ
 .text.HAL_SYSTICK_Config
                0x0800c49c       0x34 ./Drivers/STM32U0xx_HAL_Driver/Src/stm32u0xx_hal_cortex.o
                0x0800c49c                HAL_SYSTICK_Config
 .text.HAL_DMA_Abort
                0x0800c4d0       0x6c ./Drivers/STM32U0xx_HAL_Driver/Src/stm32u0xx_hal_dma.o
                0x0800c4d0                HAL_DMA_Abort
 .text.HAL_DMA_Abort_IT
                0x0800c53c       0x6c ./Drivers/STM32U0xx_HAL_Driver/Src/stm32u0xx_hal_dma.o
                0x0800c53c                HAL_DMA_Abort_IT
 .text.HAL_GPIO_Init
                0x0800c5a8      0x17c ./Drivers/STM32U0xx_HAL_Driver/Src/stm32u0xx_hal_gpio.o
                0x0800c5a8                HAL_GPIO_Init
 .text.HAL_GPIO_DeInit
                0x0800c724      0x100 ./Drivers/STM32U0xx_HAL_Driver/Src/stm32u0xx_hal_gpio.o
                0x0800c724                HAL_GPIO_DeInit
 .text.HAL_GPIO_ReadPin
                0x0800c824        0xc ./Drivers/STM32U0xx_HAL_Driver/Src/stm32u0xx_hal_gpio.o
                0x0800c824                HAL_GPIO_ReadPin
 .text.HAL_GPIO_WritePin
                0x0800c830        0xc ./Drivers/STM32U0xx_HAL_Driver/Src/stm32u0xx_hal_gpio.o
                0x0800c830                HAL_GPIO_WritePin
 .text.HAL_GPIO_EXTI_IRQHandler
                0x0800c83c       0x28 ./Drivers/STM32U0xx_HAL_Driver/Src/stm32u0xx_hal_gpio.o
                0x0800c83c                HAL_GPIO_EXTI_IRQHandler
 .text.I2C_Flush_TXDR
                0x0800c864       0x1c ./Drivers/STM32U0xx_HAL_Driver/Src/stm32u0xx_hal_i2c.o
 .text.I2C_TransferConfig
                0x0800c880       0x2c ./Drivers/STM32U0xx_HAL_Driver/Src/stm32u0xx_hal_i2c.o
 .text.I2C_IsErrorOccurred
                0x0800c8ac       0xfc ./Drivers/STM32U0xx_HAL_Driver/Src/stm32u0xx_hal_i2c.o
 .text.I2C_WaitOnTXISFlagUntilTimeout
                0x0800c9a8       0x5c ./Drivers/STM32U0xx_HAL_Driver/Src/stm32u0xx_hal_i2c.o
 .text.I2C_WaitOnFlagUntilTimeout
                0x0800ca04       0x6e ./Drivers/STM32U0xx_HAL_Driver/Src/stm32u0xx_hal_i2c.o
 .text.I2C_WaitOnSTOPFlagUntilTimeout
                0x0800ca72       0x54 ./Drivers/STM32U0xx_HAL_Driver/Src/stm32u0xx_hal_i2c.o
 *fill*         0x0800cac6        0x2 
 .text.I2C_WaitOnRXNEFlagUntilTimeout
                0x0800cac8       0xa0 ./Drivers/STM32U0xx_HAL_Driver/Src/stm32u0xx_hal_i2c.o
 .text.HAL_I2C_Init
                0x0800cb68       0xbc ./Drivers/STM32U0xx_HAL_Driver/Src/stm32u0xx_hal_i2c.o
                0x0800cb68                HAL_I2C_Init
 .text.HAL_I2C_DeInit
                0x0800cc24       0x34 ./Drivers/STM32U0xx_HAL_Driver/Src/stm32u0xx_hal_i2c.o
                0x0800cc24                HAL_I2C_DeInit
 .text.HAL_I2C_Master_Transmit
                0x0800cc58      0x118 ./Drivers/STM32U0xx_HAL_Driver/Src/stm32u0xx_hal_i2c.o
                0x0800cc58                HAL_I2C_Master_Transmit
 .text.HAL_I2C_Master_Receive
                0x0800cd70      0x11c ./Drivers/STM32U0xx_HAL_Driver/Src/stm32u0xx_hal_i2c.o
                0x0800cd70                HAL_I2C_Master_Receive
 .text.HAL_I2C_Mem_Write
                0x0800ce8c      0x1b4 ./Drivers/STM32U0xx_HAL_Driver/Src/stm32u0xx_hal_i2c.o
                0x0800ce8c                HAL_I2C_Mem_Write
 .text.HAL_I2C_Mem_Read
                0x0800d040      0x1bc ./Drivers/STM32U0xx_HAL_Driver/Src/stm32u0xx_hal_i2c.o
                0x0800d040                HAL_I2C_Mem_Read
 .text.HAL_I2C_IsDeviceReady
                0x0800d1fc      0x118 ./Drivers/STM32U0xx_HAL_Driver/Src/stm32u0xx_hal_i2c.o
                0x0800d1fc                HAL_I2C_IsDeviceReady
 .text.HAL_I2CEx_ConfigAnalogFilter
                0x0800d314       0x4c ./Drivers/STM32U0xx_HAL_Driver/Src/stm32u0xx_hal_i2c_ex.o
                0x0800d314                HAL_I2CEx_ConfigAnalogFilter
 .text.HAL_I2CEx_ConfigDigitalFilter
                0x0800d360       0x48 ./Drivers/STM32U0xx_HAL_Driver/Src/stm32u0xx_hal_i2c_ex.o
                0x0800d360                HAL_I2CEx_ConfigDigitalFilter
 .text.LPTIM_WaitForFlag
                0x0800d3a8       0x3c ./Drivers/STM32U0xx_HAL_Driver/Src/stm32u0xx_hal_lptim.o
 .text.HAL_LPTIM_Init
                0x0800d3e4      0x160 ./Drivers/STM32U0xx_HAL_Driver/Src/stm32u0xx_hal_lptim.o
                0x0800d3e4                HAL_LPTIM_Init
 .text.HAL_LPTIM_Counter_Start_IT
                0x0800d544       0x58 ./Drivers/STM32U0xx_HAL_Driver/Src/stm32u0xx_hal_lptim.o
                0x0800d544                HAL_LPTIM_Counter_Start_IT
 .text.HAL_LPTIM_Counter_Stop_IT
                0x0800d59c       0xd0 ./Drivers/STM32U0xx_HAL_Driver/Src/stm32u0xx_hal_lptim.o
                0x0800d59c                HAL_LPTIM_Counter_Stop_IT
 .text.HAL_LPTIM_CompareMatchCallback
                0x0800d66c        0x2 ./Drivers/STM32U0xx_HAL_Driver/Src/stm32u0xx_hal_lptim.o
                0x0800d66c                HAL_LPTIM_CompareMatchCallback
 .text.HAL_LPTIM_TriggerCallback
                0x0800d66e        0x2 ./Drivers/STM32U0xx_HAL_Driver/Src/stm32u0xx_hal_lptim.o
                0x0800d66e                HAL_LPTIM_TriggerCallback
 .text.HAL_LPTIM_CompareWriteCallback
                0x0800d670        0x2 ./Drivers/STM32U0xx_HAL_Driver/Src/stm32u0xx_hal_lptim.o
                0x0800d670                HAL_LPTIM_CompareWriteCallback
 .text.HAL_LPTIM_AutoReloadWriteCallback
                0x0800d672        0x2 ./Drivers/STM32U0xx_HAL_Driver/Src/stm32u0xx_hal_lptim.o
                0x0800d672                HAL_LPTIM_AutoReloadWriteCallback
 .text.HAL_LPTIM_DirectionUpCallback
                0x0800d674        0x2 ./Drivers/STM32U0xx_HAL_Driver/Src/stm32u0xx_hal_lptim.o
                0x0800d674                HAL_LPTIM_DirectionUpCallback
 .text.HAL_LPTIM_DirectionDownCallback
                0x0800d676        0x2 ./Drivers/STM32U0xx_HAL_Driver/Src/stm32u0xx_hal_lptim.o
                0x0800d676                HAL_LPTIM_DirectionDownCallback
 .text.HAL_LPTIM_UpdateEventCallback
                0x0800d678        0x2 ./Drivers/STM32U0xx_HAL_Driver/Src/stm32u0xx_hal_lptim.o
                0x0800d678                HAL_LPTIM_UpdateEventCallback
 .text.HAL_LPTIM_RepCounterWriteCallback
                0x0800d67a        0x2 ./Drivers/STM32U0xx_HAL_Driver/Src/stm32u0xx_hal_lptim.o
                0x0800d67a                HAL_LPTIM_RepCounterWriteCallback
 .text.HAL_LPTIM_IC_CaptureCallback
                0x0800d67c        0x2 ./Drivers/STM32U0xx_HAL_Driver/Src/stm32u0xx_hal_lptim.o
                0x0800d67c                HAL_LPTIM_IC_CaptureCallback
 .text.HAL_LPTIM_IC_OverCaptureCallback
                0x0800d67e        0x2 ./Drivers/STM32U0xx_HAL_Driver/Src/stm32u0xx_hal_lptim.o
                0x0800d67e                HAL_LPTIM_IC_OverCaptureCallback
 .text.HAL_LPTIM_IRQHandler
                0x0800d680      0x256 ./Drivers/STM32U0xx_HAL_Driver/Src/stm32u0xx_hal_lptim.o
                0x0800d680                HAL_LPTIM_IRQHandler
 *fill*         0x0800d8d6        0x2 
 .text.HAL_PWR_EnableBkUpAccess
                0x0800d8d8       0x14 ./Drivers/STM32U0xx_HAL_Driver/Src/stm32u0xx_hal_pwr.o
                0x0800d8d8                HAL_PWR_EnableBkUpAccess
 .text.HAL_PWREx_ControlVoltageScaling
                0x0800d8ec       0x7c ./Drivers/STM32U0xx_HAL_Driver/Src/stm32u0xx_hal_pwr_ex.o
                0x0800d8ec                HAL_PWREx_ControlVoltageScaling
 .text.HAL_PWREx_GetVoltageRange
                0x0800d968       0x10 ./Drivers/STM32U0xx_HAL_Driver/Src/stm32u0xx_hal_pwr_ex.o
                0x0800d968                HAL_PWREx_GetVoltageRange
 .text.HAL_PWREx_EnterSTOP2Mode
                0x0800d978       0x44 ./Drivers/STM32U0xx_HAL_Driver/Src/stm32u0xx_hal_pwr_ex.o
                0x0800d978                HAL_PWREx_EnterSTOP2Mode
 .text.RCC_SetFlashLatencyFromMSIRange
                0x0800d9bc       0x80 ./Drivers/STM32U0xx_HAL_Driver/Src/stm32u0xx_hal_rcc.o
 .text.HAL_RCC_GetSysClockFreq
                0x0800da3c       0xbc ./Drivers/STM32U0xx_HAL_Driver/Src/stm32u0xx_hal_rcc.o
                0x0800da3c                HAL_RCC_GetSysClockFreq
 .text.HAL_RCC_OscConfig
                0x0800daf8      0x530 ./Drivers/STM32U0xx_HAL_Driver/Src/stm32u0xx_hal_rcc.o
                0x0800daf8                HAL_RCC_OscConfig
 .text.HAL_RCC_ClockConfig
                0x0800e028      0x128 ./Drivers/STM32U0xx_HAL_Driver/Src/stm32u0xx_hal_rcc.o
                0x0800e028                HAL_RCC_ClockConfig
 .text.HAL_RCC_GetPCLK1Freq
                0x0800e150       0x24 ./Drivers/STM32U0xx_HAL_Driver/Src/stm32u0xx_hal_rcc.o
                0x0800e150                HAL_RCC_GetPCLK1Freq
 .text.HAL_RCCEx_PeriphCLKConfig
                0x0800e174      0x280 ./Drivers/STM32U0xx_HAL_Driver/Src/stm32u0xx_hal_rcc_ex.o
                0x0800e174                HAL_RCCEx_PeriphCLKConfig
 .text.HAL_RCCEx_GetPLLClockFreq
                0x0800e3f4       0xc0 ./Drivers/STM32U0xx_HAL_Driver/Src/stm32u0xx_hal_rcc_ex.o
                0x0800e3f4                HAL_RCCEx_GetPLLClockFreq
 .text.HAL_RCCEx_GetPeriphCLKFreq
                0x0800e4b4      0x310 ./Drivers/STM32U0xx_HAL_Driver/Src/stm32u0xx_hal_rcc_ex.o
                0x0800e4b4                HAL_RCCEx_GetPeriphCLKFreq
 .text.HAL_RTC_WaitForSynchro
                0x0800e7c4       0x34 ./Drivers/STM32U0xx_HAL_Driver/Src/stm32u0xx_hal_rtc.o
                0x0800e7c4                HAL_RTC_WaitForSynchro
 .text.RTC_EnterInitMode
                0x0800e7f8       0x3c ./Drivers/STM32U0xx_HAL_Driver/Src/stm32u0xx_hal_rtc.o
                0x0800e7f8                RTC_EnterInitMode
 .text.HAL_RTC_Init
                0x0800e834       0xb8 ./Drivers/STM32U0xx_HAL_Driver/Src/stm32u0xx_hal_rtc.o
                0x0800e834                HAL_RTC_Init
 .text.RTC_ByteToBcd2
                0x0800e8ec       0x16 ./Drivers/STM32U0xx_HAL_Driver/Src/stm32u0xx_hal_rtc.o
                0x0800e8ec                RTC_ByteToBcd2
 *fill*         0x0800e902        0x2 
 .text.HAL_RTC_SetTime
                0x0800e904      0x11c ./Drivers/STM32U0xx_HAL_Driver/Src/stm32u0xx_hal_rtc.o
                0x0800e904                HAL_RTC_SetTime
 .text.HAL_RTC_SetDate
                0x0800ea20       0xdc ./Drivers/STM32U0xx_HAL_Driver/Src/stm32u0xx_hal_rtc.o
                0x0800ea20                HAL_RTC_SetDate
 .text.RTC_Bcd2ToByte
                0x0800eafc       0x12 ./Drivers/STM32U0xx_HAL_Driver/Src/stm32u0xx_hal_rtc.o
                0x0800eafc                RTC_Bcd2ToByte
 *fill*         0x0800eb0e        0x2 
 .text.HAL_RTC_GetTime
                0x0800eb10       0x64 ./Drivers/STM32U0xx_HAL_Driver/Src/stm32u0xx_hal_rtc.o
                0x0800eb10                HAL_RTC_GetTime
 .text.HAL_RTC_GetDate
                0x0800eb74       0x48 ./Drivers/STM32U0xx_HAL_Driver/Src/stm32u0xx_hal_rtc.o
                0x0800eb74                HAL_RTC_GetDate
 .text.HAL_RTCEx_SetWakeUpTimer_IT
                0x0800ebbc       0xe4 ./Drivers/STM32U0xx_HAL_Driver/Src/stm32u0xx_hal_rtc_ex.o
                0x0800ebbc                HAL_RTCEx_SetWakeUpTimer_IT
 .text.HAL_RTCEx_DeactivateWakeUpTimer
                0x0800eca0       0x34 ./Drivers/STM32U0xx_HAL_Driver/Src/stm32u0xx_hal_rtc_ex.o
                0x0800eca0                HAL_RTCEx_DeactivateWakeUpTimer
 .text.HAL_RTCEx_WakeUpTimerIRQHandler
                0x0800ecd4       0x20 ./Drivers/STM32U0xx_HAL_Driver/Src/stm32u0xx_hal_rtc_ex.o
                0x0800ecd4                HAL_RTCEx_WakeUpTimerIRQHandler
 .text.SPI_WaitFlagStateUntilTimeout.constprop.0
                0x0800ecf4       0xb8 ./Drivers/STM32U0xx_HAL_Driver/Src/stm32u0xx_hal_spi.o
 .text.SPI_WaitFifoStateUntilTimeout.constprop.0
                0x0800edac       0xd8 ./Drivers/STM32U0xx_HAL_Driver/Src/stm32u0xx_hal_spi.o
 .text.SPI_EndRxTxTransaction
                0x0800ee84       0x46 ./Drivers/STM32U0xx_HAL_Driver/Src/stm32u0xx_hal_spi.o
 .text.HAL_SPI_Init
                0x0800eeca       0xe2 ./Drivers/STM32U0xx_HAL_Driver/Src/stm32u0xx_hal_spi.o
                0x0800eeca                HAL_SPI_Init
 .text.HAL_SPI_DeInit
                0x0800efac       0x2e ./Drivers/STM32U0xx_HAL_Driver/Src/stm32u0xx_hal_spi.o
                0x0800efac                HAL_SPI_DeInit
 .text.HAL_SPI_Transmit
                0x0800efda      0x18a ./Drivers/STM32U0xx_HAL_Driver/Src/stm32u0xx_hal_spi.o
                0x0800efda                HAL_SPI_Transmit
 .text.UART_EndRxTransfer
                0x0800f164       0x64 ./Drivers/STM32U0xx_HAL_Driver/Src/stm32u0xx_hal_uart.o
 .text.HAL_UART_DeInit
                0x0800f1c8       0x40 ./Drivers/STM32U0xx_HAL_Driver/Src/stm32u0xx_hal_uart.o
                0x0800f1c8                HAL_UART_DeInit
 .text.HAL_UART_TxCpltCallback
                0x0800f208        0x2 ./Drivers/STM32U0xx_HAL_Driver/Src/stm32u0xx_hal_uart.o
                0x0800f208                HAL_UART_TxCpltCallback
 .text.UART_DMAAbortOnError
                0x0800f20a       0x12 ./Drivers/STM32U0xx_HAL_Driver/Src/stm32u0xx_hal_uart.o
 .text.HAL_UARTEx_RxEventCallback
                0x0800f21c        0x2 ./Drivers/STM32U0xx_HAL_Driver/Src/stm32u0xx_hal_uart.o
                0x0800f21c                HAL_UARTEx_RxEventCallback
 *fill*         0x0800f21e        0x2 
 .text.HAL_UART_IRQHandler
                0x0800f220      0x344 ./Drivers/STM32U0xx_HAL_Driver/Src/stm32u0xx_hal_uart.o
                0x0800f220                HAL_UART_IRQHandler
 .text.UART_RxISR_8BIT
                0x0800f564       0xf4 ./Drivers/STM32U0xx_HAL_Driver/Src/stm32u0xx_hal_uart.o
 .text.UART_RxISR_16BIT
                0x0800f658       0xf4 ./Drivers/STM32U0xx_HAL_Driver/Src/stm32u0xx_hal_uart.o
 .text.UART_RxISR_8BIT_FIFOEN
                0x0800f74c      0x1e8 ./Drivers/STM32U0xx_HAL_Driver/Src/stm32u0xx_hal_uart.o
 .text.UART_RxISR_16BIT_FIFOEN
                0x0800f934      0x1e4 ./Drivers/STM32U0xx_HAL_Driver/Src/stm32u0xx_hal_uart.o
 .text.UART_SetConfig
                0x0800fb18      0x1c0 ./Drivers/STM32U0xx_HAL_Driver/Src/stm32u0xx_hal_uart.o
                0x0800fb18                UART_SetConfig
 .text.UART_AdvFeatureConfig
                0x0800fcd8       0xd0 ./Drivers/STM32U0xx_HAL_Driver/Src/stm32u0xx_hal_uart.o
                0x0800fcd8                UART_AdvFeatureConfig
 .text.UART_WaitOnFlagUntilTimeout
                0x0800fda8       0x92 ./Drivers/STM32U0xx_HAL_Driver/Src/stm32u0xx_hal_uart.o
                0x0800fda8                UART_WaitOnFlagUntilTimeout
 .text.HAL_UART_Transmit
                0x0800fe3a       0xd4 ./Drivers/STM32U0xx_HAL_Driver/Src/stm32u0xx_hal_uart.o
                0x0800fe3a                HAL_UART_Transmit
 *fill*         0x0800ff0e        0x2 
 .text.HAL_UART_Receive
                0x0800ff10      0x100 ./Drivers/STM32U0xx_HAL_Driver/Src/stm32u0xx_hal_uart.o
                0x0800ff10                HAL_UART_Receive
 .text.UART_CheckIdleState
                0x08010010       0xc8 ./Drivers/STM32U0xx_HAL_Driver/Src/stm32u0xx_hal_uart.o
                0x08010010                UART_CheckIdleState
 .text.HAL_UART_Init
                0x080100d8       0x68 ./Drivers/STM32U0xx_HAL_Driver/Src/stm32u0xx_hal_uart.o
                0x080100d8                HAL_UART_Init
 .text.UART_Start_Receive_IT
                0x08010140      0x134 ./Drivers/STM32U0xx_HAL_Driver/Src/stm32u0xx_hal_uart.o
                0x08010140                UART_Start_Receive_IT
 .text.HAL_UART_Receive_IT
                0x08010274       0x7c ./Drivers/STM32U0xx_HAL_Driver/Src/stm32u0xx_hal_uart.o
                0x08010274                HAL_UART_Receive_IT
 .text.UARTEx_SetNbDataToProcess
                0x080102f0       0x50 ./Drivers/STM32U0xx_HAL_Driver/Src/stm32u0xx_hal_uart_ex.o
 .text.HAL_UARTEx_WakeupCallback
                0x08010340        0x2 ./Drivers/STM32U0xx_HAL_Driver/Src/stm32u0xx_hal_uart_ex.o
                0x08010340                HAL_UARTEx_WakeupCallback
 .text.HAL_UARTEx_RxFifoFullCallback
                0x08010342        0x2 ./Drivers/STM32U0xx_HAL_Driver/Src/stm32u0xx_hal_uart_ex.o
                0x08010342                HAL_UARTEx_RxFifoFullCallback
 .text.HAL_UARTEx_TxFifoEmptyCallback
                0x08010344        0x2 ./Drivers/STM32U0xx_HAL_Driver/Src/stm32u0xx_hal_uart_ex.o
                0x08010344                HAL_UARTEx_TxFifoEmptyCallback
 *fill*         0x08010346        0x2 
 .text.HAL_UARTEx_DisableFifoMode
                0x08010348       0x3c ./Drivers/STM32U0xx_HAL_Driver/Src/stm32u0xx_hal_uart_ex.o
                0x08010348                HAL_UARTEx_DisableFifoMode
 .text.HAL_UARTEx_SetTxFifoThreshold
                0x08010384       0x40 ./Drivers/STM32U0xx_HAL_Driver/Src/stm32u0xx_hal_uart_ex.o
                0x08010384                HAL_UARTEx_SetTxFifoThreshold
 .text.HAL_UARTEx_SetRxFifoThreshold
                0x080103c4       0x44 ./Drivers/STM32U0xx_HAL_Driver/Src/stm32u0xx_hal_uart_ex.o
                0x080103c4                HAL_UARTEx_SetRxFifoThreshold
 .text.__assert_func
                0x08010408       0x3c C:/ST/STM32CubeIDE_1.10.1/STM32CubeIDE/plugins/com.st.stm32cube.ide.mcu.externaltools.gnu-tools-for-stm32.13.3.rel1.win32_1.0.0.202411081344/tools/bin/../lib/gcc/arm-none-eabi/13.3.1/../../../../arm-none-eabi/lib/thumb/v6-m/nofp\libc_nano.a(libc_a-assert.o)
                0x08010408                __assert_func
 .text.malloc   0x08010444       0x14 C:/ST/STM32CubeIDE_1.10.1/STM32CubeIDE/plugins/com.st.stm32cube.ide.mcu.externaltools.gnu-tools-for-stm32.13.3.rel1.win32_1.0.0.202411081344/tools/bin/../lib/gcc/arm-none-eabi/13.3.1/../../../../arm-none-eabi/lib/thumb/v6-m/nofp\libc_nano.a(libc_a-malloc.o)
                0x08010444                malloc
 .text.free     0x08010458       0x14 C:/ST/STM32CubeIDE_1.10.1/STM32CubeIDE/plugins/com.st.stm32cube.ide.mcu.externaltools.gnu-tools-for-stm32.13.3.rel1.win32_1.0.0.202411081344/tools/bin/../lib/gcc/arm-none-eabi/13.3.1/../../../../arm-none-eabi/lib/thumb/v6-m/nofp\libc_nano.a(libc_a-malloc.o)
                0x08010458                free
 .text.sbrk_aligned
                0x0801046c       0x44 C:/ST/STM32CubeIDE_1.10.1/STM32CubeIDE/plugins/com.st.stm32cube.ide.mcu.externaltools.gnu-tools-for-stm32.13.3.rel1.win32_1.0.0.202411081344/tools/bin/../lib/gcc/arm-none-eabi/13.3.1/../../../../arm-none-eabi/lib/thumb/v6-m/nofp\libc_nano.a(libc_a-mallocr.o)
 .text._malloc_r
                0x080104b0      0x100 C:/ST/STM32CubeIDE_1.10.1/STM32CubeIDE/plugins/com.st.stm32cube.ide.mcu.externaltools.gnu-tools-for-stm32.13.3.rel1.win32_1.0.0.202411081344/tools/bin/../lib/gcc/arm-none-eabi/13.3.1/../../../../arm-none-eabi/lib/thumb/v6-m/nofp\libc_nano.a(libc_a-mallocr.o)
                0x080104b0                _malloc_r
 .text.__malloc_lock
                0x080105b0       0x10 C:/ST/STM32CubeIDE_1.10.1/STM32CubeIDE/plugins/com.st.stm32cube.ide.mcu.externaltools.gnu-tools-for-stm32.13.3.rel1.win32_1.0.0.202411081344/tools/bin/../lib/gcc/arm-none-eabi/13.3.1/../../../../arm-none-eabi/lib/thumb/v6-m/nofp\libc_nano.a(libc_a-mlock.o)
                0x080105b0                __malloc_lock
 .text.__malloc_unlock
                0x080105c0       0x10 C:/ST/STM32CubeIDE_1.10.1/STM32CubeIDE/plugins/com.st.stm32cube.ide.mcu.externaltools.gnu-tools-for-stm32.13.3.rel1.win32_1.0.0.202411081344/tools/bin/../lib/gcc/arm-none-eabi/13.3.1/../../../../arm-none-eabi/lib/thumb/v6-m/nofp\libc_nano.a(libc_a-mlock.o)
                0x080105c0                __malloc_unlock
 .text._strtoul_l.isra.0
                0x080105d0      0x104 C:/ST/STM32CubeIDE_1.10.1/STM32CubeIDE/plugins/com.st.stm32cube.ide.mcu.externaltools.gnu-tools-for-stm32.13.3.rel1.win32_1.0.0.202411081344/tools/bin/../lib/gcc/arm-none-eabi/13.3.1/../../../../arm-none-eabi/lib/thumb/v6-m/nofp\libc_nano.a(libc_a-strtoul.o)
 .text._strtoul_r
                0x080106d4        0x8 C:/ST/STM32CubeIDE_1.10.1/STM32CubeIDE/plugins/com.st.stm32cube.ide.mcu.externaltools.gnu-tools-for-stm32.13.3.rel1.win32_1.0.0.202411081344/tools/bin/../lib/gcc/arm-none-eabi/13.3.1/../../../../arm-none-eabi/lib/thumb/v6-m/nofp\libc_nano.a(libc_a-strtoul.o)
                0x080106d4                _strtoul_r
 .text.strtoul  0x080106dc       0x18 C:/ST/STM32CubeIDE_1.10.1/STM32CubeIDE/plugins/com.st.stm32cube.ide.mcu.externaltools.gnu-tools-for-stm32.13.3.rel1.win32_1.0.0.202411081344/tools/bin/../lib/gcc/arm-none-eabi/13.3.1/../../../../arm-none-eabi/lib/thumb/v6-m/nofp\libc_nano.a(libc_a-strtoul.o)
                0x080106dc                strtoul
 .text.std      0x080106f4       0x6c C:/ST/STM32CubeIDE_1.10.1/STM32CubeIDE/plugins/com.st.stm32cube.ide.mcu.externaltools.gnu-tools-for-stm32.13.3.rel1.win32_1.0.0.202411081344/tools/bin/../lib/gcc/arm-none-eabi/13.3.1/../../../../arm-none-eabi/lib/thumb/v6-m/nofp\libc_nano.a(libc_a-findfp.o)
 .text.stdio_exit_handler
                0x08010760       0x1c C:/ST/STM32CubeIDE_1.10.1/STM32CubeIDE/plugins/com.st.stm32cube.ide.mcu.externaltools.gnu-tools-for-stm32.13.3.rel1.win32_1.0.0.202411081344/tools/bin/../lib/gcc/arm-none-eabi/13.3.1/../../../../arm-none-eabi/lib/thumb/v6-m/nofp\libc_nano.a(libc_a-findfp.o)
 .text.cleanup_stdio
                0x0801077c       0x3c C:/ST/STM32CubeIDE_1.10.1/STM32CubeIDE/plugins/com.st.stm32cube.ide.mcu.externaltools.gnu-tools-for-stm32.13.3.rel1.win32_1.0.0.202411081344/tools/bin/../lib/gcc/arm-none-eabi/13.3.1/../../../../arm-none-eabi/lib/thumb/v6-m/nofp\libc_nano.a(libc_a-findfp.o)
 .text.global_stdio_init.part.0
                0x080107b8       0x3c C:/ST/STM32CubeIDE_1.10.1/STM32CubeIDE/plugins/com.st.stm32cube.ide.mcu.externaltools.gnu-tools-for-stm32.13.3.rel1.win32_1.0.0.202411081344/tools/bin/../lib/gcc/arm-none-eabi/13.3.1/../../../../arm-none-eabi/lib/thumb/v6-m/nofp\libc_nano.a(libc_a-findfp.o)
 .text.__sfp_lock_acquire
                0x080107f4       0x10 C:/ST/STM32CubeIDE_1.10.1/STM32CubeIDE/plugins/com.st.stm32cube.ide.mcu.externaltools.gnu-tools-for-stm32.13.3.rel1.win32_1.0.0.202411081344/tools/bin/../lib/gcc/arm-none-eabi/13.3.1/../../../../arm-none-eabi/lib/thumb/v6-m/nofp\libc_nano.a(libc_a-findfp.o)
                0x080107f4                __sfp_lock_acquire
 .text.__sfp_lock_release
                0x08010804       0x10 C:/ST/STM32CubeIDE_1.10.1/STM32CubeIDE/plugins/com.st.stm32cube.ide.mcu.externaltools.gnu-tools-for-stm32.13.3.rel1.win32_1.0.0.202411081344/tools/bin/../lib/gcc/arm-none-eabi/13.3.1/../../../../arm-none-eabi/lib/thumb/v6-m/nofp\libc_nano.a(libc_a-findfp.o)
                0x08010804                __sfp_lock_release
 .text.__sinit  0x08010814       0x30 C:/ST/STM32CubeIDE_1.10.1/STM32CubeIDE/plugins/com.st.stm32cube.ide.mcu.externaltools.gnu-tools-for-stm32.13.3.rel1.win32_1.0.0.202411081344/tools/bin/../lib/gcc/arm-none-eabi/13.3.1/../../../../arm-none-eabi/lib/thumb/v6-m/nofp\libc_nano.a(libc_a-findfp.o)
                0x08010814                __sinit
 .text.fprintf  0x08010844       0x20 C:/ST/STM32CubeIDE_1.10.1/STM32CubeIDE/plugins/com.st.stm32cube.ide.mcu.externaltools.gnu-tools-for-stm32.13.3.rel1.win32_1.0.0.202411081344/tools/bin/../lib/gcc/arm-none-eabi/13.3.1/../../../../arm-none-eabi/lib/thumb/v6-m/nofp\libc_nano.a(libc_a-fprintf.o)
                0x08010844                fiprintf
                0x08010844                fprintf
 .text._fwalk_sglue
                0x08010864       0x38 C:/ST/STM32CubeIDE_1.10.1/STM32CubeIDE/plugins/com.st.stm32cube.ide.mcu.externaltools.gnu-tools-for-stm32.13.3.rel1.win32_1.0.0.202411081344/tools/bin/../lib/gcc/arm-none-eabi/13.3.1/../../../../arm-none-eabi/lib/thumb/v6-m/nofp\libc_nano.a(libc_a-fwalk.o)
                0x08010864                _fwalk_sglue
 .text.printf   0x0801089c       0x20 C:/ST/STM32CubeIDE_1.10.1/STM32CubeIDE/plugins/com.st.stm32cube.ide.mcu.externaltools.gnu-tools-for-stm32.13.3.rel1.win32_1.0.0.202411081344/tools/bin/../lib/gcc/arm-none-eabi/13.3.1/../../../../arm-none-eabi/lib/thumb/v6-m/nofp\libc_nano.a(libc_a-printf.o)
                0x0801089c                iprintf
                0x0801089c                printf
 .text._puts_r  0x080108bc       0xac C:/ST/STM32CubeIDE_1.10.1/STM32CubeIDE/plugins/com.st.stm32cube.ide.mcu.externaltools.gnu-tools-for-stm32.13.3.rel1.win32_1.0.0.202411081344/tools/bin/../lib/gcc/arm-none-eabi/13.3.1/../../../../arm-none-eabi/lib/thumb/v6-m/nofp\libc_nano.a(libc_a-puts.o)
                0x080108bc                _puts_r
 .text.puts     0x08010968       0x14 C:/ST/STM32CubeIDE_1.10.1/STM32CubeIDE/plugins/com.st.stm32cube.ide.mcu.externaltools.gnu-tools-for-stm32.13.3.rel1.win32_1.0.0.202411081344/tools/bin/../lib/gcc/arm-none-eabi/13.3.1/../../../../arm-none-eabi/lib/thumb/v6-m/nofp\libc_nano.a(libc_a-puts.o)
                0x08010968                puts
 .text.snprintf
                0x0801097c       0x6c C:/ST/STM32CubeIDE_1.10.1/STM32CubeIDE/plugins/com.st.stm32cube.ide.mcu.externaltools.gnu-tools-for-stm32.13.3.rel1.win32_1.0.0.202411081344/tools/bin/../lib/gcc/arm-none-eabi/13.3.1/../../../../arm-none-eabi/lib/thumb/v6-m/nofp\libc_nano.a(libc_a-snprintf.o)
                0x0801097c                sniprintf
                0x0801097c                snprintf
 .text.sprintf  0x080109e8       0x44 C:/ST/STM32CubeIDE_1.10.1/STM32CubeIDE/plugins/com.st.stm32cube.ide.mcu.externaltools.gnu-tools-for-stm32.13.3.rel1.win32_1.0.0.202411081344/tools/bin/../lib/gcc/arm-none-eabi/13.3.1/../../../../arm-none-eabi/lib/thumb/v6-m/nofp\libc_nano.a(libc_a-sprintf.o)
                0x080109e8                siprintf
                0x080109e8                sprintf
 .text.sscanf   0x08010a2c       0x54 C:/ST/STM32CubeIDE_1.10.1/STM32CubeIDE/plugins/com.st.stm32cube.ide.mcu.externaltools.gnu-tools-for-stm32.13.3.rel1.win32_1.0.0.202411081344/tools/bin/../lib/gcc/arm-none-eabi/13.3.1/../../../../arm-none-eabi/lib/thumb/v6-m/nofp\libc_nano.a(libc_a-sscanf.o)
                0x08010a2c                siscanf
                0x08010a2c                sscanf
 .text.__sread  0x08010a80       0x28 C:/ST/STM32CubeIDE_1.10.1/STM32CubeIDE/plugins/com.st.stm32cube.ide.mcu.externaltools.gnu-tools-for-stm32.13.3.rel1.win32_1.0.0.202411081344/tools/bin/../lib/gcc/arm-none-eabi/13.3.1/../../../../arm-none-eabi/lib/thumb/v6-m/nofp\libc_nano.a(libc_a-stdio.o)
                0x08010a80                __sread
 .text.__seofread
                0x08010aa8        0x4 C:/ST/STM32CubeIDE_1.10.1/STM32CubeIDE/plugins/com.st.stm32cube.ide.mcu.externaltools.gnu-tools-for-stm32.13.3.rel1.win32_1.0.0.202411081344/tools/bin/../lib/gcc/arm-none-eabi/13.3.1/../../../../arm-none-eabi/lib/thumb/v6-m/nofp\libc_nano.a(libc_a-stdio.o)
                0x08010aa8                __seofread
 .text.__swrite
                0x08010aac       0x38 C:/ST/STM32CubeIDE_1.10.1/STM32CubeIDE/plugins/com.st.stm32cube.ide.mcu.externaltools.gnu-tools-for-stm32.13.3.rel1.win32_1.0.0.202411081344/tools/bin/../lib/gcc/arm-none-eabi/13.3.1/../../../../arm-none-eabi/lib/thumb/v6-m/nofp\libc_nano.a(libc_a-stdio.o)
                0x08010aac                __swrite
 .text.__sseek  0x08010ae4       0x2c C:/ST/STM32CubeIDE_1.10.1/STM32CubeIDE/plugins/com.st.stm32cube.ide.mcu.externaltools.gnu-tools-for-stm32.13.3.rel1.win32_1.0.0.202411081344/tools/bin/../lib/gcc/arm-none-eabi/13.3.1/../../../../arm-none-eabi/lib/thumb/v6-m/nofp\libc_nano.a(libc_a-stdio.o)
                0x08010ae4                __sseek
 .text.__sclose
                0x08010b10        0xc C:/ST/STM32CubeIDE_1.10.1/STM32CubeIDE/plugins/com.st.stm32cube.ide.mcu.externaltools.gnu-tools-for-stm32.13.3.rel1.win32_1.0.0.202411081344/tools/bin/../lib/gcc/arm-none-eabi/13.3.1/../../../../arm-none-eabi/lib/thumb/v6-m/nofp\libc_nano.a(libc_a-stdio.o)
                0x08010b10                __sclose
 .text.__swbuf_r
                0x08010b1c       0x84 C:/ST/STM32CubeIDE_1.10.1/STM32CubeIDE/plugins/com.st.stm32cube.ide.mcu.externaltools.gnu-tools-for-stm32.13.3.rel1.win32_1.0.0.202411081344/tools/bin/../lib/gcc/arm-none-eabi/13.3.1/../../../../arm-none-eabi/lib/thumb/v6-m/nofp\libc_nano.a(libc_a-wbuf.o)
                0x08010b1c                __swbuf_r
 .text.__swsetup_r
                0x08010ba0       0xbc C:/ST/STM32CubeIDE_1.10.1/STM32CubeIDE/plugins/com.st.stm32cube.ide.mcu.externaltools.gnu-tools-for-stm32.13.3.rel1.win32_1.0.0.202411081344/tools/bin/../lib/gcc/arm-none-eabi/13.3.1/../../../../arm-none-eabi/lib/thumb/v6-m/nofp\libc_nano.a(libc_a-wsetup.o)
                0x08010ba0                __swsetup_r
 .text.memmove  0x08010c5c       0x24 C:/ST/STM32CubeIDE_1.10.1/STM32CubeIDE/plugins/com.st.stm32cube.ide.mcu.externaltools.gnu-tools-for-stm32.13.3.rel1.win32_1.0.0.202411081344/tools/bin/../lib/gcc/arm-none-eabi/13.3.1/../../../../arm-none-eabi/lib/thumb/v6-m/nofp\libc_nano.a(libc_a-memmove.o)
                0x08010c5c                memmove
 .text.memset   0x08010c80       0x10 C:/ST/STM32CubeIDE_1.10.1/STM32CubeIDE/plugins/com.st.stm32cube.ide.mcu.externaltools.gnu-tools-for-stm32.13.3.rel1.win32_1.0.0.202411081344/tools/bin/../lib/gcc/arm-none-eabi/13.3.1/../../../../arm-none-eabi/lib/thumb/v6-m/nofp\libc_nano.a(libc_a-memset.o)
                0x08010c80                memset
 .text.strchr   0x08010c90       0x1c C:/ST/STM32CubeIDE_1.10.1/STM32CubeIDE/plugins/com.st.stm32cube.ide.mcu.externaltools.gnu-tools-for-stm32.13.3.rel1.win32_1.0.0.202411081344/tools/bin/../lib/gcc/arm-none-eabi/13.3.1/../../../../arm-none-eabi/lib/thumb/v6-m/nofp\libc_nano.a(libc_a-strchr.o)
                0x08010c90                strchr
 .text.strncpy  0x08010cac       0x28 C:/ST/STM32CubeIDE_1.10.1/STM32CubeIDE/plugins/com.st.stm32cube.ide.mcu.externaltools.gnu-tools-for-stm32.13.3.rel1.win32_1.0.0.202411081344/tools/bin/../lib/gcc/arm-none-eabi/13.3.1/../../../../arm-none-eabi/lib/thumb/v6-m/nofp\libc_nano.a(libc_a-strncpy.o)
                0x08010cac                strncpy
 .text.strrchr  0x08010cd4       0x28 C:/ST/STM32CubeIDE_1.10.1/STM32CubeIDE/plugins/com.st.stm32cube.ide.mcu.externaltools.gnu-tools-for-stm32.13.3.rel1.win32_1.0.0.202411081344/tools/bin/../lib/gcc/arm-none-eabi/13.3.1/../../../../arm-none-eabi/lib/thumb/v6-m/nofp\libc_nano.a(libc_a-strrchr.o)
                0x08010cd4                strrchr
 .text.strtok   0x08010cfc       0x68 C:/ST/STM32CubeIDE_1.10.1/STM32CubeIDE/plugins/com.st.stm32cube.ide.mcu.externaltools.gnu-tools-for-stm32.13.3.rel1.win32_1.0.0.202411081344/tools/bin/../lib/gcc/arm-none-eabi/13.3.1/../../../../arm-none-eabi/lib/thumb/v6-m/nofp\libc_nano.a(libc_a-strtok.o)
                0x08010cfc                strtok
 .text.__strtok_r
                0x08010d64       0x58 C:/ST/STM32CubeIDE_1.10.1/STM32CubeIDE/plugins/com.st.stm32cube.ide.mcu.externaltools.gnu-tools-for-stm32.13.3.rel1.win32_1.0.0.202411081344/tools/bin/../lib/gcc/arm-none-eabi/13.3.1/../../../../arm-none-eabi/lib/thumb/v6-m/nofp\libc_nano.a(libc_a-strtok_r.o)
                0x08010d64                __strtok_r
 .text.strstr   0x08010dbc       0x2c C:/ST/STM32CubeIDE_1.10.1/STM32CubeIDE/plugins/com.st.stm32cube.ide.mcu.externaltools.gnu-tools-for-stm32.13.3.rel1.win32_1.0.0.202411081344/tools/bin/../lib/gcc/arm-none-eabi/13.3.1/../../../../arm-none-eabi/lib/thumb/v6-m/nofp\libc_nano.a(libc_a-strstr.o)
                0x08010dbc                strstr
 .text.gmtime   0x08010de8       0x3c C:/ST/STM32CubeIDE_1.10.1/STM32CubeIDE/plugins/com.st.stm32cube.ide.mcu.externaltools.gnu-tools-for-stm32.13.3.rel1.win32_1.0.0.202411081344/tools/bin/../lib/gcc/arm-none-eabi/13.3.1/../../../../arm-none-eabi/lib/thumb/v6-m/nofp\libc_nano.a(libc_a-gmtime.o)
                0x08010de8                gmtime
 .text.gmtime_r
                0x08010e24      0x1a8 C:/ST/STM32CubeIDE_1.10.1/STM32CubeIDE/plugins/com.st.stm32cube.ide.mcu.externaltools.gnu-tools-for-stm32.13.3.rel1.win32_1.0.0.202411081344/tools/bin/../lib/gcc/arm-none-eabi/13.3.1/../../../../arm-none-eabi/lib/thumb/v6-m/nofp\libc_nano.a(libc_a-gmtime_r.o)
                0x08010e24                gmtime_r
 .text.validate_structure
                0x08010fcc      0x18c C:/ST/STM32CubeIDE_1.10.1/STM32CubeIDE/plugins/com.st.stm32cube.ide.mcu.externaltools.gnu-tools-for-stm32.13.3.rel1.win32_1.0.0.202411081344/tools/bin/../lib/gcc/arm-none-eabi/13.3.1/../../../../arm-none-eabi/lib/thumb/v6-m/nofp\libc_nano.a(libc_a-mktime.o)
 .text.mktime   0x08011158      0x3d0 C:/ST/STM32CubeIDE_1.10.1/STM32CubeIDE/plugins/com.st.stm32cube.ide.mcu.externaltools.gnu-tools-for-stm32.13.3.rel1.win32_1.0.0.202411081344/tools/bin/../lib/gcc/arm-none-eabi/13.3.1/../../../../arm-none-eabi/lib/thumb/v6-m/nofp\libc_nano.a(libc_a-mktime.o)
                0x08011158                mktime
 .text.__tzcalc_limits
                0x08011528      0x174 C:/ST/STM32CubeIDE_1.10.1/STM32CubeIDE/plugins/com.st.stm32cube.ide.mcu.externaltools.gnu-tools-for-stm32.13.3.rel1.win32_1.0.0.202411081344/tools/bin/../lib/gcc/arm-none-eabi/13.3.1/../../../../arm-none-eabi/lib/thumb/v6-m/nofp\libc_nano.a(libc_a-tzcalc_limits.o)
                0x08011528                __tzcalc_limits
 .text.__tz_lock
                0x0801169c       0x10 C:/ST/STM32CubeIDE_1.10.1/STM32CubeIDE/plugins/com.st.stm32cube.ide.mcu.externaltools.gnu-tools-for-stm32.13.3.rel1.win32_1.0.0.202411081344/tools/bin/../lib/gcc/arm-none-eabi/13.3.1/../../../../arm-none-eabi/lib/thumb/v6-m/nofp\libc_nano.a(libc_a-tzlock.o)
                0x0801169c                __tz_lock
 .text.__tz_unlock
                0x080116ac       0x10 C:/ST/STM32CubeIDE_1.10.1/STM32CubeIDE/plugins/com.st.stm32cube.ide.mcu.externaltools.gnu-tools-for-stm32.13.3.rel1.win32_1.0.0.202411081344/tools/bin/../lib/gcc/arm-none-eabi/13.3.1/../../../../arm-none-eabi/lib/thumb/v6-m/nofp\libc_nano.a(libc_a-tzlock.o)
                0x080116ac                __tz_unlock
 .text._tzset_unlocked
                0x080116bc       0x10 C:/ST/STM32CubeIDE_1.10.1/STM32CubeIDE/plugins/com.st.stm32cube.ide.mcu.externaltools.gnu-tools-for-stm32.13.3.rel1.win32_1.0.0.202411081344/tools/bin/../lib/gcc/arm-none-eabi/13.3.1/../../../../arm-none-eabi/lib/thumb/v6-m/nofp\libc_nano.a(libc_a-tzset.o)
                0x080116bc                _tzset_unlocked
 .text._tzset_unlocked_r
                0x080116cc      0x43c C:/ST/STM32CubeIDE_1.10.1/STM32CubeIDE/plugins/com.st.stm32cube.ide.mcu.externaltools.gnu-tools-for-stm32.13.3.rel1.win32_1.0.0.202411081344/tools/bin/../lib/gcc/arm-none-eabi/13.3.1/../../../../arm-none-eabi/lib/thumb/v6-m/nofp\libc_nano.a(libc_a-tzset_r.o)
                0x080116cc                _tzset_unlocked_r
 .text._close_r
                0x08011b08       0x24 C:/ST/STM32CubeIDE_1.10.1/STM32CubeIDE/plugins/com.st.stm32cube.ide.mcu.externaltools.gnu-tools-for-stm32.13.3.rel1.win32_1.0.0.202411081344/tools/bin/../lib/gcc/arm-none-eabi/13.3.1/../../../../arm-none-eabi/lib/thumb/v6-m/nofp\libc_nano.a(libc_a-closer.o)
                0x08011b08                _close_r
 .text._lseek_r
                0x08011b2c       0x28 C:/ST/STM32CubeIDE_1.10.1/STM32CubeIDE/plugins/com.st.stm32cube.ide.mcu.externaltools.gnu-tools-for-stm32.13.3.rel1.win32_1.0.0.202411081344/tools/bin/../lib/gcc/arm-none-eabi/13.3.1/../../../../arm-none-eabi/lib/thumb/v6-m/nofp\libc_nano.a(libc_a-lseekr.o)
                0x08011b2c                _lseek_r
 .text._read_r  0x08011b54       0x28 C:/ST/STM32CubeIDE_1.10.1/STM32CubeIDE/plugins/com.st.stm32cube.ide.mcu.externaltools.gnu-tools-for-stm32.13.3.rel1.win32_1.0.0.202411081344/tools/bin/../lib/gcc/arm-none-eabi/13.3.1/../../../../arm-none-eabi/lib/thumb/v6-m/nofp\libc_nano.a(libc_a-readr.o)
                0x08011b54                _read_r
 .text._sbrk_r  0x08011b7c       0x24 C:/ST/STM32CubeIDE_1.10.1/STM32CubeIDE/plugins/com.st.stm32cube.ide.mcu.externaltools.gnu-tools-for-stm32.13.3.rel1.win32_1.0.0.202411081344/tools/bin/../lib/gcc/arm-none-eabi/13.3.1/../../../../arm-none-eabi/lib/thumb/v6-m/nofp\libc_nano.a(libc_a-sbrkr.o)
                0x08011b7c                _sbrk_r
 .text._write_r
                0x08011ba0       0x28 C:/ST/STM32CubeIDE_1.10.1/STM32CubeIDE/plugins/com.st.stm32cube.ide.mcu.externaltools.gnu-tools-for-stm32.13.3.rel1.win32_1.0.0.202411081344/tools/bin/../lib/gcc/arm-none-eabi/13.3.1/../../../../arm-none-eabi/lib/thumb/v6-m/nofp\libc_nano.a(libc_a-writer.o)
                0x08011ba0                _write_r
 .text.__errno  0x08011bc8        0xc C:/ST/STM32CubeIDE_1.10.1/STM32CubeIDE/plugins/com.st.stm32cube.ide.mcu.externaltools.gnu-tools-for-stm32.13.3.rel1.win32_1.0.0.202411081344/tools/bin/../lib/gcc/arm-none-eabi/13.3.1/../../../../arm-none-eabi/lib/thumb/v6-m/nofp\libc_nano.a(libc_a-errno.o)
                0x08011bc8                __errno
 .text.__libc_init_array
                0x08011bd4       0x48 C:/ST/STM32CubeIDE_1.10.1/STM32CubeIDE/plugins/com.st.stm32cube.ide.mcu.externaltools.gnu-tools-for-stm32.13.3.rel1.win32_1.0.0.202411081344/tools/bin/../lib/gcc/arm-none-eabi/13.3.1/../../../../arm-none-eabi/lib/thumb/v6-m/nofp\libc_nano.a(libc_a-init.o)
                0x08011bd4                __libc_init_array
 .text.__retarget_lock_init_recursive
                0x08011c1c        0x2 C:/ST/STM32CubeIDE_1.10.1/STM32CubeIDE/plugins/com.st.stm32cube.ide.mcu.externaltools.gnu-tools-for-stm32.13.3.rel1.win32_1.0.0.202411081344/tools/bin/../lib/gcc/arm-none-eabi/13.3.1/../../../../arm-none-eabi/lib/thumb/v6-m/nofp\libc_nano.a(libc_a-lock.o)
                0x08011c1c                __retarget_lock_init_recursive
 .text.__retarget_lock_acquire
                0x08011c1e        0x2 C:/ST/STM32CubeIDE_1.10.1/STM32CubeIDE/plugins/com.st.stm32cube.ide.mcu.externaltools.gnu-tools-for-stm32.13.3.rel1.win32_1.0.0.202411081344/tools/bin/../lib/gcc/arm-none-eabi/13.3.1/../../../../arm-none-eabi/lib/thumb/v6-m/nofp\libc_nano.a(libc_a-lock.o)
                0x08011c1e                __retarget_lock_acquire
 .text.__retarget_lock_acquire_recursive
                0x08011c20        0x2 C:/ST/STM32CubeIDE_1.10.1/STM32CubeIDE/plugins/com.st.stm32cube.ide.mcu.externaltools.gnu-tools-for-stm32.13.3.rel1.win32_1.0.0.202411081344/tools/bin/../lib/gcc/arm-none-eabi/13.3.1/../../../../arm-none-eabi/lib/thumb/v6-m/nofp\libc_nano.a(libc_a-lock.o)
                0x08011c20                __retarget_lock_acquire_recursive
 .text.__retarget_lock_release
                0x08011c22        0x2 C:/ST/STM32CubeIDE_1.10.1/STM32CubeIDE/plugins/com.st.stm32cube.ide.mcu.externaltools.gnu-tools-for-stm32.13.3.rel1.win32_1.0.0.202411081344/tools/bin/../lib/gcc/arm-none-eabi/13.3.1/../../../../arm-none-eabi/lib/thumb/v6-m/nofp\libc_nano.a(libc_a-lock.o)
                0x08011c22                __retarget_lock_release
 .text.__retarget_lock_release_recursive
                0x08011c24        0x2 C:/ST/STM32CubeIDE_1.10.1/STM32CubeIDE/plugins/com.st.stm32cube.ide.mcu.externaltools.gnu-tools-for-stm32.13.3.rel1.win32_1.0.0.202411081344/tools/bin/../lib/gcc/arm-none-eabi/13.3.1/../../../../arm-none-eabi/lib/thumb/v6-m/nofp\libc_nano.a(libc_a-lock.o)
                0x08011c24                __retarget_lock_release_recursive
 .text.strcpy   0x08011c26       0x10 C:/ST/STM32CubeIDE_1.10.1/STM32CubeIDE/plugins/com.st.stm32cube.ide.mcu.externaltools.gnu-tools-for-stm32.13.3.rel1.win32_1.0.0.202411081344/tools/bin/../lib/gcc/arm-none-eabi/13.3.1/../../../../arm-none-eabi/lib/thumb/v6-m/nofp\libc_nano.a(libc_a-strcpy.o)
                0x08011c26                strcpy
 .text.memcpy   0x08011c36       0x12 C:/ST/STM32CubeIDE_1.10.1/STM32CubeIDE/plugins/com.st.stm32cube.ide.mcu.externaltools.gnu-tools-for-stm32.13.3.rel1.win32_1.0.0.202411081344/tools/bin/../lib/gcc/arm-none-eabi/13.3.1/../../../../arm-none-eabi/lib/thumb/v6-m/nofp\libc_nano.a(libc_a-memcpy-stub.o)
                0x08011c36                memcpy
 .text.abort    0x08011c48        0xe C:/ST/STM32CubeIDE_1.10.1/STM32CubeIDE/plugins/com.st.stm32cube.ide.mcu.externaltools.gnu-tools-for-stm32.13.3.rel1.win32_1.0.0.202411081344/tools/bin/../lib/gcc/arm-none-eabi/13.3.1/../../../../arm-none-eabi/lib/thumb/v6-m/nofp\libc_nano.a(libc_a-abort.o)
                0x08011c48                abort
 .text.div      0x08011c56       0x14 C:/ST/STM32CubeIDE_1.10.1/STM32CubeIDE/plugins/com.st.stm32cube.ide.mcu.externaltools.gnu-tools-for-stm32.13.3.rel1.win32_1.0.0.202411081344/tools/bin/../lib/gcc/arm-none-eabi/13.3.1/../../../../arm-none-eabi/lib/thumb/v6-m/nofp\libc_nano.a(libc_a-div.o)
                0x08011c56                div
 *fill*         0x08011c6a        0x2 