Archive member included to satisfy reference by file (symbol)

C:/ST/STM32CubeIDE_1.10.1/STM32CubeIDE/plugins/com.st.stm32cube.ide.mcu.externaltools.gnu-tools-for-stm32.13.3.rel1.win32_1.0.0.202411081344/tools/bin/../lib/gcc/arm-none-eabi/13.3.1/../../../../arm-none-eabi/lib/thumb/v6-m/nofp\libc_nano.a(libc_a-assert.o)
                              ./Core/Src/qrcodegen.o (__assert_func)
C:/ST/STM32CubeIDE_1.10.1/STM32CubeIDE/plugins/com.st.stm32cube.ide.mcu.externaltools.gnu-tools-for-stm32.13.3.rel1.win32_1.0.0.202411081344/tools/bin/../lib/gcc/arm-none-eabi/13.3.1/../../../../arm-none-eabi/lib/thumb/v6-m/nofp\libc_nano.a(libc_a-exit.o)
                              C:/ST/STM32CubeIDE_1.10.1/STM32CubeIDE/plugins/com.st.stm32cube.ide.mcu.externaltools.gnu-tools-for-stm32.13.3.rel1.win32_1.0.0.202411081344/tools/bin/../lib/gcc/arm-none-eabi/13.3.1/../../../../arm-none-eabi/lib/thumb/v6-m/nofp/crt0.o (exit)
C:/ST/STM32CubeIDE_1.10.1/STM32CubeIDE/plugins/com.st.stm32cube.ide.mcu.externaltools.gnu-tools-for-stm32.13.3.rel1.win32_1.0.0.202411081344/tools/bin/../lib/gcc/arm-none-eabi/13.3.1/../../../../arm-none-eabi/lib/thumb/v6-m/nofp\libc_nano.a(libc_a-malloc.o)
                              ./Core/Src/EPD_2in13_V4_test.o (malloc)
C:/ST/STM32CubeIDE_1.10.1/STM32CubeIDE/plugins/com.st.stm32cube.ide.mcu.externaltools.gnu-tools-for-stm32.13.3.rel1.win32_1.0.0.202411081344/tools/bin/../lib/gcc/arm-none-eabi/13.3.1/../../../../arm-none-eabi/lib/thumb/v6-m/nofp\libc_nano.a(libc_a-mallocr.o)
                              C:/ST/STM32CubeIDE_1.10.1/STM32CubeIDE/plugins/com.st.stm32cube.ide.mcu.externaltools.gnu-tools-for-stm32.13.3.rel1.win32_1.0.0.202411081344/tools/bin/../lib/gcc/arm-none-eabi/13.3.1/../../../../arm-none-eabi/lib/thumb/v6-m/nofp\libc_nano.a(libc_a-malloc.o) (_malloc_r)
C:/ST/STM32CubeIDE_1.10.1/STM32CubeIDE/plugins/com.st.stm32cube.ide.mcu.externaltools.gnu-tools-for-stm32.13.3.rel1.win32_1.0.0.202411081344/tools/bin/../lib/gcc/arm-none-eabi/13.3.1/../../../../arm-none-eabi/lib/thumb/v6-m/nofp\libc_nano.a(libc_a-mlock.o)
                              C:/ST/STM32CubeIDE_1.10.1/STM32CubeIDE/plugins/com.st.stm32cube.ide.mcu.externaltools.gnu-tools-for-stm32.13.3.rel1.win32_1.0.0.202411081344/tools/bin/../lib/gcc/arm-none-eabi/13.3.1/../../../../arm-none-eabi/lib/thumb/v6-m/nofp\libc_nano.a(libc_a-mallocr.o) (__malloc_lock)
C:/ST/STM32CubeIDE_1.10.1/STM32CubeIDE/plugins/com.st.stm32cube.ide.mcu.externaltools.gnu-tools-for-stm32.13.3.rel1.win32_1.0.0.202411081344/tools/bin/../lib/gcc/arm-none-eabi/13.3.1/../../../../arm-none-eabi/lib/thumb/v6-m/nofp\libc_nano.a(libc_a-strtoul.o)
                              ./Core/Src/WioE5.o (strtoul)
C:/ST/STM32CubeIDE_1.10.1/STM32CubeIDE/plugins/com.st.stm32cube.ide.mcu.externaltools.gnu-tools-for-stm32.13.3.rel1.win32_1.0.0.202411081344/tools/bin/../lib/gcc/arm-none-eabi/13.3.1/../../../../arm-none-eabi/lib/thumb/v6-m/nofp\libc_nano.a(libc_a-ctype_.o)
                              ./Core/Src/WioE5.o (_ctype_)
C:/ST/STM32CubeIDE_1.10.1/STM32CubeIDE/plugins/com.st.stm32cube.ide.mcu.externaltools.gnu-tools-for-stm32.13.3.rel1.win32_1.0.0.202411081344/tools/bin/../lib/gcc/arm-none-eabi/13.3.1/../../../../arm-none-eabi/lib/thumb/v6-m/nofp\libc_nano.a(libc_a-findfp.o)
                              C:/ST/STM32CubeIDE_1.10.1/STM32CubeIDE/plugins/com.st.stm32cube.ide.mcu.externaltools.gnu-tools-for-stm32.13.3.rel1.win32_1.0.0.202411081344/tools/bin/../lib/gcc/arm-none-eabi/13.3.1/../../../../arm-none-eabi/lib/thumb/v6-m/nofp\libc_nano.a(libc_a-exit.o) (__stdio_exit_handler)
C:/ST/STM32CubeIDE_1.10.1/STM32CubeIDE/plugins/com.st.stm32cube.ide.mcu.externaltools.gnu-tools-for-stm32.13.3.rel1.win32_1.0.0.202411081344/tools/bin/../lib/gcc/arm-none-eabi/13.3.1/../../../../arm-none-eabi/lib/thumb/v6-m/nofp\libc_nano.a(libc_a-fprintf.o)
                              C:/ST/STM32CubeIDE_1.10.1/STM32CubeIDE/plugins/com.st.stm32cube.ide.mcu.externaltools.gnu-tools-for-stm32.13.3.rel1.win32_1.0.0.202411081344/tools/bin/../lib/gcc/arm-none-eabi/13.3.1/../../../../arm-none-eabi/lib/thumb/v6-m/nofp\libc_nano.a(libc_a-assert.o) (fiprintf)
C:/ST/STM32CubeIDE_1.10.1/STM32CubeIDE/plugins/com.st.stm32cube.ide.mcu.externaltools.gnu-tools-for-stm32.13.3.rel1.win32_1.0.0.202411081344/tools/bin/../lib/gcc/arm-none-eabi/13.3.1/../../../../arm-none-eabi/lib/thumb/v6-m/nofp\libc_nano.a(libc_a-fwalk.o)
                              C:/ST/STM32CubeIDE_1.10.1/STM32CubeIDE/plugins/com.st.stm32cube.ide.mcu.externaltools.gnu-tools-for-stm32.13.3.rel1.win32_1.0.0.202411081344/tools/bin/../lib/gcc/arm-none-eabi/13.3.1/../../../../arm-none-eabi/lib/thumb/v6-m/nofp\libc_nano.a(libc_a-findfp.o) (_fwalk_sglue)
C:/ST/STM32CubeIDE_1.10.1/STM32CubeIDE/plugins/com.st.stm32cube.ide.mcu.externaltools.gnu-tools-for-stm32.13.3.rel1.win32_1.0.0.202411081344/tools/bin/../lib/gcc/arm-none-eabi/13.3.1/../../../../arm-none-eabi/lib/thumb/v6-m/nofp\libc_nano.a(libc_a-printf.o)
[...]
Memory Configuration

Name             Origin             Length             Attributes
RAM              0x20000000         0x0000a000         xrw
FLASH            0x08000000         0x00040000         xr
*default*        0x00000000         0xffffffff

Linker script and memory map

LOAD C:/ST/STM32CubeIDE_1.10.1/STM32CubeIDE/plugins/com.st.stm32cube.ide.mcu.externaltools.gnu-tools-for-stm32.13.3.rel1.win32_1.0.0.202411081344/tools/bin/../lib/gcc/arm-none-eabi/13.3.1/thumb/v6-m/nofp/crti.o
LOAD C:/ST/STM32CubeIDE_1.10.1/STM32CubeIDE/plugins/com.st.stm32cube.ide.mcu.externaltools.gnu-tools-for-stm32.13.3.rel1.win32_1.0.0.202411081344/tools/bin/../lib/gcc/arm-none-eabi/13.3.1/thumb/v6-m/nofp/crtbegin.o
LOAD C:/ST/STM32CubeIDE_1.10.1/STM32CubeIDE/plugins/com.st.stm32cube.ide.mcu.externaltools.gnu-tools-for-stm32.13.3.rel1.win32_1.0.0.202411081344/tools/bin/../lib/gcc/arm-none-eabi/13.3.1/../../../../arm-none-eabi/lib/thumb/v6-m/nofp/crt0.o
LOAD ./Core/Src/BQ25185.o
LOAD ./Core/Src/DEV_Config.o
LOAD ./Core/Src/EPD_2in13_V4.o
LOAD ./Core/Src/EPD_2in13_V4_test.o
LOAD ./Core/Src/GUI.o
LOAD ./Core/Src/GUI_Paint.o
LOAD ./Core/Src/ImageData.o
LOAD ./Core/Src/ImageData2.o
LOAD ./Core/Src/RTC.o
LOAD ./Core/Src/SDC41.o
LOAD ./Core/Src/SGP40.o
LOAD ./Core/Src/SHT41.o
LOAD ./Core/Src/WioE5.o
LOAD ./Core/Src/app.o
LOAD ./Core/Src/button_handler.o
LOAD ./Core/Src/conf_console.o
LOAD ./Core/Src/ee_config.o
LOAD ./Core/Src/esp32c6.o
LOAD ./Core/Src/gpio_sleep.o
LOAD ./Core/Src/images.o
LOAD ./Core/Src/m24c02.o
LOAD ./Core/Src/main.o
LOAD ./Core/Src/qrcodegen.o
LOAD ./Core/Src/sensirion_gas_index_algorithm.o
LOAD ./Core/Src/stm32u0xx_hal_msp.o
LOAD ./Core/Src/stm32u0xx_it.o
LOAD ./Core/Src/syscalls.o
LOAD ./Core/Src/sysmem.o
LOAD ./Core/Src/system_stm32u0xx.o
LOAD ./Core/Src/Fonts/font12.o
LOAD ./Core/Src/Fonts/font12CN.o
LOAD ./Core/Src/Fonts/font16.o
LOAD ./Core/Src/Fonts/font20.o
LOAD ./Core/Src/Fonts/font24.o
LOAD ./Core/Src/Fonts/font24CN.o
LOAD ./Core/Src/Fonts/font8.o
LOAD ./Core/Startup/startup_stm32u073rctx.o
LOAD ./Drivers/STM32U0xx_HAL_Driver/Src/stm32u0xx_hal.o
LOAD ./Drivers/STM32U0xx_HAL_Driver/Src/stm32u0xx_hal_adc.o
LOAD ./Drivers/STM32U0xx_HAL_Driver/Src/stm32u0xx_hal_adc_ex.o
LOAD ./Drivers/STM32U0xx_HAL_Driver/Src/stm32u0xx_hal_cortex.o
LOAD ./Drivers/STM32U0xx_HAL_Driver/Src/stm32u0xx_hal_dma.o
LOAD ./Drivers/STM32U0xx_HAL_Driver/Src/stm32u0xx_hal_dma_ex.o
LOAD ./Drivers/STM32U0xx_HAL_Driver/Src/stm32u0xx_hal_exti.o
LOAD ./Drivers/STM32U0xx_HAL_Driver/Src/stm32u0xx_hal_flash.o
LOAD ./Drivers/STM32U0xx_HAL_Driver/Src/stm32u0xx_hal_flash_ex.o
LOAD ./Drivers/STM32U0xx_HAL_Driver/Src/stm32u0xx_hal_gpio.o
LOAD ./Drivers/STM32U0xx_HAL_Driver/Src/stm32u0xx_hal_i2c.o
LOAD ./Drivers/STM32U0xx_HAL_Driver/Src/stm32u0xx_hal_i2c_ex.o
LOAD ./Drivers/STM32U0xx_HAL_Driver/Src/stm32u0xx_hal_lptim.o
LOAD ./Drivers/STM32U0xx_HAL_Driver/Src/stm32u0xx_hal_pwr.o
LOAD ./Drivers/STM32U0xx_HAL_Driver/Src/stm32u0xx_hal_pwr_ex.o
LOAD ./Drivers/STM32U0xx_HAL_Driver/Src/stm32u0xx_hal_rcc.o
LOAD ./Drivers/STM32U0xx_HAL_Driver/Src/stm32u0xx_hal_rcc_ex.o
LOAD ./Drivers/STM32U0xx_HAL_Driver/Src/stm32u0xx_hal_rtc.o
LOAD ./Drivers/STM32U0xx_HAL_Driver/Src/stm32u0xx_hal_rtc_ex.o
LOAD ./Drivers/STM32U0xx_HAL_Driver/Src/stm32u0xx_hal_spi.o
LOAD ./Drivers/STM32U0xx_HAL_Driver/Src/stm32u0xx_hal_spi_ex.o
LOAD ./Drivers/STM32U0xx_HAL_Driver/Src/stm32u0xx_hal_uart.o
LOAD ./Drivers/STM32U0xx_HAL_Driver/Src/stm32u0xx_hal_uart_ex.o
LOAD ./Drivers/STM32U0xx_HAL_Driver/Src/stm32u0xx_ll_adc.o
LOAD ./Drivers/STM32U0xx_HAL_Driver/Src/stm32u0xx_ll_i2c.o
START GROUP
LOAD C:/ST/STM32CubeIDE_1.10.1/STM32CubeIDE/plugins/com.st.stm32cube.ide.mcu.externaltools.gnu-tools-for-stm32.13.3.rel1.win32_1.0.0.202411081344/tools/bin/../lib/gcc/arm-none-eabi/13.3.1/../../../../arm-none-eabi/lib/thumb/v6-m/nofp\libc_nano.a
LOAD C:/ST/STM32CubeIDE_1.10.1/STM32CubeIDE/plugins/com.st.stm32cube.ide.mcu.externaltools.gnu-tools-for-stm32.13.3.rel1.win32_1.0.0.202411081344/tools/bin/../lib/gcc/arm-none-eabi/13.3.1/../../../../arm-none-eabi/lib/thumb/v6-m/nofp\libm.a
END GROUP
START GROUP
LOAD C:/ST/STM32CubeIDE_1.10.1/STM32CubeIDE/plugins/com.st.stm32cube.ide.mcu.externaltools.gnu-tools-for-stm32.13.3.rel1.win32_1.0.0.202411081344/tools/bin/../lib/gcc/arm-none-eabi/13.3.1/thumb/v6-m/nofp\libgcc.a
LOAD C:/ST/STM32CubeIDE_1.10.1/STM32CubeIDE/plugins/com.st.stm32cube.ide.mcu.externaltools.gnu-tools-for-stm32.13.3.rel1.win32_1.0.0.202411081344/tools/bin/../lib/gcc/arm-none-eabi/13.3.1/../../../../arm-none-eabi/lib/thumb/v6-m/nofp\libc_nano.a
END GROUP
START GROUP
LOAD C:/ST/STM32CubeIDE_1.10.1/STM32CubeIDE/plugins/com.st.stm32cube.ide.mcu.externaltools.gnu-tools-for-stm32.13.3.rel1.win32_1.0.0.202411081344/tools/bin/../lib/gcc/arm-none-eabi/13.3.1/thumb/v6-m/nofp\libgcc.a
LOAD C:/ST/STM32CubeIDE_1.10.1/STM32CubeIDE/plugins/com.st.stm32cube.ide.mcu.externaltools.gnu-tools-for-stm32.13.3.rel1.win32_1.0.0.202411081344/tools/bin/../lib/gcc/arm-none-eabi/13.3.1/../../../../arm-none-eabi/lib/thumb/v6-m/nofp\libc_nano.a
LOAD C:/ST/STM32CubeIDE_1.10.1/STM32CubeIDE/plugins/com.st.stm32cube.ide.mcu.externaltools.gnu-tools-for-stm32.13.3.rel1.win32_1.0.0.202411081344/tools/bin/../lib/gcc/arm-none-eabi/13.3.1/../../../../arm-none-eabi/lib/thumb/v6-m/nofp\libnosys.a
END GROUP
START GROUP
LOAD C:/ST/STM32CubeIDE_1.10.1/STM32CubeIDE/plugins/com.st.stm32cube.ide.mcu.externaltools.gnu-tools-for-stm32.13.3.rel1.win32_1.0.0.202411081344/tools/bin/../lib/gcc/arm-none-eabi/13.3.1/thumb/v6-m/nofp\libgcc.a
LOAD C:/ST/STM32CubeIDE_1.10.1/STM32CubeIDE/plugins/com.st.stm32cube.ide.mcu.externaltools.gnu-tools-for-stm32.13.3.rel1.win32_1.0.0.202411081344/tools/bin/../lib/gcc/arm-none-eabi/13.3.1/../../../../arm-none-eabi/lib/thumb/v6-m/nofp\libc_nano.a
LOAD C:/ST/STM32CubeIDE_1.10.1/STM32CubeIDE/plugins/com.st.stm32cube.ide.mcu.externaltools.gnu-tools-for-stm32.13.3.rel1.win32_1.0.0.202411081344/tools/bin/../lib/gcc/arm-none-eabi/13.3.1/../../../../arm-none-eabi/lib/thumb/v6-m/nofp\libnosys.a
END GROUP
LOAD C:/ST/STM32CubeIDE_1.10.1/STM32CubeIDE/plugins/com.st.stm32cube.ide.mcu.externaltools.gnu-tools-for-stm32.13.3.rel1.win32_1.0.0.202411081344/tools/bin/../lib/gcc/arm-none-eabi/13.3.1/thumb/v6-m/nofp/crtend.o
LOAD C:/ST/STM32CubeIDE_1.10.1/STM32CubeIDE/plugins/com.st.stm32cube.ide.mcu.externaltools.gnu-tools-for-stm32.13.3.rel1.win32_1.0.0.202411081344/tools/bin/../lib/gcc/arm-none-eabi/13.3.1/thumb/v6-m/nofp/crtn.o
                0x2000a000                        _estack = (ORIGIN (RAM) + LENGTH (RAM))
                0x00000200                        _Min_Heap_Size = 0x200
                0x00000400                        _Min_Stack_Size = 0x400

.isr_vector     0x08000000       0xc0
                0x08000000                        . = ALIGN (0x4)
 *(.isr_vector)
 .isr_vector    0x08000000       0xc0 ./Core/Startup/startup_stm32u073rctx.o
                0x08000000                g_pfnVectors
                0x080000c0                        . = ALIGN (0x4)

.text           0x080000c0    0x130a8
                0x080000c0                        . = ALIGN (0x4)
 *(.text)
 .text          0x080000c0       0x48 C:/ST/STM32CubeIDE_1.10.1/STM32CubeIDE/plugins/com.st.stm32cube.ide.mcu.externaltools.gnu-tools-for-stm32.13.3.rel1.win32_1.0.0.202411081344/tools/bin/../lib/gcc/arm-none-eabi/13.3.1/thumb/v6-m/nofp/crtbegin.o
 .text          0x08000108       0x14 C:/ST/STM32CubeIDE_1.10.1/STM32CubeIDE/plugins/com.st.stm32cube.ide.mcu.externaltools.gnu-tools-for-stm32.13.3.rel1.win32_1.0.0.202411081344/tools/bin/../lib/gcc/arm-none-eabi/13.3.1/../../../../arm-none-eabi/lib/thumb/v6-m/nofp\libc_nano.a(libc_a-strcmp.o)
                0x08000108                strcmp
 .text          0x0800011c        0xe C:/ST/STM32CubeIDE_1.10.1/STM32CubeIDE/plugins/com.st.stm32cube.ide.mcu.externaltools.gnu-tools-for-stm32.13.3.rel1.win32_1.0.0.202411081344/tools/bin/../lib/gcc/arm-none-eabi/13.3.1/../../../../arm-none-eabi/lib/thumb/v6-m/nofp\libc_nano.a(libc_a-strlen.o)
                0x0800011c                strlen
 *fill*         0x0800012a        0x2 
 .text          0x0800012c       0x14 C:/ST/STM32CubeIDE_1.10.1/STM32CubeIDE/plugins/com.st.stm32cube.ide.mcu.externaltools.gnu-tools-for-stm32.13.3.rel1.win32_1.0.0.202411081344/tools/bin/../lib/gcc/arm-none-eabi/13.3.1/thumb/v6-m/nofp\libgcc.a(_thumb1_case_uqi.o)
                0x0800012c                __gnu_thumb1_case_uqi
 .text          0x08000140       0x14 C:/ST/STM32CubeIDE_1.10.1/STM32CubeIDE/plugins/com.st.stm32cube.ide.mcu.externaltools.gnu-tools-for-stm32.13.3.rel1.win32_1.0.0.202411081344/tools/bin/../lib/gcc/arm-none-eabi/13.3.1/thumb/v6-m/nofp\libgcc.a(_thumb1_case_shi.o)
                0x08000140                __gnu_thumb1_case_shi
 .text          0x08000154       0x14 C:/ST/STM32CubeIDE_1.10.1/STM32CubeIDE/plugins/com.st.stm32cube.ide.mcu.externaltools.gnu-tools-for-stm32.13.3.rel1.win32_1.0.0.202411081344/tools/bin/../lib/gcc/arm-none-eabi/13.3.1/thumb/v6-m/nofp\libgcc.a(_thumb1_case_uhi.o)
                0x08000154                __gnu_thumb1_case_uhi
 .text          0x08000168      0x114 C:/ST/STM32CubeIDE_1.10.1/STM32CubeIDE/plugins/com.st.stm32cube.ide.mcu.externaltools.gnu-tools-for-stm32.13.3.rel1.win32_1.0.0.202411081344/tools/bin/../lib/gcc/arm-none-eabi/13.3.1/thumb/v6-m/nofp\libgcc.a(_udivsi3.o)
                0x08000168                __aeabi_uidiv
                0x08000168                __udivsi3
                0x08000274                __aeabi_uidivmod
 .text          0x0800027c      0x1d4 C:/ST/STM32CubeIDE_1.10.1/STM32CubeIDE/plugins/com.st.stm32cube.ide.mcu.externaltools.gnu-tools-for-stm32.13.3.rel1.win32_1.0.0.202411081344/tools/bin/../lib/gcc/arm-none-eabi/13.3.1/thumb/v6-m/nofp\libgcc.a(_divsi3.o)
                0x0800027c                __divsi3
                0x0800027c                __aeabi_idiv
                0x08000448                __aeabi_idivmod
 .text          0x08000450        0x4 C:/ST/STM32CubeIDE_1.10.1/STM32CubeIDE/plugins/com.st.stm32cube.ide.mcu.externaltools.gnu-tools-for-stm32.13.3.rel1.win32_1.0.0.202411081344/tools/bin/../lib/gcc/arm-none-eabi/13.3.1/thumb/v6-m/nofp\libgcc.a(_dvmd_tls.o)
                0x08000450                __aeabi_idiv0
                0x08000450                __aeabi_ldiv0
 .text          0x08000454       0x74 C:/ST/STM32CubeIDE_1.10.1/STM32CubeIDE/plugins/com.st.stm32cube.ide.mcu.externaltools.gnu-tools-for-stm32.13.3.rel1.win32_1.0.0.202411081344/tools/bin/../lib/gcc/arm-none-eabi/13.3.1/thumb/v6-m/nofp\libgcc.a(_arm_cmpsf2.o)
                0x08000454                __aeabi_cfrcmple
                0x0800045c                __aeabi_cfcmpeq
                0x0800045c                __aeabi_cfcmple
                0x0800046c                __aeabi_fcmpeq
                0x08000478                __aeabi_fcmplt
                0x0800048c                __aeabi_fcmple
                0x080004a0                __aeabi_fcmpgt
                0x080004b4                __aeabi_fcmpge
 .text          0x080004c8       0x3c C:/ST/STM32CubeIDE_1.10.1/STM32CubeIDE/plugins/com.st.stm32cube.ide.mcu.externaltools.gnu-tools-for-stm32.13.3.rel1.win32_1.0.0.202411081344/tools/bin/../lib/gcc/arm-none-eabi/13.3.1/thumb/v6-m/nofp\libgcc.a(_clzsi2.o)
                0x080004c8                __clzsi2
 .text          0x08000504       0x48 C:/ST/STM32CubeIDE_1.10.1/STM32CubeIDE/plugins/com.st.stm32cube.ide.mcu.externaltools.gnu-tools-for-stm32.13.3.rel1.win32_1.0.0.202411081344/tools/bin/../lib/gcc/arm-none-eabi/13.3.1/thumb/v6-m/nofp\libgcc.a(_aeabi_ldivmod.o)
                0x08000504                __aeabi_ldivmod
 .text          0x0800054c       0x40 C:/ST/STM32CubeIDE_1.10.1/STM32CubeIDE/plugins/com.st.stm32cube.ide.mcu.externaltools.gnu-tools-for-stm32.13.3.rel1.win32_1.0.0.202411081344/tools/bin/../lib/gcc/arm-none-eabi/13.3.1/thumb/v6-m/nofp\libgcc.a(_aeabi_uldivmod.o)
                0x0800054c                __aeabi_uldivmod
 .text          0x0800058c       0x5c C:/ST/STM32CubeIDE_1.10.1/STM32CubeIDE/plugins/com.st.stm32cube.ide.mcu.externaltools.gnu-tools-for-stm32.13.3.rel1.win32_1.0.0.202411081344/tools/bin/../lib/gcc/arm-none-eabi/13.3.1/thumb/v6-m/nofp\libgcc.a(_muldi3.o)
                0x0800058c                __muldi3
                0x0800058c                __aeabi_lmul
 .text          0x080005e8       0x30 C:/ST/STM32CubeIDE_1.10.1/STM32CubeIDE/plugins/com.st.stm32cube.ide.mcu.externaltools.gnu-tools-for-stm32.13.3.rel1.win32_1.0.0.202411081344/tools/bin/../lib/gcc/arm-none-eabi/13.3.1/thumb/v6-m/nofp\libgcc.a(_fixunssfsi.o)
                0x080005e8                __fixunssfsi
                0x080005e8                __aeabi_f2uiz
 .text          0x08000618      0x198 C:/ST/STM32CubeIDE_1.10.1/STM32CubeIDE/plugins/com.st.stm32cube.ide.mcu.externaltools.gnu-tools-for-stm32.13.3.rel1.win32_1.0.0.202411081344/tools/bin/../lib/gcc/arm-none-eabi/13.3.1/thumb/v6-m/nofp\libgcc.a(_udivmoddi4.o)
                0x08000618                __udivmoddi4
 .text          0x080007b0       0x3c C:/ST/STM32CubeIDE_1.10.1/STM32CubeIDE/plugins/com.st.stm32cube.ide.mcu.externaltools.gnu-tools-for-stm32.13.3.rel1.win32_1.0.0.202411081344/tools/bin/../lib/gcc/arm-none-eabi/13.3.1/thumb/v6-m/nofp\libgcc.a(bpabi.o)
                0x080007b0                __gnu_ldivmod_helper
 .text          0x080007ec      0x3e4 C:/ST/STM32CubeIDE_1.10.1/STM32CubeIDE/plugins/com.st.stm32cube.ide.mcu.externaltools.gnu-tools-for-stm32.13.3.rel1.win32_1.0.0.202411081344/tools/bin/../lib/gcc/arm-none-eabi/13.3.1/thumb/v6-m/nofp\libgcc.a(addsf3.o)
                0x080007ec                __aeabi_fadd
 .text          0x08000bd0      0x22c C:/ST/STM32CubeIDE_1.10.1/STM32CubeIDE/plugins/com.st.stm32cube.ide.mcu.externaltools.gnu-tools-for-stm32.13.3.rel1.win32_1.0.0.202411081344/tools/bin/../lib/gcc/arm-none-eabi/13.3.1/thumb/v6-m/nofp\libgcc.a(divsf3.o)
                0x08000bd0                __aeabi_fdiv
 .text          0x08000dfc       0x50 C:/ST/STM32CubeIDE_1.10.1/STM32CubeIDE/plugins/com.st.stm32cube.ide.mcu.externaltools.gnu-tools-for-stm32.13.3.rel1.win32_1.0.0.202411081344/tools/bin/../lib/gcc/arm-none-eabi/13.3.1/thumb/v6-m/nofp\libgcc.a(eqsf2.o)
                0x08000dfc                __eqsf2
                0x08000dfc                __nesf2
 .text          0x08000e4c       0x90 C:/ST/STM32CubeIDE_1.10.1/STM32CubeIDE/plugins/com.st.stm32cube.ide.mcu.externaltools.gnu-tools-for-stm32.13.3.rel1.win32_1.0.0.202411081344/tools/bin/../lib/gcc/arm-none-eabi/13.3.1/thumb/v6-m/nofp\libgcc.a(gesf2.o)
                0x08000e4c                __gesf2
                0x08000e4c                __gtsf2
 .text          0x08000edc       0x90 C:/ST/STM32CubeIDE_1.10.1/STM32CubeIDE/plugins/com.st.stm32cube.ide.mcu.externaltools.gnu-tools-for-stm32.13.3.rel1.win32_1.0.0.202411081344/tools/bin/../lib/gcc/arm-none-eabi/13.3.1/thumb/v6-m/nofp\libgcc.a(lesf2.o)
                0x08000edc                __ltsf2
                0x08000edc                __lesf2
 .text          0x08000f6c      0x2b4 C:/ST/STM32CubeIDE_1.10.1/STM32CubeIDE/plugins/com.st.stm32cube.ide.mcu.externaltools.gnu-tools-for-stm32.13.3.rel1.win32_1.0.0.202411081344/tools/bin/../lib/gcc/arm-none-eabi/13.3.1/thumb/v6-m/nofp\libgcc.a(mulsf3.o)
                0x08000f6c                __aeabi_fmul
 .text          0x08001220      0x4c8 C:/ST/STM32CubeIDE_1.10.1/STM32CubeIDE/plugins/com.st.stm32cube.ide.mcu.externaltools.gnu-tools-for-stm32.13.3.rel1.win32_1.0.0.202411081344/tools/bin/../lib/gcc/arm-none-eabi/13.3.1/thumb/v6-m/nofp\libgcc.a(subsf3.o)
                0x08001220                __aeabi_fsub
 .text          0x080016e8       0x2c C:/ST/STM32CubeIDE_1.10.1/STM32CubeIDE/plugins/com.st.stm32cube.ide.mcu.externaltools.gnu-tools-for-stm32.13.3.rel1.win32_1.0.0.202411081344/tools/bin/../lib/gcc/arm-none-eabi/13.3.1/thumb/v6-m/nofp\libgcc.a(unordsf2.o)
                0x080016e8                __aeabi_fcmpun
 .text          0x08001714       0x40 C:/ST/STM32CubeIDE_1.10.1/STM32CubeIDE/plugins/com.st.stm32cube.ide.mcu.externaltools.gnu-tools-for-stm32.13.3.rel1.win32_1.0.0.202411081344/tools/bin/../lib/gcc/arm-none-eabi/13.3.1/thumb/v6-m/nofp\libgcc.a(fixsfsi.o)
                0x08001714                __aeabi_f2iz
 .text          0x08001754       0xa0 C:/ST/STM32CubeIDE_1.10.1/STM32CubeIDE/plugins/com.st.stm32cube.ide.mcu.externaltools.gnu-tools-for-stm32.13.3.rel1.win32_1.0.0.202411081344/tools/bin/../lib/gcc/arm-none-eabi/13.3.1/thumb/v6-m/nofp\libgcc.a(floatsisf.o)
                0x08001754                __aeabi_i2f
 .text          0x080017f4       0x8c C:/ST/STM32CubeIDE_1.10.1/STM32CubeIDE/plugins/com.st.stm32cube.ide.mcu.externaltools.gnu-tools-for-stm32.13.3.rel1.win32_1.0.0.202411081344/tools/bin/../lib/gcc/arm-none-eabi/13.3.1/thumb/v6-m/nofp\libgcc.a(floatunsisf.o)
                0x080017f4                __aeabi_ui2f
 .text          0x08001880      0x630 C:/ST/STM32CubeIDE_1.10.1/STM32CubeIDE/plugins/com.st.stm32cube.ide.mcu.externaltools.gnu-tools-for-stm32.13.3.rel1.win32_1.0.0.202411081344/tools/bin/../lib/gcc/arm-none-eabi/13.3.1/thumb/v6-m/nofp\libgcc.a(divdf3.o)
                0x08001880                __aeabi_ddiv
 .text          0x08001eb0      0x5cc C:/ST/STM32CubeIDE_1.10.1/STM32CubeIDE/plugins/com.st.stm32cube.ide.mcu.externaltools.gnu-tools-for-stm32.13.3.rel1.win32_1.0.0.202411081344/tools/bin/../lib/gcc/arm-none-eabi/13.3.1/thumb/v6-m/nofp\libgcc.a(muldf3.o)
                0x08001eb0                __aeabi_dmul
 .text          0x0800247c      0x814 C:/ST/STM32CubeIDE_1.10.1/STM32CubeIDE/plugins/com.st.stm32cube.ide.mcu.externaltools.gnu-tools-for-stm32.13.3.rel1.win32_1.0.0.202411081344/tools/bin/../lib/gcc/arm-none-eabi/13.3.1/thumb/v6-m/nofp\libgcc.a(subdf3.o)
                0x0800247c                __aeabi_dsub
 .text          0x08002c90       0x90 C:/ST/STM32CubeIDE_1.10.1/STM32CubeIDE/plugins/com.st.stm32cube.ide.mcu.externaltools.gnu-tools-for-stm32.13.3.rel1.win32_1.0.0.202411081344/tools/bin/../lib/gcc/arm-none-eabi/13.3.1/thumb/v6-m/nofp\libgcc.a(extendsfdf2.o)
                0x08002c90                __aeabi_f2d
 .text          0x08002d20      0x104 C:/ST/STM32CubeIDE_1.10.1/STM32CubeIDE/plugins/com.st.stm32cube.ide.mcu.externaltools.gnu-tools-for-stm32.13.3.rel1.win32_1.0.0.202411081344/tools/bin/../lib/gcc/arm-none-eabi/13.3.1/thumb/v6-m/nofp\libgcc.a(truncdfsf2.o)
                0x08002d20                __aeabi_d2f
 .text          0x08002e24       0x18 C:/ST/STM32CubeIDE_1.10.1/STM32CubeIDE/plugins/com.st.stm32cube.ide.mcu.externaltools.gnu-tools-for-stm32.13.3.rel1.win32_1.0.0.202411081344/tools/bin/../lib/gcc/arm-none-eabi/13.3.1/thumb/v6-m/nofp\libgcc.a(_clzdi2.o)
                0x08002e24                __clzdi2
 .text          0x08002e3c      0x1d8 C:/ST/STM32CubeIDE_1.10.1/STM32CubeIDE/plugins/com.st.stm32cube.ide.mcu.externaltools.gnu-tools-for-stm32.13.3.rel1.win32_1.0.0.202411081344/tools/bin/../lib/gcc/arm-none-eabi/13.3.1/thumb/v6-m/nofp\libgcc.a(_divdi3.o)
                0x08002e3c                __divdi3
 *(.text*)
 .text.BQ25185_GetStatus
                0x08003014       0x80 ./Core/Src/BQ25185.o
                0x08003014                BQ25185_GetStatus
 .text.BQ25185_StatusToString
                0x08003094       0x18 ./Core/Src/BQ25185.o
                0x08003094                BQ25185_StatusToString
 .text.BQ25185_PrintStatus
                0x080030ac       0x20 ./Core/Src/BQ25185.o
                0x080030ac                BQ25185_PrintStatus
 .text.BQ25185_GPIO_Config
                0x080030cc       0x40 ./Core/Src/BQ25185.o
                0x080030cc                BQ25185_GPIO_Config
 .text.DEV_SPI_WriteByte
                0x0800310c       0x1c ./Core/Src/DEV_Config.o
                0x0800310c                DEV_SPI_WriteByte
 .text.DEV_Module_Init
                0x08003128       0x3c ./Core/Src/DEV_Config.o
                0x08003128                DEV_Module_Init
 .text.EPD_Pins_HiZ
                0x08003164       0x6c ./Core/Src/DEV_Config.o
                0x08003164                EPD_Pins_HiZ
 .text.EPD_Pins_Init
                0x080031d0       0x58 ./Core/Src/DEV_Config.o
                0x080031d0                EPD_Pins_Init
 .text.EPD_2in13_V4_Reset
                0x08003228       0x3c ./Core/Src/EPD_2in13_V4.o
 .text.EPD_2in13_V4_SendCommand
                0x08003264       0x34 ./Core/Src/EPD_2in13_V4.o
 .text.EPD_2in13_V4_SendData
                0x08003298       0x34 ./Core/Src/EPD_2in13_V4.o
 .text.EPD_2in13_V4_SetCursor.constprop.0
                0x080032cc       0x22 ./Core/Src/EPD_2in13_V4.o
 .text.EPD_2in13_V4_SetWindows.constprop.0
                0x080032ee       0x34 ./Core/Src/EPD_2in13_V4.o
 .text.EPD_2in13_V4_LoadBase_RAMOnly
                0x08003322       0x4a ./Core/Src/EPD_2in13_V4.o
                0x08003322                EPD_2in13_V4_LoadBase_RAMOnly
 .text.EPD_2in13_V4_Sleep
                0x0800336c       0x16 ./Core/Src/EPD_2in13_V4.o
                0x0800336c                EPD_2in13_V4_Sleep
 *fill*         0x08003382        0x2 
 .text.EPD_ReadBusyTimeout
                0x08003384       0x3c ./Core/Src/EPD_2in13_V4.o
                0x08003384                EPD_ReadBusyTimeout
 .text.EPD_2in13_V4_ReadBusy
                0x080033c0       0x18 ./Core/Src/EPD_2in13_V4.o
                0x080033c0                EPD_2in13_V4_ReadBusy
 .text.EPD_2in13_V4_Init
                0x080033d8       0x70 ./Core/Src/EPD_2in13_V4.o
                0x080033d8                EPD_2in13_V4_Init
 .text.EPD_2in13_V4_TurnOnDisplay
                0x08003448       0x1a ./Core/Src/EPD_2in13_V4.o
 .text.EPD_2in13_V4_Clear
                0x08003462       0x2a ./Core/Src/EPD_2in13_V4.o
                0x08003462                EPD_2in13_V4_Clear
 .text.EPD_2in13_V4_Display
                0x0800348c       0x2c ./Core/Src/EPD_2in13_V4.o
                0x0800348c                EPD_2in13_V4_Display
 .text.EPD_2in13_V4_Display_Partial
                0x080034b8       0x94 ./Core/Src/EPD_2in13_V4.o
                0x080034b8                EPD_2in13_V4_Display_Partial
 .text.EPD_2in13_V4_BootDetect
                0x0800354c       0x16 ./Core/Src/EPD_2in13_V4.o
                0x0800354c                EPD_2in13_V4_BootDetect
 *fill*         0x08003562        0x2 
 .text.EnsurePartialBase
                0x08003564       0x20 ./Core/Src/GUI.o
 .text.DrawTrendArrow.constprop.0
                0x08003584       0xd6 ./Core/Src/GUI.o
 .text.TextWidth.isra.0
                0x0800365a       0x10 ./Core/Src/GUI.o
 .text.DrawRightAligned.constprop.0
                0x0800366a       0x2a ./Core/Src/GUI.o
 .text.GUI_OnEPDResumed
                0x08003694        0xc ./Core/Src/GUI.o
                0x08003694                GUI_OnEPDResumed
 .text.GUI_Init
                0x080036a0       0x60 ./Core/Src/GUI.o
                0x080036a0                GUI_Init
 .text.GUI_Display
                0x08003700      0x7bc ./Core/Src/GUI.o
                0x08003700                GUI_Display
 .text.GUI_UpdateState
                0x08003ebc       0x5c ./Core/Src/GUI.o
                0x08003ebc                GUI_UpdateState
 .text.GUI_UpdateVOCIndex
                0x08003f18      0x108 ./Core/Src/GUI.o
                0x08003f18                GUI_UpdateVOCIndex
 .text.GUI_DrawCalibrationProgressFromStruct
                0x08004020       0xec ./Core/Src/GUI.o
                0x08004020                GUI_DrawCalibrationProgressFromStruct
 .text.EPDClear
                0x0800410c       0x18 ./Core/Src/GUI.o
                0x0800410c                EPDClear
 .text.GUI_DrawConfIcon
                0x08004124       0x70 ./Core/Src/GUI.o
                0x08004124                GUI_DrawConfIcon
 .text.GUI_DrawQR_TextFull
                0x08004194      0x1a4 ./Core/Src/GUI.o
                0x08004194                GUI_DrawQR_TextFull
 .text.Paint_NewImage
                0x08004338       0x44 ./Core/Src/GUI_Paint.o
                0x08004338                Paint_NewImage
 .text.Paint_SelectImage
                0x0800437c        0xc ./Core/Src/GUI_Paint.o
                0x0800437c                Paint_SelectImage
 .text.Paint_SetPixel
                0x08004388      0x124 ./Core/Src/GUI_Paint.o
                0x08004388                Paint_SetPixel
 .text.Paint_Clear
                0x080044ac       0xa0 ./Core/Src/GUI_Paint.o
                0x080044ac                Paint_Clear
 .text.Paint_ClearWindows
                0x0800454c       0x34 ./Core/Src/GUI_Paint.o
                0x0800454c                Paint_ClearWindows
 .text.Paint_DrawPoint
                0x08004580       0xd0 ./Core/Src/GUI_Paint.o
                0x08004580                Paint_DrawPoint
 .text.Paint_DrawLine
                0x08004650      0x104 ./Core/Src/GUI_Paint.o
                0x08004650                Paint_DrawLine
 .text.Paint_DrawRectangle
                0x08004754       0xbc ./Core/Src/GUI_Paint.o
                0x08004754                Paint_DrawRectangle
 .text.Paint_DrawCircle
                0x08004810      0x25c ./Core/Src/GUI_Paint.o
                0x08004810                Paint_DrawCircle
 .text.Paint_DrawChar
                0x08004a6c       0xc0 ./Core/Src/GUI_Paint.o
                0x08004a6c                Paint_DrawChar
 .text.Paint_DrawString_EN
                0x08004b2c       0x88 ./Core/Src/GUI_Paint.o
                0x08004b2c                Paint_DrawString_EN
 .text.Paint_DrawBitMap_Paste
                0x08004bb4       0x7a ./Core/Src/GUI_Paint.o
                0x08004bb4                Paint_DrawBitMap_Paste
 *fill*         0x08004c2e        0x2 
 .text.Set_RTC_From_Epoch
                0x08004c30       0x68 ./Core/Src/RTC.o
                0x08004c30                Set_RTC_From_Epoch
 .text.RTC_Get_Unix_Time
                0x08004c98       0x60 ./Core/Src/RTC.o
                0x08004c98                RTC_Get_Unix_Time
 .text.RTC_Print_DateTime
                0x08004cf8       0x70 ./Core/Src/RTC.o
                0x08004cf8                RTC_Print_DateTime
 .text.RTC_GetSecondsOfDay
                0x08004d68       0x38 ./Core/Src/RTC.o
                0x08004d68                RTC_GetSecondsOfDay
 .text.RTC_UpdateTimeData
                0x08004da0       0x60 ./Core/Src/RTC.o
                0x08004da0                RTC_UpdateTimeData
 .text.SCD41_SendCommand
                0x08004e00       0x1a ./Core/Src/SDC41.o
                0x08004e00                SCD41_SendCommand
 .text.SCD41_ReadData
                0x08004e1a       0x14 ./Core/Src/SDC41.o
                0x08004e1a                SCD41_ReadData
 *fill*         0x08004e2e        0x2 
 .text.SCD41_WakeUp
                0x08004e30       0x10 ./Core/Src/SDC41.o
                0x08004e30                SCD41_WakeUp
 .text.SCD41_PowerDown
                0x08004e40       0x10 ./Core/Src/SDC41.o
                0x08004e40                SCD41_PowerDown
 .text.sensirion_common_generate_crc
                0x08004e50       0x36 ./Core/Src/SDC41.o
                0x08004e50                sensirion_common_generate_crc
 *fill*         0x08004e86        0x2 
 .text.DataReadyStatus
                0x08004e88       0x44 ./Core/Src/SDC41.o
                0x08004e88                DataReadyStatus
 .text.SCD41_SingleMeasurement_Averaged
                0x08004ecc      0x174 ./Core/Src/SDC41.o
                0x08004ecc                SCD41_SingleMeasurement_Averaged
 .text.SCD41_ForceRecalibration
                0x08005040      0x170 ./Core/Src/SDC41.o
                0x08005040                SCD41_ForceRecalibration
 .text.convRHTtoTicks
                0x080051b0       0xb8 ./Core/Src/SGP40.o
 .text.sensirion_crc8.constprop.0
                0x08005268       0x44 ./Core/Src/SGP40.o
 .text.SGP40_ReadRawComp_HeaterOn
                0x080052ac      0x128 ./Core/Src/SGP40.o
                0x080052ac                SGP40_ReadRawComp_HeaterOn
 .text.SHT41_CheckCRC
                0x080053d4       0x4e ./Core/Src/SHT41.o
                0x080053d4                SHT41_CheckCRC
 *fill*         0x08005422        0x2 
 .text.SHTMeasure
                0x08005424       0xd4 ./Core/Src/SHT41.o
                0x08005424                SHTMeasure
 .text.Wio_IsHexLen.part.0
                0x080054f8       0x2c ./Core/Src/WioE5.o
 .text.Wio_IsHexLen
                0x08005524        0xc ./Core/Src/WioE5.o
                0x08005524                Wio_IsHexLen
 .text.Wio_SendCommand
                0x08005530      0x104 ./Core/Src/WioE5.o
                0x08005530                Wio_SendCommand
 .text.Wio_Init_OTAA
                0x08005634      0x134 ./Core/Src/WioE5.o
                0x08005634                Wio_Init_OTAA
 .text.Wio_SendData
                0x08005768       0x64 ./Core/Src/WioE5.o
                0x08005768                Wio_SendData
 .text.Wio_SendData_Unconfirmed
                0x080057cc       0x50 ./Core/Src/WioE5.o
                0x080057cc                Wio_SendData_Unconfirmed
 .text.Wio_ParseTimeDownlink
                0x0800581c       0x50 ./Core/Src/WioE5.o
                0x0800581c                Wio_ParseTimeDownlink
 .text.WioTimeReq
                0x0800586c       0x28 ./Core/Src/WioE5.o
                0x0800586c                WioTimeReq
 .text.Wio_EnsureReady
                0x08005894       0x40 ./Core/Src/WioE5.o
                0x08005894                Wio_EnsureReady
 .text.Wio_JoinNow
                0x080058d4       0x34 ./Core/Src/WioE5.o
                0x080058d4                Wio_JoinNow
 .text.Wio_SleepEnter
                0x08005908       0x18 ./Core/Src/WioE5.o
                0x08005908                Wio_SleepEnter
 .text.Wio_Wake
                0x08005920        0x8 ./Core/Src/WioE5.o
                0x08005920                Wio_Wake
 .text.App_StateName
                0x08005928       0x18 ./Core/Src/app.o
 .text.emoji_bucket
                0x08005940       0x54 ./Core/Src/app.o
 .text.EPD_PowerOn
                0x08005994       0x2c ./Core/Src/app.o
 .text.EPD_PowerOff
                0x080059c0       0x44 ./Core/Src/app.o
 .text.sod_now  0x08005a04        0x8 ./Core/Src/app.o
 .text.VOC_LPTIM_Stop
                0x08005a0c       0x70 ./Core/Src/app.o
 .text.sod_diff
                0x08005a7c       0x1c ./Core/Src/app.o
 .text.LOG_Hex.constprop.0
                0x08005a98       0x54 ./Core/Src/app.o
 .text.AppConfig_SetDefaults
                0x08005aec       0x1c ./Core/Src/app.o
                0x08005aec                AppConfig_SetDefaults
 .text.App_Config_SaveToEeprom
                0x08005b08       0x90 ./Core/Src/app.o
                0x08005b08                App_Config_SaveToEeprom
 .text.App_UserButtonIRQ_15s
                0x08005b98        0xc ./Core/Src/app.o
                0x08005b98                App_UserButtonIRQ_15s
 .text.App_UserButtonIRQ_5s
                0x08005ba4       0x10 ./Core/Src/app.o
                0x08005ba4                App_UserButtonIRQ_5s
 .text.EPD_OnFatalError
                0x08005bb4       0x34 ./Core/Src/app.o
                0x08005bb4                EPD_OnFatalError
 .text.App_Init
                0x08005be8      0x414 ./Core/Src/app.o
                0x08005be8                App_Init
 .text.App_Run  0x08005ffc     0x1120 ./Core/Src/app.o
                0x08005ffc                App_Run
 .text.HAL_LPTIM_AutoReloadMatchCallback
                0x0800711c       0xa0 ./Core/Src/app.o
                0x0800711c                HAL_LPTIM_AutoReloadMatchCallback
 .text.HAL_UART_RxCpltCallback
                0x080071bc        0x8 ./Core/Src/app.o
                0x080071bc                HAL_UART_RxCpltCallback
 .text.HAL_RTCEx_WakeUpTimerEventCallback
                0x080071c4        0xc ./Core/Src/app.o
                0x080071c4                HAL_RTCEx_WakeUpTimerEventCallback
 .text.HAL_GPIO_EXTI_Rising_Callback
                0x080071d0       0x28 ./Core/Src/app.o
                0x080071d0                HAL_GPIO_EXTI_Rising_Callback
 .text.HAL_GPIO_EXTI_Falling_Callback
                0x080071f8       0x1c ./Core/Src/app.o
                0x080071f8                HAL_GPIO_EXTI_Falling_Callback
 .text.ButtonHandler_Init
                0x08007214       0x50 ./Core/Src/button_handler.o
                0x08007214                ButtonHandler_Init
 .text.IsButtonReleased
                0x08007264       0x1c ./Core/Src/button_handler.o
                0x08007264                IsButtonReleased
 .text.ButtonHandler_EXTI_Callback
                0x08007280       0x84 ./Core/Src/button_handler.o
                0x08007280                ButtonHandler_EXTI_Callback
 .text.touch    0x08007304       0x1c ./Core/Src/conf_console.o
 .text.keyeq    0x08007320       0x3e ./Core/Src/conf_console.o
 *fill*         0x0800735e        0x2 
 .text.tx       0x08007360       0x24 ./Core/Src/conf_console.o
 .text.parse_u32
                0x08007384       0x28 ./Core/Src/conf_console.o
 .text.parse_u8
                0x080073ac       0x1c ./Core/Src/conf_console.o
 .text.parse_u16
                0x080073c8       0x20 ./Core/Src/conf_console.o
 .text.HAL_UART_ErrorCallback
                0x080073e8       0x24 ./Core/Src/conf_console.o
                0x080073e8                HAL_UART_ErrorCallback
 .text.ConfConsole_Init
                0x0800740c       0x34 ./Core/Src/conf_console.o
                0x0800740c                ConfConsole_Init
 .text.ConfConsole_Start
                0x08007440       0x3c ./Core/Src/conf_console.o
                0x08007440                ConfConsole_Start
 .text.ConfConsole_Stop
                0x0800747c        0xc ./Core/Src/conf_console.o
                0x0800747c                ConfConsole_Stop
 .text.ConfConsole_PrintBanner
                0x08007488       0x10 ./Core/Src/conf_console.o
                0x08007488                ConfConsole_PrintBanner
 .text.ConfConsole_PrintCfg
                0x08007498      0x10c ./Core/Src/conf_console.o
                0x08007498                ConfConsole_PrintCfg
 .text.ConfConsole_Poll
                0x080075a4      0xb20 ./Core/Src/conf_console.o
                0x080075a4                ConfConsole_Poll
 .text.ConfConsole_OnRxCplt
                0x080080c4       0x94 ./Core/Src/conf_console.o
                0x080080c4                ConfConsole_OnRxCplt
 .text.ConfConsole_ShouldExit
                0x08008158       0x4c ./Core/Src/conf_console.o
                0x08008158                ConfConsole_ShouldExit
 .text.EE_Config_Load
                0x080081a4       0xf8 ./Core/Src/ee_config.o
                0x080081a4                EE_Config_Load
 .text.EE_Config_Save
                0x0800829c       0xac ./Core/Src/ee_config.o
                0x0800829c                EE_Config_Save
 .text.ESP_Init
                0x08008348       0x68 ./Core/Src/esp32c6.o
                0x08008348                ESP_Init
 .text.EspC6_SendCommand
                0x080083b0      0x244 ./Core/Src/esp32c6.o
                0x080083b0                EspC6_SendCommand
 .text.EspC6_Ping
                0x080085f4       0x1c ./Core/Src/esp32c6.o
                0x080085f4                EspC6_Ping
 .text.EspC6_Status
                0x08008610       0x54 ./Core/Src/esp32c6.o
                0x08008610                EspC6_Status
 .text.EspC6_Version
                0x08008664       0x1c ./Core/Src/esp32c6.o
                0x08008664                EspC6_Version
 .text.EspC6_QR
                0x08008680       0xb4 ./Core/Src/esp32c6.o
                0x08008680                EspC6_QR
 .text.EspC6_Fabrics
                0x08008734       0x1c ./Core/Src/esp32c6.o
                0x08008734                EspC6_Fabrics
 .text.EspC6_CommStart
                0x08008750       0x1c ./Core/Src/esp32c6.o
                0x08008750                EspC6_CommStart
 .text.EspC6_CommStop
                0x0800876c       0x1c ./Core/Src/esp32c6.o
                0x0800876c                EspC6_CommStop
 .text.EspC6_FactoryReset
                0x08008788       0x18 ./Core/Src/esp32c6.o
                0x08008788                EspC6_FactoryReset
 .text.EspC6_DataHex
                0x080087a0       0x4c ./Core/Src/esp32c6.o
                0x080087a0                EspC6_DataHex
 .text.EspC6_DataKV
                0x080087ec       0x2c ./Core/Src/esp32c6.o
                0x080087ec                EspC6_DataKV
 .text.EspC6_DataBat
                0x08008818       0x2c ./Core/Src/esp32c6.o
                0x08008818                EspC6_DataBat
 .text.GPIO_Sleep_SetKeepPins
                0x08008844       0x14 ./Core/Src/gpio_sleep.o
                0x08008844                GPIO_Sleep_SetKeepPins
 .text.GPIO_EnableAllClocks
                0x08008858       0x6c ./Core/Src/gpio_sleep.o
                0x08008858                GPIO_EnableAllClocks
 .text.build_keep_mask
                0x080088c4       0x50 ./Core/Src/gpio_sleep.o
                0x080088c4                build_keep_mask
 .text.port_to_analog_except
                0x08008914       0x34 ./Core/Src/gpio_sleep.o
                0x08008914                port_to_analog_except
 .text.GPIO_PrepareForSleep_Simple
                0x08008948       0xac ./Core/Src/gpio_sleep.o
                0x08008948                GPIO_PrepareForSleep_Simple
 .text.GPIO_IsKeep
                0x080089f4       0x22 ./Core/Src/gpio_sleep.o
                0x080089f4                GPIO_IsKeep
 .text.GPIO_InitIfNotKeep.constprop.0
                0x08008a16       0x28 ./Core/Src/gpio_sleep.o
 .text.GPIO_WriteIfNotKeep.constprop.0
                0x08008a3e       0x18 ./Core/Src/gpio_sleep.o
 *fill*         0x08008a56        0x2 
 .text.MX_GPIO_ReInit_Except
                0x08008a58      0x3c8 ./Core/Src/gpio_sleep.o
                0x08008a58                MX_GPIO_ReInit_Except
 .text.M24C02_Init
                0x08008e20       0x10 ./Core/Src/m24c02.o
                0x08008e20                M24C02_Init
 .text.M24C02_Read
                0x08008e30       0x36 ./Core/Src/m24c02.o
                0x08008e30                M24C02_Read
 .text.M24C02_Write
                0x08008e66       0x7c ./Core/Src/m24c02.o
                0x08008e66                M24C02_Write
 *fill*         0x08008ee2        0x2 
 .text.SystemClock_Config
                0x08008ee4       0x74 ./Core/Src/main.o
                0x08008ee4                SystemClock_Config
 .text.MX_ADC1_Init
                0x08008f58       0x7c ./Core/Src/main.o
                0x08008f58                MX_ADC1_Init
 .text.MX_I2C1_Init
                0x08008fd4       0x58 ./Core/Src/main.o
                0x08008fd4                MX_I2C1_Init
 .text.MX_LPTIM2_Init
                0x0800902c       0x40 ./Core/Src/main.o
                0x0800902c                MX_LPTIM2_Init
 .text.MX_RTC_Init
                0x0800906c       0x50 ./Core/Src/main.o
                0x0800906c                MX_RTC_Init
 .text.MX_SPI1_Init
                0x080090bc       0x50 ./Core/Src/main.o
                0x080090bc                MX_SPI1_Init
 .text.MX_SPI2_Init
                0x0800910c       0x4c ./Core/Src/main.o
                0x0800910c                MX_SPI2_Init
 .text.MX_USART1_UART_Init
                0x08009158       0x68 ./Core/Src/main.o
                0x08009158                MX_USART1_UART_Init
 .text.MX_USART4_UART_Init
                0x080091c0       0x68 ./Core/Src/main.o
                0x080091c0                MX_USART4_UART_Init
 .text.MX_GPIO_Init
                0x08009228      0x1c8 ./Core/Src/main.o
                0x08009228                MX_GPIO_Init
 .text.startup.main
                0x080093f0       0x44 ./Core/Src/main.o
                0x080093f0                main
 .text._write   0x08009434       0x18 ./Core/Src/main.o
                0x08009434                _write
 .text.Error_Handler
                0x0800944c        0x4 ./Core/Src/main.o
                0x0800944c                Error_Handler
 .text.reedSolomonMultiply
                0x08009450       0x28 ./Core/Src/qrcodegen.o
 .text.getAlignmentPatternPositions
                0x08009478       0x42 ./Core/Src/qrcodegen.o
 *fill*         0x080094ba        0x2 
 .text.calcSegmentBitLength
                0x080094bc       0x6c ./Core/Src/qrcodegen.o
 .text.numCharCountBits
                0x08009528       0x7c ./Core/Src/qrcodegen.o
 .text.appendBitsToBuffer
                0x080095a4       0x54 ./Core/Src/qrcodegen.o
 .text.getNumRawDataModules
                0x080095f8       0x6c ./Core/Src/qrcodegen.o
 .text.setModuleBounded
                0x08009664       0x58 ./Core/Src/qrcodegen.o
 .text.fillRectangle
                0x080096bc       0x30 ./Core/Src/qrcodegen.o
 .text.finderPenaltyCountPatterns
                0x080096ec       0x6c ./Core/Src/qrcodegen.o
 .text.initializeFunctionModules
                0x08009758       0xec ./Core/Src/qrcodegen.o
 .text.finderPenaltyAddHistory
                0x08009844       0x1c ./Core/Src/qrcodegen.o
 .text.getNumDataCodewords
                0x08009860       0x50 ./Core/Src/qrcodegen.o
 .text.getModuleBounded
                0x080098b0       0x48 ./Core/Src/qrcodegen.o
 .text.setModuleUnbounded.constprop.0
                0x080098f8       0x14 ./Core/Src/qrcodegen.o
 .text.qrcodegen_getSize
                0x0800990c       0x40 ./Core/Src/qrcodegen.o
                0x0800990c                qrcodegen_getSize
 .text.applyMask
                0x0800994c      0x100 ./Core/Src/qrcodegen.o
 .text.drawFormatBits
                0x08009a4c      0x124 ./Core/Src/qrcodegen.o
 .text.qrcodegen_encodeSegmentsAdvanced
                0x08009b70      0x904 ./Core/Src/qrcodegen.o
                0x08009b70                qrcodegen_encodeSegmentsAdvanced
 .text.qrcodegen_getModule
                0x0800a474       0x3c ./Core/Src/qrcodegen.o
                0x0800a474                qrcodegen_getModule
 .text.qrcodegen_isNumeric
                0x0800a4b0       0x38 ./Core/Src/qrcodegen.o
                0x0800a4b0                qrcodegen_isNumeric
 .text.qrcodegen_isAlphanumeric
                0x0800a4e8       0x3c ./Core/Src/qrcodegen.o
                0x0800a4e8                qrcodegen_isAlphanumeric
 .text.qrcodegen_calcSegmentBufferSize
                0x0800a524       0x38 ./Core/Src/qrcodegen.o
                0x0800a524                qrcodegen_calcSegmentBufferSize
 .text.qrcodegen_makeNumeric
                0x0800a55c       0xe8 ./Core/Src/qrcodegen.o
                0x0800a55c                qrcodegen_makeNumeric
 .text.qrcodegen_makeAlphanumeric
                0x0800a644       0xf8 ./Core/Src/qrcodegen.o
                0x0800a644                qrcodegen_makeAlphanumeric
 .text.qrcodegen_encodeText
                0x0800a73c       0xde ./Core/Src/qrcodegen.o
                0x0800a73c                qrcodegen_encodeText
 *fill*         0x0800a81a        0x2 
 .text.GasIndexAlgorithm__init_instances
                0x0800a81c      0x13c ./Core/Src/sensirion_gas_index_algorithm.o
 .text.GasIndexAlgorithm__mean_variance_estimator___sigmoid__process
                0x0800a958       0x58 ./Core/Src/sensirion_gas_index_algorithm.o
 .text.GasIndexAlgorithm_reset
                0x0800a9b0       0x10 ./Core/Src/sensirion_gas_index_algorithm.o
                0x0800a9b0                GasIndexAlgorithm_reset
 .text.GasIndexAlgorithm_init_with_sampling_interval
                0x0800a9c0       0x84 ./Core/Src/sensirion_gas_index_algorithm.o
                0x0800a9c0                GasIndexAlgorithm_init_with_sampling_interval
 .text.GasIndexAlgorithm_process
                0x0800aa44      0x560 ./Core/Src/sensirion_gas_index_algorithm.o
                0x0800aa44                GasIndexAlgorithm_process
 .text.HAL_MspInit
                0x0800afa4       0x30 ./Core/Src/stm32u0xx_hal_msp.o
                0x0800afa4                HAL_MspInit
 .text.HAL_ADC_MspInit
                0x0800afd4       0x7c ./Core/Src/stm32u0xx_hal_msp.o
                0x0800afd4                HAL_ADC_MspInit
 .text.HAL_ADC_MspDeInit
                0x0800b050       0x30 ./Core/Src/stm32u0xx_hal_msp.o
                0x0800b050                HAL_ADC_MspDeInit
 .text.HAL_I2C_MspInit
                0x0800b080       0x84 ./Core/Src/stm32u0xx_hal_msp.o
                0x0800b080                HAL_I2C_MspInit
 .text.HAL_I2C_MspDeInit
                0x0800b104       0x38 ./Core/Src/stm32u0xx_hal_msp.o
                0x0800b104                HAL_I2C_MspDeInit
 .text.HAL_LPTIM_MspInit
                0x0800b13c       0x64 ./Core/Src/stm32u0xx_hal_msp.o
                0x0800b13c                HAL_LPTIM_MspInit
 .text.HAL_LPTIM_MspDeInit
                0x0800b1a0       0x28 ./Core/Src/stm32u0xx_hal_msp.o
                0x0800b1a0                HAL_LPTIM_MspDeInit
 .text.HAL_RTC_MspInit
                0x0800b1c8       0x70 ./Core/Src/stm32u0xx_hal_msp.o
                0x0800b1c8                HAL_RTC_MspInit
 .text.HAL_SPI_MspInit
                0x0800b238       0xa4 ./Core/Src/stm32u0xx_hal_msp.o
                0x0800b238                HAL_SPI_MspInit
 .text.HAL_SPI_MspDeInit
                0x0800b2dc       0x50 ./Core/Src/stm32u0xx_hal_msp.o
                0x0800b2dc                HAL_SPI_MspDeInit
 .text.HAL_UART_MspInit
                0x0800b32c       0xf4 ./Core/Src/stm32u0xx_hal_msp.o
                0x0800b32c                HAL_UART_MspInit
 .text.HAL_UART_MspDeInit
                0x0800b420       0x58 ./Core/Src/stm32u0xx_hal_msp.o
                0x0800b420                HAL_UART_MspDeInit
 .text.NMI_Handler
                0x0800b478        0x2 ./Core/Src/stm32u0xx_it.o
                0x0800b478                NMI_Handler
 .text.HardFault_Handler
                0x0800b47a        0x2 ./Core/Src/stm32u0xx_it.o
                0x0800b47a                HardFault_Handler
 .text.SVC_Handler
                0x0800b47c        0x2 ./Core/Src/stm32u0xx_it.o
                0x0800b47c                SVC_Handler
 .text.PendSV_Handler
                0x0800b47e        0x2 ./Core/Src/stm32u0xx_it.o
                0x0800b47e                PendSV_Handler
 .text.SysTick_Handler
                0x0800b480        0x8 ./Core/Src/stm32u0xx_it.o
                0x0800b480                SysTick_Handler
 .text.RTC_TAMP_IRQHandler
                0x0800b488       0x10 ./Core/Src/stm32u0xx_it.o
                0x0800b488                RTC_TAMP_IRQHandler
 .text.EXTI2_3_IRQHandler
                0x0800b498       0x14 ./Core/Src/stm32u0xx_it.o
                0x0800b498                EXTI2_3_IRQHandler
 .text.EXTI4_15_IRQHandler
                0x0800b4ac       0x1c ./Core/Src/stm32u0xx_it.o
                0x0800b4ac                EXTI4_15_IRQHandler
 .text.TIM7_LPTIM2_IRQHandler
                0x0800b4c8       0x10 ./Core/Src/stm32u0xx_it.o
                0x0800b4c8                TIM7_LPTIM2_IRQHandler
 .text.USART4_LPUART3_IRQHandler
                0x0800b4d8       0x10 ./Core/Src/stm32u0xx_it.o
                0x0800b4d8                USART4_LPUART3_IRQHandler
 .text._getpid  0x0800b4e8        0x4 ./Core/Src/syscalls.o
                0x0800b4e8                _getpid
 .text._kill    0x0800b4ec       0x10 ./Core/Src/syscalls.o
                0x0800b4ec                _kill
 .text._exit    0x0800b4fc        0xc ./Core/Src/syscalls.o
                0x0800b4fc                _exit
 .text._read    0x0800b508       0x1a ./Core/Src/syscalls.o
                0x0800b508                _read
 .text._close   0x0800b522        0x6 ./Core/Src/syscalls.o
                0x0800b522                _close
 .text._fstat   0x0800b528        0xa ./Core/Src/syscalls.o
                0x0800b528                _fstat
 .text._isatty  0x0800b532        0x4 ./Core/Src/syscalls.o
                0x0800b532                _isatty
 .text._lseek   0x0800b536        0x4 ./Core/Src/syscalls.o
                0x0800b536                _lseek
 *fill*         0x0800b53a        0x2 
 .text._sbrk    0x0800b53c       0x40 ./Core/Src/sysmem.o
                0x0800b53c                _sbrk
 .text.SystemInit
                0x0800b57c       0x38 ./Core/Src/system_stm32u0xx.o
                0x0800b57c                SystemInit
 .text.Reset_Handler
                0x0800b5b4       0x50 ./Core/Startup/startup_stm32u073rctx.o
                0x0800b5b4                Reset_Handler
 .text.Default_Handler
                0x0800b604        0x2 ./Core/Startup/startup_stm32u073rctx.o
                0x0800b604                WWDG_IWDG_IRQHandler
                0x0800b604                DMA1_Ch4_7_DMA2_Ch1_5_DMAMUX_OVR_IRQHandler
                0x0800b604                TIM1_CC_IRQHandler
                0x0800b604                TSC_IRQHandler
                0x0800b604                USB_DRD_FS_IRQHandler
                0x0800b604                I2C1_IRQHandler
                0x0800b604                RCC_CRS_IRQHandler
                0x0800b604                I2C2_3_4_IRQHandler
                0x0800b604                SPI1_IRQHandler
                0x0800b604                USART2_LPUART2_IRQHandler
                0x0800b604                LCD_IRQHandler
                0x0800b604                TIM16_IRQHandler
                0x0800b604                TIM3_IRQHandler
                0x0800b604                DMA1_Channel1_IRQHandler
                0x0800b604                Default_Handler
                0x0800b604                TIM15_LPTIM3_IRQHandler
                0x0800b604                EXTI0_1_IRQHandler
                0x0800b604                SPI2_3_IRQHandler
                0x0800b604                ADC_COMP1_2_IRQHandler
                0x0800b604                PVD_PVM_IRQHandler
                0x0800b604                TIM6_DAC_LPTIM1_IRQHandler
                0x0800b604                TIM2_IRQHandler
                0x0800b604                DMA1_Channel2_3_IRQHandler
                0x0800b604                FLASH_ECC_IRQHandler
                0x0800b604                USART3_LPUART1_IRQHandler
                0x0800b604                USART1_IRQHandler
                0x0800b604                TIM1_BRK_UP_TRG_COM_IRQHandler
                0x0800b604                RNG_CRYP_IRQHandler
 *fill*         0x0800b606        0x2 
 .text.HAL_InitTick
                0x0800b608       0x50 ./Drivers/STM32U0xx_HAL_Driver/Src/stm32u0xx_hal.o
                0x0800b608                HAL_InitTick
 .text.HAL_Init
                0x0800b658       0x18 ./Drivers/STM32U0xx_HAL_Driver/Src/stm32u0xx_hal.o
                0x0800b658                HAL_Init
 .text.HAL_IncTick
                0x0800b670       0x18 ./Drivers/STM32U0xx_HAL_Driver/Src/stm32u0xx_hal.o
                0x0800b670                HAL_IncTick
 .text.HAL_GetTick
                0x0800b688        0xc ./Drivers/STM32U0xx_HAL_Driver/Src/stm32u0xx_hal.o
                0x0800b688                HAL_GetTick
 .text.HAL_Delay
                0x0800b694       0x24 ./Drivers/STM32U0xx_HAL_Driver/Src/stm32u0xx_hal.o
                0x0800b694                HAL_Delay
 .text.HAL_SuspendTick
                0x0800b6b8       0x10 ./Drivers/STM32U0xx_HAL_Driver/Src/stm32u0xx_hal.o
                0x0800b6b8                HAL_SuspendTick
 .text.HAL_ResumeTick
                0x0800b6c8       0x10 ./Drivers/STM32U0xx_HAL_Driver/Src/stm32u0xx_hal.o
                0x0800b6c8                HAL_ResumeTick
 .text.LL_ADC_REG_IsConversionOngoing
                0x0800b6d8        0x8 ./Drivers/STM32U0xx_HAL_Driver/Src/stm32u0xx_hal_adc.o
 .text.HAL_ADC_Init
                0x0800b6e0      0x220 ./Drivers/STM32U0xx_HAL_Driver/Src/stm32u0xx_hal_adc.o
                0x0800b6e0                HAL_ADC_Init
 .text.HAL_ADC_PollForConversion
                0x0800b900       0xc8 ./Drivers/STM32U0xx_HAL_Driver/Src/stm32u0xx_hal_adc.o
                0x0800b900                HAL_ADC_PollForConversion
 .text.HAL_ADC_GetValue
                0x0800b9c8        0x6 ./Drivers/STM32U0xx_HAL_Driver/Src/stm32u0xx_hal_adc.o
                0x0800b9c8                HAL_ADC_GetValue
 *fill*         0x0800b9ce        0x2 
 .text.HAL_ADC_ConfigChannel
                0x0800b9d0      0x1c8 ./Drivers/STM32U0xx_HAL_Driver/Src/stm32u0xx_hal_adc.o
                0x0800b9d0                HAL_ADC_ConfigChannel
 .text.ADC_ConversionStop
                0x0800bb98       0x60 ./Drivers/STM32U0xx_HAL_Driver/Src/stm32u0xx_hal_adc.o
                0x0800bb98                ADC_ConversionStop
 .text.ADC_Enable
                0x0800bbf8       0xb8 ./Drivers/STM32U0xx_HAL_Driver/Src/stm32u0xx_hal_adc.o
                0x0800bbf8                ADC_Enable
 .text.HAL_ADC_Start
                0x0800bcb0       0x5c ./Drivers/STM32U0xx_HAL_Driver/Src/stm32u0xx_hal_adc.o
                0x0800bcb0                HAL_ADC_Start
 .text.ADC_Disable
                0x0800bd0c       0x78 ./Drivers/STM32U0xx_HAL_Driver/Src/stm32u0xx_hal_adc.o
                0x0800bd0c                ADC_Disable
 .text.HAL_ADC_DeInit
                0x0800bd84       0xac ./Drivers/STM32U0xx_HAL_Driver/Src/stm32u0xx_hal_adc.o
                0x0800bd84                HAL_ADC_DeInit
 .text.HAL_ADC_Stop
                0x0800be30       0x3c ./Drivers/STM32U0xx_HAL_Driver/Src/stm32u0xx_hal_adc.o
                0x0800be30                HAL_ADC_Stop
 .text.HAL_ADCEx_Calibration_Start
                0x0800be6c      0x164 ./Drivers/STM32U0xx_HAL_Driver/Src/stm32u0xx_hal_adc_ex.o
                0x0800be6c                HAL_ADCEx_Calibration_Start
 .text.HAL_NVIC_SetPriority
                0x0800bfd0       0x54 ./Drivers/STM32U0xx_HAL_Driver/Src/stm32u0xx_hal_cortex.o
                0x0800bfd0                HAL_NVIC_SetPriority
 .text.HAL_NVIC_EnableIRQ
                0x0800c024       0x18 ./Drivers/STM32U0xx_HAL_Driver/Src/stm32u0xx_hal_cortex.o
                0x0800c024                HAL_NVIC_EnableIRQ
 .text.HAL_NVIC_DisableIRQ
                0x0800c03c       0x20 ./Drivers/STM32U0xx_HAL_Driver/Src/stm32u0xx_hal_cortex.o
                0x0800c03c                HAL_NVIC_DisableIRQ
 .text.HAL_SYSTICK_Config
                0x0800c05c       0x34 ./Drivers/STM32U0xx_HAL_Driver/Src/stm32u0xx_hal_cortex.o
                0x0800c05c                HAL_SYSTICK_Config
 .text.HAL_DMA_Abort
                0x0800c090       0x6c ./Drivers/STM32U0xx_HAL_Driver/Src/stm32u0xx_hal_dma.o
                0x0800c090                HAL_DMA_Abort
 .text.HAL_DMA_Abort_IT
                0x0800c0fc       0x6c ./Drivers/STM32U0xx_HAL_Driver/Src/stm32u0xx_hal_dma.o
                0x0800c0fc                HAL_DMA_Abort_IT
 .text.HAL_GPIO_Init
                0x0800c168      0x17c ./Drivers/STM32U0xx_HAL_Driver/Src/stm32u0xx_hal_gpio.o
                0x0800c168                HAL_GPIO_Init
 .text.HAL_GPIO_DeInit
                0x0800c2e4      0x100 ./Drivers/STM32U0xx_HAL_Driver/Src/stm32u0xx_hal_gpio.o
                0x0800c2e4                HAL_GPIO_DeInit
 .text.HAL_GPIO_ReadPin
                0x0800c3e4        0xc ./Drivers/STM32U0xx_HAL_Driver/Src/stm32u0xx_hal_gpio.o
                0x0800c3e4                HAL_GPIO_ReadPin
 .text.HAL_GPIO_WritePin
                0x0800c3f0        0xc ./Drivers/STM32U0xx_HAL_Driver/Src/stm32u0xx_hal_gpio.o
                0x0800c3f0                HAL_GPIO_WritePin
 .text.HAL_GPIO_EXTI_IRQHandler
                0x0800c3fc       0x28 ./Drivers/STM32U0xx_HAL_Driver/Src/stm32u0xx_hal_gpio.o
                0x0800c3fc                HAL_GPIO_EXTI_IRQHandler
 .text.I2C_Flush_TXDR
                0x0800c424       0x1c ./Drivers/STM32U0xx_HAL_Driver/Src/stm32u0xx_hal_i2c.o
 .text.I2C_TransferConfig
                0x0800c440       0x2c ./Drivers/STM32U0xx_HAL_Driver/Src/stm32u0xx_hal_i2c.o
 .text.I2C_IsErrorOccurred
                0x0800c46c       0xfc ./Drivers/STM32U0xx_HAL_Driver/Src/stm32u0xx_hal_i2c.o
 .text.I2C_WaitOnTXISFlagUntilTimeout
                0x0800c568       0x5c ./Drivers/STM32U0xx_HAL_Driver/Src/stm32u0xx_hal_i2c.o
 .text.I2C_WaitOnFlagUntilTimeout
                0x0800c5c4       0x6e ./Drivers/STM32U0xx_HAL_Driver/Src/stm32u0xx_hal_i2c.o
 .text.I2C_WaitOnSTOPFlagUntilTimeout
                0x0800c632       0x54 ./Drivers/STM32U0xx_HAL_Driver/Src/stm32u0xx_hal_i2c.o
 *fill*         0x0800c686        0x2 
 .text.I2C_WaitOnRXNEFlagUntilTimeout
                0x0800c688       0xa0 ./Drivers/STM32U0xx_HAL_Driver/Src/stm32u0xx_hal_i2c.o
 .text.HAL_I2C_Init
                0x0800c728       0xbc ./Drivers/STM32U0xx_HAL_Driver/Src/stm32u0xx_hal_i2c.o
                0x0800c728                HAL_I2C_Init
 .text.HAL_I2C_DeInit
                0x0800c7e4       0x34 ./Drivers/STM32U0xx_HAL_Driver/Src/stm32u0xx_hal_i2c.o
                0x0800c7e4                HAL_I2C_DeInit
 .text.HAL_I2C_Master_Transmit
                0x0800c818      0x118 ./Drivers/STM32U0xx_HAL_Driver/Src/stm32u0xx_hal_i2c.o
                0x0800c818                HAL_I2C_Master_Transmit
 .text.HAL_I2C_Master_Receive
                0x0800c930      0x11c ./Drivers/STM32U0xx_HAL_Driver/Src/stm32u0xx_hal_i2c.o
                0x0800c930                HAL_I2C_Master_Receive
 .text.HAL_I2C_Mem_Write
                0x0800ca4c      0x1b4 ./Drivers/STM32U0xx_HAL_Driver/Src/stm32u0xx_hal_i2c.o
                0x0800ca4c                HAL_I2C_Mem_Write
 .text.HAL_I2C_Mem_Read
                0x0800cc00      0x1bc ./Drivers/STM32U0xx_HAL_Driver/Src/stm32u0xx_hal_i2c.o
                0x0800cc00                HAL_I2C_Mem_Read
 .text.HAL_I2C_IsDeviceReady
                0x0800cdbc      0x118 ./Drivers/STM32U0xx_HAL_Driver/Src/stm32u0xx_hal_i2c.o
                0x0800cdbc                HAL_I2C_IsDeviceReady
 .text.HAL_I2CEx_ConfigAnalogFilter
                0x0800ced4       0x4c ./Drivers/STM32U0xx_HAL_Driver/Src/stm32u0xx_hal_i2c_ex.o
                0x0800ced4                HAL_I2CEx_ConfigAnalogFilter
 .text.HAL_I2CEx_ConfigDigitalFilter
                0x0800cf20       0x48 ./Drivers/STM32U0xx_HAL_Driver/Src/stm32u0xx_hal_i2c_ex.o
                0x0800cf20                HAL_I2CEx_ConfigDigitalFilter
 .text.LPTIM_WaitForFlag
                0x0800cf68       0x3c ./Drivers/STM32U0xx_HAL_Driver/Src/stm32u0xx_hal_lptim.o
 .text.HAL_LPTIM_Init
                0x0800cfa4      0x160 ./Drivers/STM32U0xx_HAL_Driver/Src/stm32u0xx_hal_lptim.o
                0x0800cfa4                HAL_LPTIM_Init
 .text.HAL_LPTIM_Counter_Start_IT
                0x0800d104       0x58 ./Drivers/STM32U0xx_HAL_Driver/Src/stm32u0xx_hal_lptim.o
                0x0800d104                HAL_LPTIM_Counter_Start_IT
 .text.HAL_LPTIM_Counter_Stop_IT
                0x0800d15c       0xd0 ./Drivers/STM32U0xx_HAL_Driver/Src/stm32u0xx_hal_lptim.o
                0x0800d15c                HAL_LPTIM_Counter_Stop_IT
 .text.HAL_LPTIM_CompareMatchCallback
                0x0800d22c        0x2 ./Drivers/STM32U0xx_HAL_Driver/Src/stm32u0xx_hal_lptim.o
                0x0800d22c                HAL_LPTIM_CompareMatchCallback
 .text.HAL_LPTIM_TriggerCallback
                0x0800d22e        0x2 ./Drivers/STM32U0xx_HAL_Driver/Src/stm32u0xx_hal_lptim.o
                0x0800d22e                HAL_LPTIM_TriggerCallback
 .text.HAL_LPTIM_CompareWriteCallback
                0x0800d230        0x2 ./Drivers/STM32U0xx_HAL_Driver/Src/stm32u0xx_hal_lptim.o
                0x0800d230                HAL_LPTIM_CompareWriteCallback
 .text.HAL_LPTIM_AutoReloadWriteCallback
                0x0800d232        0x2 ./Drivers/STM32U0xx_HAL_Driver/Src/stm32u0xx_hal_lptim.o
                0x0800d232                HAL_LPTIM_AutoReloadWriteCallback
 .text.HAL_LPTIM_DirectionUpCallback
                0x0800d234        0x2 ./Drivers/STM32U0xx_HAL_Driver/Src/stm32u0xx_hal_lptim.o
                0x0800d234                HAL_LPTIM_DirectionUpCallback
 .text.HAL_LPTIM_DirectionDownCallback
                0x0800d236        0x2 ./Drivers/STM32U0xx_HAL_Driver/Src/stm32u0xx_hal_lptim.o
                0x0800d236                HAL_LPTIM_DirectionDownCallback
 .text.HAL_LPTIM_UpdateEventCallback
                0x0800d238        0x2 ./Drivers/STM32U0xx_HAL_Driver/Src/stm32u0xx_hal_lptim.o
                0x0800d238                HAL_LPTIM_UpdateEventCallback
 .text.HAL_LPTIM_RepCounterWriteCallback
                0x0800d23a        0x2 ./Drivers/STM32U0xx_HAL_Driver/Src/stm32u0xx_hal_lptim.o
                0x0800d23a                HAL_LPTIM_RepCounterWriteCallback
 .text.HAL_LPTIM_IC_CaptureCallback
                0x0800d23c        0x2 ./Drivers/STM32U0xx_HAL_Driver/Src/stm32u0xx_hal_lptim.o
                0x0800d23c                HAL_LPTIM_IC_CaptureCallback
 .text.HAL_LPTIM_IC_OverCaptureCallback
                0x0800d23e        0x2 ./Drivers/STM32U0xx_HAL_Driver/Src/stm32u0xx_hal_lptim.o
                0x0800d23e                HAL_LPTIM_IC_OverCaptureCallback
 .text.HAL_LPTIM_IRQHandler
                0x0800d240      0x256 ./Drivers/STM32U0xx_HAL_Driver/Src/stm32u0xx_hal_lptim.o
                0x0800d240                HAL_LPTIM_IRQHandler
 *fill*         0x0800d496        0x2 
 .text.HAL_PWR_EnableBkUpAccess
                0x0800d498       0x14 ./Drivers/STM32U0xx_HAL_Driver/Src/stm32u0xx_hal_pwr.o
                0x0800d498                HAL_PWR_EnableBkUpAccess
 .text.HAL_PWREx_ControlVoltageScaling
                0x0800d4ac       0x7c ./Drivers/STM32U0xx_HAL_Driver/Src/stm32u0xx_hal_pwr_ex.o
                0x0800d4ac                HAL_PWREx_ControlVoltageScaling
 .text.HAL_PWREx_GetVoltageRange
                0x0800d528       0x10 ./Drivers/STM32U0xx_HAL_Driver/Src/stm32u0xx_hal_pwr_ex.o
                0x0800d528                HAL_PWREx_GetVoltageRange
 .text.HAL_PWREx_EnterSTOP2Mode
                0x0800d538       0x44 ./Drivers/STM32U0xx_HAL_Driver/Src/stm32u0xx_hal_pwr_ex.o
                0x0800d538                HAL_PWREx_EnterSTOP2Mode
 .text.RCC_SetFlashLatencyFromMSIRange
                0x0800d57c       0x80 ./Drivers/STM32U0xx_HAL_Driver/Src/stm32u0xx_hal_rcc.o
 .text.HAL_RCC_GetSysClockFreq
                0x0800d5fc       0xbc ./Drivers/STM32U0xx_HAL_Driver/Src/stm32u0xx_hal_rcc.o
                0x0800d5fc                HAL_RCC_GetSysClockFreq
 .text.HAL_RCC_OscConfig
                0x0800d6b8      0x530 ./Drivers/STM32U0xx_HAL_Driver/Src/stm32u0xx_hal_rcc.o
                0x0800d6b8                HAL_RCC_OscConfig
 .text.HAL_RCC_ClockConfig
                0x0800dbe8      0x128 ./Drivers/STM32U0xx_HAL_Driver/Src/stm32u0xx_hal_rcc.o
                0x0800dbe8                HAL_RCC_ClockConfig
 .text.HAL_RCC_GetPCLK1Freq
                0x0800dd10       0x24 ./Drivers/STM32U0xx_HAL_Driver/Src/stm32u0xx_hal_rcc.o
                0x0800dd10                HAL_RCC_GetPCLK1Freq
 .text.HAL_RCCEx_PeriphCLKConfig
                0x0800dd34      0x280 ./Drivers/STM32U0xx_HAL_Driver/Src/stm32u0xx_hal_rcc_ex.o
                0x0800dd34                HAL_RCCEx_PeriphCLKConfig
 .text.HAL_RCCEx_GetPLLClockFreq
                0x0800dfb4       0xc0 ./Drivers/STM32U0xx_HAL_Driver/Src/stm32u0xx_hal_rcc_ex.o
                0x0800dfb4                HAL_RCCEx_GetPLLClockFreq
 .text.HAL_RCCEx_GetPeriphCLKFreq
                0x0800e074      0x310 ./Drivers/STM32U0xx_HAL_Driver/Src/stm32u0xx_hal_rcc_ex.o
                0x0800e074                HAL_RCCEx_GetPeriphCLKFreq
 .text.HAL_RTC_WaitForSynchro
                0x0800e384       0x34 ./Drivers/STM32U0xx_HAL_Driver/Src/stm32u0xx_hal_rtc.o
                0x0800e384                HAL_RTC_WaitForSynchro
 .text.RTC_EnterInitMode
                0x0800e3b8       0x3c ./Drivers/STM32U0xx_HAL_Driver/Src/stm32u0xx_hal_rtc.o
                0x0800e3b8                RTC_EnterInitMode
 .text.HAL_RTC_Init
                0x0800e3f4       0xb8 ./Drivers/STM32U0xx_HAL_Driver/Src/stm32u0xx_hal_rtc.o
                0x0800e3f4                HAL_RTC_Init
 .text.RTC_ByteToBcd2
                0x0800e4ac       0x16 ./Drivers/STM32U0xx_HAL_Driver/Src/stm32u0xx_hal_rtc.o
                0x0800e4ac                RTC_ByteToBcd2
 *fill*         0x0800e4c2        0x2 
 .text.HAL_RTC_SetTime
                0x0800e4c4      0x11c ./Drivers/STM32U0xx_HAL_Driver/Src/stm32u0xx_hal_rtc.o
                0x0800e4c4                HAL_RTC_SetTime
 .text.HAL_RTC_SetDate
                0x0800e5e0       0xdc ./Drivers/STM32U0xx_HAL_Driver/Src/stm32u0xx_hal_rtc.o
                0x0800e5e0                HAL_RTC_SetDate
 .text.RTC_Bcd2ToByte
                0x0800e6bc       0x12 ./Drivers/STM32U0xx_HAL_Driver/Src/stm32u0xx_hal_rtc.o
                0x0800e6bc                RTC_Bcd2ToByte
 *fill*         0x0800e6ce        0x2 
 .text.HAL_RTC_GetTime
                0x0800e6d0       0x64 ./Drivers/STM32U0xx_HAL_Driver/Src/stm32u0xx_hal_rtc.o
                0x0800e6d0                HAL_RTC_GetTime
 .text.HAL_RTC_GetDate
                0x0800e734       0x48 ./Drivers/STM32U0xx_HAL_Driver/Src/stm32u0xx_hal_rtc.o
                0x0800e734                HAL_RTC_GetDate
 .text.HAL_RTCEx_SetWakeUpTimer_IT
                0x0800e77c       0xe4 ./Drivers/STM32U0xx_HAL_Driver/Src/stm32u0xx_hal_rtc_ex.o
                0x0800e77c                HAL_RTCEx_SetWakeUpTimer_IT
 .text.HAL_RTCEx_DeactivateWakeUpTimer
                0x0800e860       0x34 ./Drivers/STM32U0xx_HAL_Driver/Src/stm32u0xx_hal_rtc_ex.o
                0x0800e860                HAL_RTCEx_DeactivateWakeUpTimer
 .text.HAL_RTCEx_WakeUpTimerIRQHandler
                0x0800e894       0x20 ./Drivers/STM32U0xx_HAL_Driver/Src/stm32u0xx_hal_rtc_ex.o
                0x0800e894                HAL_RTCEx_WakeUpTimerIRQHandler
 .text.SPI_WaitFlagStateUntilTimeout.constprop.0
                0x0800e8b4       0xb8 ./Drivers/STM32U0xx_HAL_Driver/Src/stm32u0xx_hal_spi.o
 .text.SPI_WaitFifoStateUntilTimeout.constprop.0
                0x0800e96c       0xd8 ./Drivers/STM32U0xx_HAL_Driver/Src/stm32u0xx_hal_spi.o
 .text.SPI_EndRxTxTransaction
                0x0800ea44       0x46 ./Drivers/STM32U0xx_HAL_Driver/Src/stm32u0xx_hal_spi.o
 .text.HAL_SPI_Init
                0x0800ea8a       0xe2 ./Drivers/STM32U0xx_HAL_Driver/Src/stm32u0xx_hal_spi.o
                0x0800ea8a                HAL_SPI_Init
 .text.HAL_SPI_DeInit
                0x0800eb6c       0x2e ./Drivers/STM32U0xx_HAL_Driver/Src/stm32u0xx_hal_spi.o
                0x0800eb6c                HAL_SPI_DeInit
 .text.HAL_SPI_Transmit
                0x0800eb9a      0x18a ./Drivers/STM32U0xx_HAL_Driver/Src/stm32u0xx_hal_spi.o
                0x0800eb9a                HAL_SPI_Transmit
 .text.UART_EndRxTransfer
                0x0800ed24       0x64 ./Drivers/STM32U0xx_HAL_Driver/Src/stm32u0xx_hal_uart.o
 .text.HAL_UART_DeInit
                0x0800ed88       0x40 ./Drivers/STM32U0xx_HAL_Driver/Src/stm32u0xx_hal_uart.o
                0x0800ed88                HAL_UART_DeInit
 .text.HAL_UART_TxCpltCallback
                0x0800edc8        0x2 ./Drivers/STM32U0xx_HAL_Driver/Src/stm32u0xx_hal_uart.o
                0x0800edc8                HAL_UART_TxCpltCallback
 .text.UART_DMAAbortOnError
                0x0800edca       0x12 ./Drivers/STM32U0xx_HAL_Driver/Src/stm32u0xx_hal_uart.o
 .text.HAL_UARTEx_RxEventCallback
                0x0800eddc        0x2 ./Drivers/STM32U0xx_HAL_Driver/Src/stm32u0xx_hal_uart.o
                0x0800eddc                HAL_UARTEx_RxEventCallback
 *fill*         0x0800edde        0x2 
 .text.HAL_UART_IRQHandler
                0x0800ede0      0x344 ./Drivers/STM32U0xx_HAL_Driver/Src/stm32u0xx_hal_uart.o
                0x0800ede0                HAL_UART_IRQHandler
 .text.UART_RxISR_8BIT
                0x0800f124       0xf4 ./Drivers/STM32U0xx_HAL_Driver/Src/stm32u0xx_hal_uart.o
 .text.UART_RxISR_16BIT
                0x0800f218       0xf4 ./Drivers/STM32U0xx_HAL_Driver/Src/stm32u0xx_hal_uart.o
 .text.UART_RxISR_8BIT_FIFOEN
                0x0800f30c      0x1e8 ./Drivers/STM32U0xx_HAL_Driver/Src/stm32u0xx_hal_uart.o
 .text.UART_RxISR_16BIT_FIFOEN
                0x0800f4f4      0x1e4 ./Drivers/STM32U0xx_HAL_Driver/Src/stm32u0xx_hal_uart.o
 .text.UART_SetConfig
                0x0800f6d8      0x1c0 ./Drivers/STM32U0xx_HAL_Driver/Src/stm32u0xx_hal_uart.o
                0x0800f6d8                UART_SetConfig
 .text.UART_AdvFeatureConfig
                0x0800f898       0xd0 ./Drivers/STM32U0xx_HAL_Driver/Src/stm32u0xx_hal_uart.o
                0x0800f898                UART_AdvFeatureConfig
 .text.UART_WaitOnFlagUntilTimeout
                0x0800f968       0x92 ./Drivers/STM32U0xx_HAL_Driver/Src/stm32u0xx_hal_uart.o
                0x0800f968                UART_WaitOnFlagUntilTimeout
 .text.HAL_UART_Transmit
                0x0800f9fa       0xd4 ./Drivers/STM32U0xx_HAL_Driver/Src/stm32u0xx_hal_uart.o
                0x0800f9fa                HAL_UART_Transmit
 *fill*         0x0800face        0x2 
 .text.HAL_UART_Receive
                0x0800fad0      0x100 ./Drivers/STM32U0xx_HAL_Driver/Src/stm32u0xx_hal_uart.o
                0x0800fad0                HAL_UART_Receive
 .text.UART_CheckIdleState
                0x0800fbd0       0xc8 ./Drivers/STM32U0xx_HAL_Driver/Src/stm32u0xx_hal_uart.o
                0x0800fbd0                UART_CheckIdleState
 .text.HAL_UART_Init
                0x0800fc98       0x68 ./Drivers/STM32U0xx_HAL_Driver/Src/stm32u0xx_hal_uart.o
                0x0800fc98                HAL_UART_Init
 .text.UART_Start_Receive_IT
                0x0800fd00      0x134 ./Drivers/STM32U0xx_HAL_Driver/Src/stm32u0xx_hal_uart.o
                0x0800fd00                UART_Start_Receive_IT
 .text.HAL_UART_Receive_IT
                0x0800fe34       0x7c ./Drivers/STM32U0xx_HAL_Driver/Src/stm32u0xx_hal_uart.o
                0x0800fe34                HAL_UART_Receive_IT
 .text.UARTEx_SetNbDataToProcess
                0x0800feb0       0x50 ./Drivers/STM32U0xx_HAL_Driver/Src/stm32u0xx_hal_uart_ex.o
 .text.HAL_UARTEx_WakeupCallback
                0x0800ff00        0x2 ./Drivers/STM32U0xx_HAL_Driver/Src/stm32u0xx_hal_uart_ex.o
                0x0800ff00                HAL_UARTEx_WakeupCallback
 .text.HAL_UARTEx_RxFifoFullCallback
                0x0800ff02        0x2 ./Drivers/STM32U0xx_HAL_Driver/Src/stm32u0xx_hal_uart_ex.o
                0x0800ff02                HAL_UARTEx_RxFifoFullCallback
 .text.HAL_UARTEx_TxFifoEmptyCallback
                0x0800ff04        0x2 ./Drivers/STM32U0xx_HAL_Driver/Src/stm32u0xx_hal_uart_ex.o
                0x0800ff04                HAL_UARTEx_TxFifoEmptyCallback
 *fill*         0x0800ff06        0x2 
 .text.HAL_UARTEx_DisableFifoMode
                0x0800ff08       0x3c ./Drivers/STM32U0xx_HAL_Driver/Src/stm32u0xx_hal_uart_ex.o
                0x0800ff08                HAL_UARTEx_DisableFifoMode
 .text.HAL_UARTEx_SetTxFifoThreshold
                0x0800ff44       0x40 ./Drivers/STM32U0xx_HAL_Driver/Src/stm32u0xx_hal_uart_ex.o
                0x0800ff44                HAL_UARTEx_SetTxFifoThreshold
 .text.HAL_UARTEx_SetRxFifoThreshold
                0x0800ff84       0x44 ./Drivers/STM32U0xx_HAL_Driver/Src/stm32u0xx_hal_uart_ex.o
                0x0800ff84                HAL_UARTEx_SetRxFifoThreshold
 .text.__assert_func
                0x0800ffc8       0x3c C:/ST/STM32CubeIDE_1.10.1/STM32CubeIDE/plugins/com.st.stm32cube.ide.mcu.externaltools.gnu-tools-for-stm32.13.3.rel1.win32_1.0.0.202411081344/tools/bin/../lib/gcc/arm-none-eabi/13.3.1/../../../../arm-none-eabi/lib/thumb/v6-m/nofp\libc_nano.a(libc_a-assert.o)
                0x0800ffc8                __assert_func
 .text.malloc   0x08010004       0x14 C:/ST/STM32CubeIDE_1.10.1/STM32CubeIDE/plugins/com.st.stm32cube.ide.mcu.externaltools.gnu-tools-for-stm32.13.3.rel1.win32_1.0.0.202411081344/tools/bin/../lib/gcc/arm-none-eabi/13.3.1/../../../../arm-none-eabi/lib/thumb/v6-m/nofp\libc_nano.a(libc_a-malloc.o)
                0x08010004                malloc
 .text.free     0x08010018       0x14 C:/ST/STM32CubeIDE_1.10.1/STM32CubeIDE/plugins/com.st.stm32cube.ide.mcu.externaltools.gnu-tools-for-stm32.13.3.rel1.win32_1.0.0.202411081344/tools/bin/../lib/gcc/arm-none-eabi/13.3.1/../../../../arm-none-eabi/lib/thumb/v6-m/nofp\libc_nano.a(libc_a-malloc.o)
                0x08010018                free
 .text.sbrk_aligned
                0x0801002c       0x44 C:/ST/STM32CubeIDE_1.10.1/STM32CubeIDE/plugins/com.st.stm32cube.ide.mcu.externaltools.gnu-tools-for-stm32.13.3.rel1.win32_1.0.0.202411081344/tools/bin/../lib/gcc/arm-none-eabi/13.3.1/../../../../arm-none-eabi/lib/thumb/v6-m/nofp\libc_nano.a(libc_a-mallocr.o)
 .text._malloc_r
                0x08010070      0x100 C:/ST/STM32CubeIDE_1.10.1/STM32CubeIDE/plugins/com.st.stm32cube.ide.mcu.externaltools.gnu-tools-for-stm32.13.3.rel1.win32_1.0.0.202411081344/tools/bin/../lib/gcc/arm-none-eabi/13.3.1/../../../../arm-none-eabi/lib/thumb/v6-m/nofp\libc_nano.a(libc_a-mallocr.o)
                0x08010070                _malloc_r
 .text.__malloc_lock
                0x08010170       0x10 C:/ST/STM32CubeIDE_1.10.1/STM32CubeIDE/plugins/com.st.stm32cube.ide.mcu.externaltools.gnu-tools-for-stm32.13.3.rel1.win32_1.0.0.202411081344/tools/bin/../lib/gcc/arm-none-eabi/13.3.1/../../../../arm-none-eabi/lib/thumb/v6-m/nofp\libc_nano.a(libc_a-mlock.o)
                0x08010170                __malloc_lock
 .text.__malloc_unlock
                0x08010180       0x10 C:/ST/STM32CubeIDE_1.10.1/STM32CubeIDE/plugins/com.st.stm32cube.ide.mcu.externaltools.gnu-tools-for-stm32.13.3.rel1.win32_1.0.0.202411081344/tools/bin/../lib/gcc/arm-none-eabi/13.3.1/../../../../arm-none-eabi/lib/thumb/v6-m/nofp\libc_nano.a(libc_a-mlock.o)
                0x08010180                __malloc_unlock
 .text._strtoul_l.isra.0
                0x08010190      0x104 C:/ST/STM32CubeIDE_1.10.1/STM32CubeIDE/plugins/com.st.stm32cube.ide.mcu.externaltools.gnu-tools-for-stm32.13.3.rel1.win32_1.0.0.202411081344/tools/bin/../lib/gcc/arm-none-eabi/13.3.1/../../../../arm-none-eabi/lib/thumb/v6-m/nofp\libc_nano.a(libc_a-strtoul.o)
 .text._strtoul_r
                0x08010294        0x8 C:/ST/STM32CubeIDE_1.10.1/STM32CubeIDE/plugins/com.st.stm32cube.ide.mcu.externaltools.gnu-tools-for-stm32.13.3.rel1.win32_1.0.0.202411081344/tools/bin/../lib/gcc/arm-none-eabi/13.3.1/../../../../arm-none-eabi/lib/thumb/v6-m/nofp\libc_nano.a(libc_a-strtoul.o)
                0x08010294                _strtoul_r
 .text.strtoul  0x0801029c       0x18 C:/ST/STM32CubeIDE_1.10.1/STM32CubeIDE/plugins/com.st.stm32cube.ide.mcu.externaltools.gnu-tools-for-stm32.13.3.rel1.win32_1.0.0.202411081344/tools/bin/../lib/gcc/arm-none-eabi/13.3.1/../../../../arm-none-eabi/lib/thumb/v6-m/nofp\libc_nano.a(libc_a-strtoul.o)
                0x0801029c                strtoul
 .text.std      0x080102b4       0x6c C:/ST/STM32CubeIDE_1.10.1/STM32CubeIDE/plugins/com.st.stm32cube.ide.mcu.externaltools.gnu-tools-for-stm32.13.3.rel1.win32_1.0.0.202411081344/tools/bin/../lib/gcc/arm-none-eabi/13.3.1/../../../../arm-none-eabi/lib/thumb/v6-m/nofp\libc_nano.a(libc_a-findfp.o)
 .text.stdio_exit_handler
                0x08010320       0x1c C:/ST/STM32CubeIDE_1.10.1/STM32CubeIDE/plugins/com.st.stm32cube.ide.mcu.externaltools.gnu-tools-for-stm32.13.3.rel1.win32_1.0.0.202411081344/tools/bin/../lib/gcc/arm-none-eabi/13.3.1/../../../../arm-none-eabi/lib/thumb/v6-m/nofp\libc_nano.a(libc_a-findfp.o)
 .text.cleanup_stdio
                0x0801033c       0x3c C:/ST/STM32CubeIDE_1.10.1/STM32CubeIDE/plugins/com.st.stm32cube.ide.mcu.externaltools.gnu-tools-for-stm32.13.3.rel1.win32_1.0.0.202411081344/tools/bin/../lib/gcc/arm-none-eabi/13.3.1/../../../../arm-none-eabi/lib/thumb/v6-m/nofp\libc_nano.a(libc_a-findfp.o)
 .text.global_stdio_init.part.0
                0x08010378       0x3c C:/ST/STM32CubeIDE_1.10.1/STM32CubeIDE/plugins/com.st.stm32cube.ide.mcu.externaltools.gnu-tools-for-stm32.13.3.rel1.win32_1.0.0.202411081344/tools/bin/../lib/gcc/arm-none-eabi/13.3.1/../../../../arm-none-eabi/lib/thumb/v6-m/nofp\libc_nano.a(libc_a-findfp.o)
 .text.__sfp_lock_acquire
                0x080103b4       0x10 C:/ST/STM32CubeIDE_1.10.1/STM32CubeIDE/plugins/com.st.stm32cube.ide.mcu.externaltools.gnu-tools-for-stm32.13.3.rel1.win32_1.0.0.202411081344/tools/bin/../lib/gcc/arm-none-eabi/13.3.1/../../../../arm-none-eabi/lib/thumb/v6-m/nofp\libc_nano.a(libc_a-findfp.o)
                0x080103b4                __sfp_lock_acquire
 .text.__sfp_lock_release
                0x080103c4       0x10 C:/ST/STM32CubeIDE_1.10.1/STM32CubeIDE/plugins/com.st.stm32cube.ide.mcu.externaltools.gnu-tools-for-stm32.13.3.rel1.win32_1.0.0.202411081344/tools/bin/../lib/gcc/arm-none-eabi/13.3.1/../../../../arm-none-eabi/lib/thumb/v6-m/nofp\libc_nano.a(libc_a-findfp.o)
                0x080103c4                __sfp_lock_release
 .text.__sinit  0x080103d4       0x30 C:/ST/STM32CubeIDE_1.10.1/STM32CubeIDE/plugins/com.st.stm32cube.ide.mcu.externaltools.gnu-tools-for-stm32.13.3.rel1.win32_1.0.0.202411081344/tools/bin/../lib/gcc/arm-none-eabi/13.3.1/../../../../arm-none-eabi/lib/thumb/v6-m/nofp\libc_nano.a(libc_a-findfp.o)
                0x080103d4                __sinit
 .text.fprintf  0x08010404       0x20 C:/ST/STM32CubeIDE_1.10.1/STM32CubeIDE/plugins/com.st.stm32cube.ide.mcu.externaltools.gnu-tools-for-stm32.13.3.rel1.win32_1.0.0.202411081344/tools/bin/../lib/gcc/arm-none-eabi/13.3.1/../../../../arm-none-eabi/lib/thumb/v6-m/nofp\libc_nano.a(libc_a-fprintf.o)
                0x08010404                fiprintf
                0x08010404                fprintf
 .text._fwalk_sglue
                0x08010424       0x38 C:/ST/STM32CubeIDE_1.10.1/STM32CubeIDE/plugins/com.st.stm32cube.ide.mcu.externaltools.gnu-tools-for-stm32.13.3.rel1.win32_1.0.0.202411081344/tools/bin/../lib/gcc/arm-none-eabi/13.3.1/../../../../arm-none-eabi/lib/thumb/v6-m/nofp\libc_nano.a(libc_a-fwalk.o)
                0x08010424                _fwalk_sglue
 .text.printf   0x0801045c       0x20 C:/ST/STM32CubeIDE_1.10.1/STM32CubeIDE/plugins/com.st.stm32cube.ide.mcu.externaltools.gnu-tools-for-stm32.13.3.rel1.win32_1.0.0.202411081344/tools/bin/../lib/gcc/arm-none-eabi/13.3.1/../../../../arm-none-eabi/lib/thumb/v6-m/nofp\libc_nano.a(libc_a-printf.o)
                0x0801045c                iprintf
                0x0801045c                printf
 .text._puts_r  0x0801047c       0xac C:/ST/STM32CubeIDE_1.10.1/STM32CubeIDE/plugins/com.st.stm32cube.ide.mcu.externaltools.gnu-tools-for-stm32.13.3.rel1.win32_1.0.0.202411081344/tools/bin/../lib/gcc/arm-none-eabi/13.3.1/../../../../arm-none-eabi/lib/thumb/v6-m/nofp\libc_nano.a(libc_a-puts.o)
                0x0801047c                _puts_r
 .text.puts     0x08010528       0x14 C:/ST/STM32CubeIDE_1.10.1/STM32CubeIDE/plugins/com.st.stm32cube.ide.mcu.externaltools.gnu-tools-for-stm32.13.3.rel1.win32_1.0.0.202411081344/tools/bin/../lib/gcc/arm-none-eabi/13.3.1/../../../../arm-none-eabi/lib/thumb/v6-m/nofp\libc_nano.a(libc_a-puts.o)
                0x08010528                puts
 .text.snprintf
                0x0801053c       0x6c C:/ST/STM32CubeIDE_1.10.1/STM32CubeIDE/plugins/com.st.stm32cube.ide.mcu.externaltools.gnu-tools-for-stm32.13.3.rel1.win32_1.0.0.202411081344/tools/bin/../lib/gcc/arm-none-eabi/13.3.1/../../../../arm-none-eabi/lib/thumb/v6-m/nofp\libc_nano.a(libc_a-snprintf.o)
                0x0801053c                sniprintf
                0x0801053c                snprintf
 .text.sprintf  0x080105a8       0x44 C:/ST/STM32CubeIDE_1.10.1/STM32CubeIDE/plugins/com.st.stm32cube.ide.mcu.externaltools.gnu-tools-for-stm32.13.3.rel1.win32_1.0.0.202411081344/tools/bin/../lib/gcc/arm-none-eabi/13.3.1/../../../../arm-none-eabi/lib/thumb/v6-m/nofp\libc_nano.a(libc_a-sprintf.o)
                0x080105a8                siprintf
                0x080105a8                sprintf
 .text.sscanf   0x080105ec       0x54 C:/ST/STM32CubeIDE_1.10.1/STM32CubeIDE/plugins/com.st.stm32cube.ide.mcu.externaltools.gnu-tools-for-stm32.13.3.rel1.win32_1.0.0.202411081344/tools/bin/../lib/gcc/arm-none-eabi/13.3.1/../../../../arm-none-eabi/lib/thumb/v6-m/nofp\libc_nano.a(libc_a-sscanf.o)
                0x080105ec                siscanf
                0x080105ec                sscanf
 .text.__sread  0x08010640       0x28 C:/ST/STM32CubeIDE_1.10.1/STM32CubeIDE/plugins/com.st.stm32cube.ide.mcu.externaltools.gnu-tools-for-stm32.13.3.rel1.win32_1.0.0.202411081344/tools/bin/../lib/gcc/arm-none-eabi/13.3.1/../../../../arm-none-eabi/lib/thumb/v6-m/nofp\libc_nano.a(libc_a-stdio.o)
                0x08010640                __sread
 .text.__seofread
                0x08010668        0x4 C:/ST/STM32CubeIDE_1.10.1/STM32CubeIDE/plugins/com.st.stm32cube.ide.mcu.externaltools.gnu-tools-for-stm32.13.3.rel1.win32_1.0.0.202411081344/tools/bin/../lib/gcc/arm-none-eabi/13.3.1/../../../../arm-none-eabi/lib/thumb/v6-m/nofp\libc_nano.a(libc_a-stdio.o)
                0x08010668                __seofread
 .text.__swrite
                0x0801066c       0x38 C:/ST/STM32CubeIDE_1.10.1/STM32CubeIDE/plugins/com.st.stm32cube.ide.mcu.externaltools.gnu-tools-for-stm32.13.3.rel1.win32_1.0.0.202411081344/tools/bin/../lib/gcc/arm-none-eabi/13.3.1/../../../../arm-none-eabi/lib/thumb/v6-m/nofp\libc_nano.a(libc_a-stdio.o)
                0x0801066c                __swrite
 .text.__sseek  0x080106a4       0x2c C:/ST/STM32CubeIDE_1.10.1/STM32CubeIDE/plugins/com.st.stm32cube.ide.mcu.externaltools.gnu-tools-for-stm32.13.3.rel1.win32_1.0.0.202411081344/tools/bin/../lib/gcc/arm-none-eabi/13.3.1/../../../../arm-none-eabi/lib/thumb/v6-m/nofp\libc_nano.a(libc_a-stdio.o)
                0x080106a4                __sseek
 .text.__sclose
                0x080106d0        0xc C:/ST/STM32CubeIDE_1.10.1/STM32CubeIDE/plugins/com.st.stm32cube.ide.mcu.externaltools.gnu-tools-for-stm32.13.3.rel1.win32_1.0.0.202411081344/tools/bin/../lib/gcc/arm-none-eabi/13.3.1/../../../../arm-none-eabi/lib/thumb/v6-m/nofp\libc_nano.a(libc_a-stdio.o)
                0x080106d0                __sclose
 .text.__swbuf_r
                0x080106dc       0x84 C:/ST/STM32CubeIDE_1.10.1/STM32CubeIDE/plugins/com.st.stm32cube.ide.mcu.externaltools.gnu-tools-for-stm32.13.3.rel1.win32_1.0.0.202411081344/tools/bin/../lib/gcc/arm-none-eabi/13.3.1/../../../../arm-none-eabi/lib/thumb/v6-m/nofp\libc_nano.a(libc_a-wbuf.o)
                0x080106dc                __swbuf_r
 .text.__swsetup_r
                0x08010760       0xbc C:/ST/STM32CubeIDE_1.10.1/STM32CubeIDE/plugins/com.st.stm32cube.ide.mcu.externaltools.gnu-tools-for-stm32.13.3.rel1.win32_1.0.0.202411081344/tools/bin/../lib/gcc/arm-none-eabi/13.3.1/../../../../arm-none-eabi/lib/thumb/v6-m/nofp\libc_nano.a(libc_a-wsetup.o)
                0x08010760                __swsetup_r
 .text.memmove  0x0801081c       0x24 C:/ST/STM32CubeIDE_1.10.1/STM32CubeIDE/plugins/com.st.stm32cube.ide.mcu.externaltools.gnu-tools-for-stm32.13.3.rel1.win32_1.0.0.202411081344/tools/bin/../lib/gcc/arm-none-eabi/13.3.1/../../../../arm-none-eabi/lib/thumb/v6-m/nofp\libc_nano.a(libc_a-memmove.o)
                0x0801081c                memmove
 .text.memset   0x08010840       0x10 C:/ST/STM32CubeIDE_1.10.1/STM32CubeIDE/plugins/com.st.stm32cube.ide.mcu.externaltools.gnu-tools-for-stm32.13.3.rel1.win32_1.0.0.202411081344/tools/bin/../lib/gcc/arm-none-eabi/13.3.1/../../../../arm-none-eabi/lib/thumb/v6-m/nofp\libc_nano.a(libc_a-memset.o)
                0x08010840                memset
 .text.strchr   0x08010850       0x1c C:/ST/STM32CubeIDE_1.10.1/STM32CubeIDE/plugins/com.st.stm32cube.ide.mcu.externaltools.gnu-tools-for-stm32.13.3.rel1.win32_1.0.0.202411081344/tools/bin/../lib/gcc/arm-none-eabi/13.3.1/../../../../arm-none-eabi/lib/thumb/v6-m/nofp\libc_nano.a(libc_a-strchr.o)
                0x08010850                strchr
 .text.strncpy  0x0801086c       0x28 C:/ST/STM32CubeIDE_1.10.1/STM32CubeIDE/plugins/com.st.stm32cube.ide.mcu.externaltools.gnu-tools-for-stm32.13.3.rel1.win32_1.0.0.202411081344/tools/bin/../lib/gcc/arm-none-eabi/13.3.1/../../../../arm-none-eabi/lib/thumb/v6-m/nofp\libc_nano.a(libc_a-strncpy.o)
                0x0801086c                strncpy
 .text.strrchr  0x08010894       0x28 C:/ST/STM32CubeIDE_1.10.1/STM32CubeIDE/plugins/com.st.stm32cube.ide.mcu.externaltools.gnu-tools-for-stm32.13.3.rel1.win32_1.0.0.202411081344/tools/bin/../lib/gcc/arm-none-eabi/13.3.1/../../../../arm-none-eabi/lib/thumb/v6-m/nofp\libc_nano.a(libc_a-strrchr.o)
                0x08010894                strrchr
 .text.strtok   0x080108bc       0x68 C:/ST/STM32CubeIDE_1.10.1/STM32CubeIDE/plugins/com.st.stm32cube.ide.mcu.externaltools.gnu-tools-for-stm32.13.3.rel1.win32_1.0.0.202411081344/tools/bin/../lib/gcc/arm-none-eabi/13.3.1/../../../../arm-none-eabi/lib/thumb/v6-m/nofp\libc_nano.a(libc_a-strtok.o)
                0x080108bc                strtok
 .text.__strtok_r
                0x08010924       0x58 C:/ST/STM32CubeIDE_1.10.1/STM32CubeIDE/plugins/com.st.stm32cube.ide.mcu.externaltools.gnu-tools-for-stm32.13.3.rel1.win32_1.0.0.202411081344/tools/bin/../lib/gcc/arm-none-eabi/13.3.1/../../../../arm-none-eabi/lib/thumb/v6-m/nofp\libc_nano.a(libc_a-strtok_r.o)
                0x08010924                __strtok_r
 .text.strstr   0x0801097c       0x2c C:/ST/STM32CubeIDE_1.10.1/STM32CubeIDE/plugins/com.st.stm32cube.ide.mcu.externaltools.gnu-tools-for-stm32.13.3.rel1.win32_1.0.0.202411081344/tools/bin/../lib/gcc/arm-none-eabi/13.3.1/../../../../arm-none-eabi/lib/thumb/v6-m/nofp\libc_nano.a(libc_a-strstr.o)
                0x0801097c                strstr
 .text.gmtime   0x080109a8       0x3c C:/ST/STM32CubeIDE_1.10.1/STM32CubeIDE/plugins/com.st.stm32cube.ide.mcu.externaltools.gnu-tools-for-stm32.13.3.rel1.win32_1.0.0.202411081344/tools/bin/../lib/gcc/arm-none-eabi/13.3.1/../../../../arm-none-eabi/lib/thumb/v6-m/nofp\libc_nano.a(libc_a-gmtime.o)
                0x080109a8                gmtime
 .text.gmtime_r
                0x080109e4      0x1a8 C:/ST/STM32CubeIDE_1.10.1/STM32CubeIDE/plugins/com.st.stm32cube.ide.mcu.externaltools.gnu-tools-for-stm32.13.3.rel1.win32_1.0.0.202411081344/tools/bin/../lib/gcc/arm-none-eabi/13.3.1/../../../../arm-none-eabi/lib/thumb/v6-m/nofp\libc_nano.a(libc_a-gmtime_r.o)
                0x080109e4                gmtime_r
 .text.validate_structure
                0x08010b8c      0x18c C:/ST/STM32CubeIDE_1.10.1/STM32CubeIDE/plugins/com.st.stm32cube.ide.mcu.externaltools.gnu-tools-for-stm32.13.3.rel1.win32_1.0.0.202411081344/tools/bin/../lib/gcc/arm-none-eabi/13.3.1/../../../../arm-none-eabi/lib/thumb/v6-m/nofp\libc_nano.a(libc_a-mktime.o)
 .text.mktime   0x08010d18      0x3d0 C:/ST/STM32CubeIDE_1.10.1/STM32CubeIDE/plugins/com.st.stm32cube.ide.mcu.externaltools.gnu-tools-for-stm32.13.3.rel1.win32_1.0.0.202411081344/tools/bin/../lib/gcc/arm-none-eabi/13.3.1/../../../../arm-none-eabi/lib/thumb/v6-m/nofp\libc_nano.a(libc_a-mktime.o)
                0x08010d18                mktime
 .text.__tzcalc_limits
                0x080110e8      0x174 C:/ST/STM32CubeIDE_1.10.1/STM32CubeIDE/plugins/com.st.stm32cube.ide.mcu.externaltools.gnu-tools-for-stm32.13.3.rel1.win32_1.0.0.202411081344/tools/bin/../lib/gcc/arm-none-eabi/13.3.1/../../../../arm-none-eabi/lib/thumb/v6-m/nofp\libc_nano.a(libc_a-tzcalc_limits.o)
                0x080110e8                __tzcalc_limits
 .text.__tz_lock
                0x0801125c       0x10 C:/ST/STM32CubeIDE_1.10.1/STM32CubeIDE/plugins/com.st.stm32cube.ide.mcu.externaltools.gnu-tools-for-stm32.13.3.rel1.win32_1.0.0.202411081344/tools/bin/../lib/gcc/arm-none-eabi/13.3.1/../../../../arm-none-eabi/lib/thumb/v6-m/nofp\libc_nano.a(libc_a-tzlock.o)
                0x0801125c                __tz_lock
 .text.__tz_unlock
                0x0801126c       0x10 C:/ST/STM32CubeIDE_1.10.1/STM32CubeIDE/plugins/com.st.stm32cube.ide.mcu.externaltools.gnu-tools-for-stm32.13.3.rel1.win32_1.0.0.202411081344/tools/bin/../lib/gcc/arm-none-eabi/13.3.1/../../../../arm-none-eabi/lib/thumb/v6-m/nofp\libc_nano.a(libc_a-tzlock.o)
                0x0801126c                __tz_unlock
 .text._tzset_unlocked
                0x0801127c       0x10 C:/ST/STM32CubeIDE_1.10.1/STM32CubeIDE/plugins/com.st.stm32cube.ide.mcu.externaltools.gnu-tools-for-stm32.13.3.rel1.win32_1.0.0.202411081344/tools/bin/../lib/gcc/arm-none-eabi/13.3.1/../../../../arm-none-eabi/lib/thumb/v6-m/nofp\libc_nano.a(libc_a-tzset.o)
                0x0801127c                _tzset_unlocked
 .text._tzset_unlocked_r
                0x0801128c      0x43c C:/ST/STM32CubeIDE_1.10.1/STM32CubeIDE/plugins/com.st.stm32cube.ide.mcu.externaltools.gnu-tools-for-stm32.13.3.rel1.win32_1.0.0.202411081344/tools/bin/../lib/gcc/arm-none-eabi/13.3.1/../../../../arm-none-eabi/lib/thumb/v6-m/nofp\libc_nano.a(libc_a-tzset_r.o)
                0x0801128c                _tzset_unlocked_r
 .text._close_r
                0x080116c8       0x24 C:/ST/STM32CubeIDE_1.10.1/STM32CubeIDE/plugins/com.st.stm32cube.ide.mcu.externaltools.gnu-tools-for-stm32.13.3.rel1.win32_1.0.0.202411081344/tools/bin/../lib/gcc/arm-none-eabi/13.3.1/../../../../arm-none-eabi/lib/thumb/v6-m/nofp\libc_nano.a(libc_a-closer.o)
                0x080116c8                _close_r
 .text._lseek_r
                0x080116ec       0x28 C:/ST/STM32CubeIDE_1.10.1/STM32CubeIDE/plugins/com.st.stm32cube.ide.mcu.externaltools.gnu-tools-for-stm32.13.3.rel1.win32_1.0.0.202411081344/tools/bin/../lib/gcc/arm-none-eabi/13.3.1/../../../../arm-none-eabi/lib/thumb/v6-m/nofp\libc_nano.a(libc_a-lseekr.o)
                0x080116ec                _lseek_r
 .text._read_r  0x08011714       0x28 C:/ST/STM32CubeIDE_1.10.1/STM32CubeIDE/plugins/com.st.stm32cube.ide.mcu.externaltools.gnu-tools-for-stm32.13.3.rel1.win32_1.0.0.202411081344/tools/bin/../lib/gcc/arm-none-eabi/13.3.1/../../../../arm-none-eabi/lib/thumb/v6-m/nofp\libc_nano.a(libc_a-readr.o)
                0x08011714                _read_r
 .text._sbrk_r  0x0801173c       0x24 C:/ST/STM32CubeIDE_1.10.1/STM32CubeIDE/plugins/com.st.stm32cube.ide.mcu.externaltools.gnu-tools-for-stm32.13.3.rel1.win32_1.0.0.202411081344/tools/bin/../lib/gcc/arm-none-eabi/13.3.1/../../../../arm-none-eabi/lib/thumb/v6-m/nofp\libc_nano.a(libc_a-sbrkr.o)
                0x0801173c                _sbrk_r
 .text._write_r
                0x08011760       0x28 C:/ST/STM32CubeIDE_1.10.1/STM32CubeIDE/plugins/com.st.stm32cube.ide.mcu.externaltools.gnu-tools-for-stm32.13.3.rel1.win32_1.0.0.202411081344/tools/bin/../lib/gcc/arm-none-eabi/13.3.1/../../../../arm-none-eabi/lib/thumb/v6-m/nofp\libc_nano.a(libc_a-writer.o)
                0x08011760                _write_r
 .text.__errno  0x08011788        0xc C:/ST/STM32CubeIDE_1.10.1/STM32CubeIDE/plugins/com.st.stm32cube.ide.mcu.externaltools.gnu-tools-for-stm32.13.3.rel1.win32_1.0.0.202411081344/tools/bin/../lib/gcc/arm-none-eabi/13.3.1/../../../../arm-none-eabi/lib/thumb/v6-m/nofp\libc_nano.a(libc_a-errno.o)
                0x08011788                __errno
 .text.__libc_init_array
                0x08011794       0x48 C:/ST/STM32CubeIDE_1.10.1/STM32CubeIDE/plugins/com.st.stm32cube.ide.mcu.externaltools.gnu-tools-for-stm32.13.3.rel1.win32_1.0.0.202411081344/tools/bin/../lib/gcc/arm-none-eabi/13.3.1/../../../../arm-none-eabi/lib/thumb/v6-m/nofp\libc_nano.a(libc_a-init.o)
                0x08011794                __libc_init_array
 .text.__retarget_lock_init_recursive
                0x080117dc        0x2 C:/ST/STM32CubeIDE_1.10.1/STM32CubeIDE/plugins/com.st.stm32cube.ide.mcu.externaltools.gnu-tools-for-stm32.13.3.rel1.win32_1.0.0.202411081344/tools/bin/../lib/gcc/arm-none-eabi/13.3.1/../../../../arm-none-eabi/lib/thumb/v6-m/nofp\libc_nano.a(libc_a-lock.o)
                0x080117dc                __retarget_lock_init_recursive
 .text.__retarget_lock_acquire
                0x080117de        0x2 C:/ST/STM32CubeIDE_1.10.1/STM32CubeIDE/plugins/com.st.stm32cube.ide.mcu.externaltools.gnu-tools-for-stm32.13.3.rel1.win32_1.0.0.202411081344/tools/bin/../lib/gcc/arm-none-eabi/13.3.1/../../../../arm-none-eabi/lib/thumb/v6-m/nofp\libc_nano.a(libc_a-lock.o)
                0x080117de                __retarget_lock_acquire
 .text.__retarget_lock_acquire_recursive
                0x080117e0        0x2 C:/ST/STM32CubeIDE_1.10.1/STM32CubeIDE/plugins/com.st.stm32cube.ide.mcu.externaltools.gnu-tools-for-stm32.13.3.rel1.win32_1.0.0.202411081344/tools/bin/../lib/gcc/arm-none-eabi/13.3.1/../../../../arm-none-eabi/lib/thumb/v6-m/nofp\libc_nano.a(libc_a-lock.o)
                0x080117e0                __retarget_lock_acquire_recursive
 .text.__retarget_lock_release
                0x080117e2        0x2 C:/ST/STM32CubeIDE_1.10.1/STM32CubeIDE/plugins/com.st.stm32cube.ide.mcu.externaltools.gnu-tools-for-stm32.13.3.rel1.win32_1.0.0.202411081344/tools/bin/../lib/gcc/arm-none-eabi/13.3.1/../../../../arm-none-eabi/lib/thumb/v6-m/nofp\libc_nano.a(libc_a-lock.o)
                0x080117e2                __retarget_lock_release
 .text.__retarget_lock_release_recursive
                0x080117e4        0x2 C:/ST/STM32CubeIDE_1.10.1/STM32CubeIDE/plugins/com.st.stm32cube.ide.mcu.externaltools.gnu-tools-for-stm32.13.3.rel1.win32_1.0.0.202411081344/tools/bin/../lib/gcc/arm-none-eabi/13.3.1/../../../../arm-none-eabi/lib/thumb/v6-m/nofp\libc_nano.a(libc_a-lock.o)
                0x080117e4                __retarget_lock_release_recursive
 .text.strcpy   0x080117e6       0x10 C:/ST/STM32CubeIDE_1.10.1/STM32CubeIDE/plugins/com.st.stm32cube.ide.mcu.externaltools.gnu-tools-for-stm32.13.3.rel1.win32_1.0.0.202411081344/tools/bin/../lib/gcc/arm-none-eabi/13.3.1/../../../../arm-none-eabi/lib/thumb/v6-m/nofp\libc_nano.a(libc_a-strcpy.o)
                0x080117e6                strcpy
 .text.memcpy   0x080117f6       0x12 C:/ST/STM32CubeIDE_1.10.1/STM32CubeIDE/plugins/com.st.stm32cube.ide.mcu.externaltools.gnu-tools-for-stm32.13.3.rel1.win32_1.0.0.202411081344/tools/bin/../lib/gcc/arm-none-eabi/13.3.1/../../../../arm-none-eabi/lib/thumb/v6-m/nofp\libc_nano.a(libc_a-memcpy-stub.o)
                0x080117f6                memcpy
 .text.abort    0x08011808        0xe C:/ST/STM32CubeIDE_1.10.1/STM32CubeIDE/plugins/com.st.stm32cube.ide.mcu.externaltools.gnu-tools-for-stm32.13.3.rel1.win32_1.0.0.202411081344/tools/bin/../lib/gcc/arm-none-eabi/13.3.1/../../../../arm-none-eabi/lib/thumb/v6-m/nofp\libc_nano.a(libc_a-abort.o)
                0x08011808                abort
 .text.div      0x08011816       0x14 C:/ST/STM32CubeIDE_1.10.1/STM32CubeIDE/plugins/com.st.stm32cube.ide.mcu.externaltools.gnu-tools-for-stm32.13.3.rel1.win32_1.0.0.202411081344/tools/bin/../lib/gcc/arm-none-eabi/13.3.1/../../../../arm-none-eabi/lib/thumb/v6-m/nofp\libc_nano.a(libc_a-div.o)
                0x08011816                div
 *fill*         0x0801182a        0x2 
 .text._free_r  0x0801182c       0x94 C:/ST/STM32CubeIDE_1.10.1/STM32CubeIDE/plugins/com.st.stm32cube.ide.mcu.externaltools.gnu-tools-for-stm32.13.3.rel1.win32_1.0.0.202411081344/tools/bin/../lib/gcc/arm-none-eabi/13.3.1/../../../../arm-none-eabi/lib/thumb/v6-m/nofp\libc_nano.a(libc_a-freer.o)
                0x0801182c                _free_r
 .text._findenv_r