../Drivers/STM32U0xx_HAL_Driver/Src/stm32u0xx_hal_lptim.c:3786:26:LPTIM_WaitForFlag	16	static
../Drivers/STM32U0xx_HAL_Driver/Src/stm32u0xx_hal_lptim.c:537:13:HAL_LPTIM_MspInit	0	static
../Drivers/STM32U0xx_HAL_Driver/Src/stm32u0xx_hal_lptim.c:238:19:HAL_LPTIM_Init	32	static
../Drivers/STM32U0xx_HAL_Driver/Src/stm32u0xx_hal_lptim.c:552:13:HAL_LPTIM_MspDeInit	0	static
../Drivers/STM32U0xx_HAL_Driver/Src/stm32u0xx_hal_lptim.c:419:19:HAL_LPTIM_DeInit	32	static
../Drivers/STM32U0xx_HAL_Driver/Src/stm32u0xx_hal_lptim.c:603:19:HAL_LPTIM_PWM_Start	8	static
../Drivers/STM32U0xx_HAL_Driver/Src/stm32u0xx_hal_lptim.c:650:19:HAL_LPTIM_PWM_Stop	16	static
../Drivers/STM32U0xx_HAL_Driver/Src/stm32u0xx_hal_lptim.c:685:19:HAL_LPTIM_PWM_Start_IT	32	static
../Drivers/STM32U0xx_HAL_Driver/Src/stm32u0xx_hal_lptim.c:781:19:HAL_LPTIM_PWM_Stop_IT	32	static
../Drivers/STM32U0xx_HAL_Driver/Src/stm32u0xx_hal_lptim.c:875:19:HAL_LPTIM_PWM_Start_DMA	32	static
../Drivers/STM32U0xx_HAL_Driver/Src/stm32u0xx_hal_lptim.c:1010:19:HAL_LPTIM_PWM_Stop_DMA	16	static
../Drivers/STM32U0xx_HAL_Driver/Src/stm32u0xx_hal_lptim.c:1071:19:HAL_LPTIM_OnePulse_Start	8	static
../Drivers/STM32U0xx_HAL_Driver/Src/stm32u0xx_hal_lptim.c:1118:19:HAL_LPTIM_OnePulse_Stop	8	static
../Drivers/STM32U0xx_HAL_Driver/Src/stm32u0xx_hal_lptim.c:1153:19:HAL_LPTIM_OnePulse_Start_IT	32	static
../Drivers/STM32U0xx_HAL_Driver/Src/stm32u0xx_hal_lptim.c:1249:19:HAL_LPTIM_OnePulse_Stop_IT	8	static
../Drivers/STM32U0xx_HAL_Driver/Src/stm32u0xx_hal_lptim.c:1340:19:HAL_LPTIM_SetOnce_Start	8	static
../Drivers/STM32U0xx_HAL_Driver/Src/stm32u0xx_hal_lptim.c:1387:19:HAL_LPTIM_SetOnce_Stop	8	static
../Drivers/STM32U0xx_HAL_Driver/Src/stm32u0xx_hal_lptim.c:1422:19:HAL_LPTIM_SetOnce_Start_IT	32	static
../Drivers/STM32U0xx_HAL_Driver/Src/stm32u0xx_hal_lptim.c:1514:19:HAL_LPTIM_SetOnce_Stop_IT	32	static
../Drivers/STM32U0xx_HAL_Driver/Src/stm32u0xx_hal_lptim.c:1595:19:HAL_LPTIM_Encoder_Start	8	static
../Drivers/STM32U0xx_HAL_Driver/Src/stm32u0xx_hal_lptim.c:1641:19:HAL_LPTIM_Encoder_Stop	8	static
../Drivers/STM32U0xx_HAL_Driver/Src/stm32u0xx_hal_lptim.c:1667:19:HAL_LPTIM_Encoder_Start_IT	16	static
../Drivers/STM32U0xx_HAL_Driver/Src/stm32u0xx_hal_lptim.c:1727:19:HAL_LPTIM_Encoder_Stop_IT	24	static
../Drivers/STM32U0xx_HAL_Driver/Src/stm32u0xx_hal_lptim.c:1774:19:HAL_LPTIM_TimeOut_Start	16	static
../Drivers/STM32U0xx_HAL_Driver/Src/stm32u0xx_hal_lptim.c:1816:19:HAL_LPTIM_TimeOut_Stop	8	static
../Drivers/STM32U0xx_HAL_Driver/Src/stm32u0xx_hal_lptim.c:1846:19:HAL_LPTIM_TimeOut_Start_IT	32	static
../Drivers/STM32U0xx_HAL_Driver/Src/stm32u0xx_hal_lptim.c:1900:19:HAL_LPTIM_TimeOut_Stop_IT	24	static
../Drivers/STM32U0xx_HAL_Driver/Src/stm32u0xx_hal_lptim.c:1944:19:HAL_LPTIM_Counter_Start	8	static
../Drivers/STM32U0xx_HAL_Driver/Src/stm32u0xx_hal_lptim.c:1980:19:HAL_LPTIM_Counter_Stop	8	static
../Drivers/STM32U0xx_HAL_Driver/Src/stm32u0xx_hal_lptim.c:2003:19:HAL_LPTIM_Counter_Start_IT	16	static
../Drivers/STM32U0xx_HAL_Driver/Src/stm32u0xx_hal_lptim.c:2051:19:HAL_LPTIM_Counter_Stop_IT	24	static
../Drivers/STM32U0xx_HAL_Driver/Src/stm32u0xx_hal_lptim.c:2099:19:HAL_LPTIM_IC_Start	8	static
../Drivers/STM32U0xx_HAL_Driver/Src/stm32u0xx_hal_lptim.c:2144:19:HAL_LPTIM_IC_Stop	8	static
../Drivers/STM32U0xx_HAL_Driver/Src/stm32u0xx_hal_lptim.c:2180:19:HAL_LPTIM_IC_Start_IT	16	static
../Drivers/STM32U0xx_HAL_Driver/Src/stm32u0xx_hal_lptim.c:2253:19:HAL_LPTIM_IC_Stop_IT	16	static
../Drivers/STM32U0xx_HAL_Driver/Src/stm32u0xx_hal_lptim.c:2319:19:HAL_LPTIM_IC_Start_DMA	32	static
../Drivers/STM32U0xx_HAL_Driver/Src/stm32u0xx_hal_lptim.c:2463:19:HAL_LPTIM_IC_Stop_DMA	16	static
../Drivers/STM32U0xx_HAL_Driver/Src/stm32u0xx_hal_lptim.c:2546:10:HAL_LPTIM_ReadCounter	0	static
../Drivers/STM32U0xx_HAL_Driver/Src/stm32u0xx_hal_lptim.c:2559:10:HAL_LPTIM_ReadAutoReload	0	static
../Drivers/STM32U0xx_HAL_Driver/Src/stm32u0xx_hal_lptim.c:2578:10:HAL_LPTIM_ReadCapturedValue	4	static
../Drivers/STM32U0xx_HAL_Driver/Src/stm32u0xx_hal_lptim.c:2623:9:HAL_LPTIM_IC_GetOffset	8	static
../Drivers/STM32U0xx_HAL_Driver/Src/stm32u0xx_hal_lptim.c:2676:19:HAL_LPTIM_OC_ConfigChannel	24	static
../Drivers/STM32U0xx_HAL_Driver/Src/stm32u0xx_hal_lptim.c:2770:19:HAL_LPTIM_IC_ConfigChannel	12	static
../Drivers/STM32U0xx_HAL_Driver/Src/stm32u0xx_hal_lptim.c:3217:13:HAL_LPTIM_CompareMatchCallback	0	static
../Drivers/STM32U0xx_HAL_Driver/Src/stm32u0xx_hal_lptim.c:3232:13:HAL_LPTIM_AutoReloadMatchCallback	0	static
../Drivers/STM32U0xx_HAL_Driver/Src/stm32u0xx_hal_lptim.c:3247:13:HAL_LPTIM_TriggerCallback	0	static
../Drivers/STM32U0xx_HAL_Driver/Src/stm32u0xx_hal_lptim.c:3262:13:HAL_LPTIM_CompareWriteCallback	0	static
../Drivers/STM32U0xx_HAL_Driver/Src/stm32u0xx_hal_lptim.c:3277:13:HAL_LPTIM_AutoReloadWriteCallback	0	static
../Drivers/STM32U0xx_HAL_Driver/Src/stm32u0xx_hal_lptim.c:3292:13:HAL_LPTIM_DirectionUpCallback	0	static
../Drivers/STM32U0xx_HAL_Driver/Src/stm32u0xx_hal_lptim.c:3307:13:HAL_LPTIM_DirectionDownCallback	0	static
../Drivers/STM32U0xx_HAL_Driver/Src/stm32u0xx_hal_lptim.c:3322:13:HAL_LPTIM_UpdateEventCallback	0	static
../Drivers/STM32U0xx_HAL_Driver/Src/stm32u0xx_hal_lptim.c:3907:6:LPTIM_DMAUpdateEventCplt	8	static
../Drivers/STM32U0xx_HAL_Driver/Src/stm32u0xx_hal_lptim.c:3337:13:HAL_LPTIM_RepCounterWriteCallback	0	static
../Drivers/STM32U0xx_HAL_Driver/Src/stm32u0xx_hal_lptim.c:3352:13:HAL_LPTIM_IC_CaptureCallback	0	static
../Drivers/STM32U0xx_HAL_Driver/Src/stm32u0xx_hal_lptim.c:3825:6:LPTIM_DMACaptureCplt	8	static
../Drivers/STM32U0xx_HAL_Driver/Src/stm32u0xx_hal_lptim.c:3367:13:HAL_LPTIM_IC_OverCaptureCallback	0	static
../Drivers/STM32U0xx_HAL_Driver/Src/stm32u0xx_hal_lptim.c:2863:6:HAL_LPTIM_IRQHandler	16	static
../Drivers/STM32U0xx_HAL_Driver/Src/stm32u0xx_hal_lptim.c:3382:13:HAL_LPTIM_IC_CaptureHalfCpltCallback	0	static
../Drivers/STM32U0xx_HAL_Driver/Src/stm32u0xx_hal_lptim.c:3866:6:LPTIM_DMACaptureHalfCplt	8	static
../Drivers/STM32U0xx_HAL_Driver/Src/stm32u0xx_hal_lptim.c:3397:13:HAL_LPTIM_UpdateEventHalfCpltCallback	0	static
../Drivers/STM32U0xx_HAL_Driver/Src/stm32u0xx_hal_lptim.c:3948:6:LPTIM_DMAUpdateEventHalfCplt	8	static
../Drivers/STM32U0xx_HAL_Driver/Src/stm32u0xx_hal_lptim.c:3412:13:HAL_LPTIM_ErrorCallback	0	static
../Drivers/STM32U0xx_HAL_Driver/Src/stm32u0xx_hal_lptim.c:3807:6:LPTIM_DMAError	8	static
../Drivers/STM32U0xx_HAL_Driver/Src/stm32u0xx_hal_lptim.c:3732:24:HAL_LPTIM_GetState	0	static
