../Drivers/STM32U0xx_HAL_Driver/Src/stm32u0xx_hal.c:204:13:HAL_MspInit	0	static
../Drivers/STM32U0xx_HAL_Driver/Src/stm32u0xx_hal.c:215:13:HAL_MspDeInit	0	static
../Drivers/STM32U0xx_HAL_Driver/Src/stm32u0xx_hal.c:179:19:HAL_DeInit	8	static
../Drivers/STM32U0xx_HAL_Driver/Src/stm32u0xx_hal.c:238:26:HAL_InitTick	16	static
../Drivers/STM32U0xx_HAL_Driver/Src/stm32u0xx_hal.c:142:19:HAL_Init	8	static
../Drivers/STM32U0xx_HAL_Driver/Src/stm32u0xx_hal.c:305:13:HAL_IncTick	0	static
../Drivers/STM32U0xx_HAL_Driver/Src/stm32u0xx_hal.c:316:17:HAL_GetTick	0	static
../Drivers/STM32U0xx_HAL_Driver/Src/stm32u0xx_hal.c:325:10:HAL_GetTickPrio	0	static
../Drivers/STM32U0xx_HAL_Driver/Src/stm32u0xx_hal.c:334:19:HAL_SetTickFreq	16	static
../Drivers/STM32U0xx_HAL_Driver/Src/stm32u0xx_hal.c:365:21:HAL_GetTickFreq	0	static
../Drivers/STM32U0xx_HAL_Driver/Src/stm32u0xx_hal.c:381:13:HAL_Delay	16	static
../Drivers/STM32U0xx_HAL_Driver/Src/stm32u0xx_hal.c:407:13:HAL_SuspendTick	0	static
../Drivers/STM32U0xx_HAL_Driver/Src/stm32u0xx_hal.c:423:13:HAL_ResumeTick	0	static
../Drivers/STM32U0xx_HAL_Driver/Src/stm32u0xx_hal.c:433:10:HAL_GetHalVersion	0	static
../Drivers/STM32U0xx_HAL_Driver/Src/stm32u0xx_hal.c:442:10:HAL_GetREVID	0	static
../Drivers/STM32U0xx_HAL_Driver/Src/stm32u0xx_hal.c:451:10:HAL_GetDEVID	0	static
../Drivers/STM32U0xx_HAL_Driver/Src/stm32u0xx_hal.c:460:10:HAL_GetUIDw0	0	static
../Drivers/STM32U0xx_HAL_Driver/Src/stm32u0xx_hal.c:469:10:HAL_GetUIDw1	0	static
../Drivers/STM32U0xx_HAL_Driver/Src/stm32u0xx_hal.c:478:10:HAL_GetUIDw2	0	static
../Drivers/STM32U0xx_HAL_Driver/Src/stm32u0xx_hal.c:505:6:HAL_DBGMCU_EnableDBGStopMode	0	static
../Drivers/STM32U0xx_HAL_Driver/Src/stm32u0xx_hal.c:514:6:HAL_DBGMCU_DisableDBGStopMode	0	static
../Drivers/STM32U0xx_HAL_Driver/Src/stm32u0xx_hal.c:523:6:HAL_DBGMCU_EnableDBGStandbyMode	0	static
../Drivers/STM32U0xx_HAL_Driver/Src/stm32u0xx_hal.c:532:6:HAL_DBGMCU_DisableDBGStandbyMode	0	static
../Drivers/STM32U0xx_HAL_Driver/Src/stm32u0xx_hal.c:568:6:HAL_SYSCFG_VREFBUF_VoltageScalingConfig	0	static
../Drivers/STM32U0xx_HAL_Driver/Src/stm32u0xx_hal.c:583:6:HAL_SYSCFG_VREFBUF_HighImpedanceConfig	0	static
../Drivers/STM32U0xx_HAL_Driver/Src/stm32u0xx_hal.c:595:6:HAL_SYSCFG_VREFBUF_TrimmingConfig	0	static
../Drivers/STM32U0xx_HAL_Driver/Src/stm32u0xx_hal.c:607:19:HAL_SYSCFG_EnableVREFBUF	16	static
../Drivers/STM32U0xx_HAL_Driver/Src/stm32u0xx_hal.c:633:6:HAL_SYSCFG_DisableVREFBUF	0	static
../Drivers/STM32U0xx_HAL_Driver/Src/stm32u0xx_hal.c:643:6:HAL_SYSCFG_EnableIOAnalogSwitchBooster	0	static
../Drivers/STM32U0xx_HAL_Driver/Src/stm32u0xx_hal.c:652:6:HAL_SYSCFG_DisableIOAnalogSwitchBooster	0	static
../Drivers/STM32U0xx_HAL_Driver/Src/stm32u0xx_hal.c:665:6:HAL_SYSCFG_EnableRemap	0	static
../Drivers/STM32U0xx_HAL_Driver/Src/stm32u0xx_hal.c:680:6:HAL_SYSCFG_DisableRemap	0	static
../Drivers/STM32U0xx_HAL_Driver/Src/stm32u0xx_hal.c:691:6:HAL_SYSCFG_EnableTSCComparatorMode	0	static
../Drivers/STM32U0xx_HAL_Driver/Src/stm32u0xx_hal.c:700:6:HAL_SYSCFG_DisableTSCComparatorMode	0	static
../Drivers/STM32U0xx_HAL_Driver/Src/stm32u0xx_hal.c:712:6:HAL_SYSCFG_SetTSCComparatorModeIO	0	static
../Drivers/STM32U0xx_HAL_Driver/Src/stm32u0xx_hal.c:727:10:HAL_SYSCFG_GetTSCComparatorModeIO	0	static
../Drivers/STM32U0xx_HAL_Driver/Src/stm32u0xx_hal.c:742:6:HAL_SYSCFG_ClearTSCComparatorModeIO	0	static
../Drivers/STM32U0xx_HAL_Driver/Src/stm32u0xx_hal.c:754:6:HAL_SYSCFG_LockSRAM2	0	static
../Drivers/STM32U0xx_HAL_Driver/Src/stm32u0xx_hal.c:764:6:HAL_SYSCFG_UnlockSRAM2	0	static
../Drivers/STM32U0xx_HAL_Driver/Src/stm32u0xx_hal.c:777:6:HAL_SYSCFG_EraseSRAM2	0	static
